
   FAIL  Tests\Unit\Services\ActivityLogServiceTest
  ⨯ log method → it membuat log aktivitas dengan atribut lengkap
  ⨯ log method → it membuat log dengan user_id dari pengguna yang terautentikasi
  ⨯ log method → it membuat log dengan user_name dari pengguna yang terautentikasi
  ⨯ log method → it membuat log dengan role dari pengguna yang terautentikasi
  ⨯ log method → it membuat log dengan ip_address dari request
  ⨯ log method → it membuat log tanpa entity_id dan entity_type (opsional)
  ⨯ log method → it membuat log tanpa old_values dan new_values (opsional)
  ⨯ log method → it membuat log dengan old_values dan new_values untuk update
  ⨯ log method → it menyimpan log ke database
  ⨯ log method → it membuat log dengan created_at timestamp
  ⨯ immutability (log tidak dapat diubah) → it tidak memiliki updated_at timestamp
  ⨯ immutability (log tidak dapat diubah) → it tidak mengubah created_at saat model di-save ulang
  ⨯ immutability (log tidak dapat diubah) → it menyimpan old_values dan new_values sebagai JSON
  ⨯ berbagai jenis action_type → it mencatat login
  ⨯ berbagai jenis action_type → it mencatat logout
  ⨯ berbagai jenis action_type → it mencatat create_patient
  ⨯ berbagai jenis action_type → it mencatat update_patient
  ⨯ berbagai jenis action_type → it mencatat delete_patient
  ⨯ berbagai jenis action_type → it mencatat create_medical_record
  ⨯ berbagai jenis action_type → it mencatat update_medical_record
  ⨯ berbagai jenis action_type → it mencatat export_report
  ⨯ berbagai jenis action_type → it mencatat change_user_access
  ⨯ berbagai jenis action_type → it mencatat unauthorized_access
  ⨯ berbagai jenis action_type → it mencatat auto_logout
  ⨯ relasi dengan User → it memiliki relasi belongsTo dengan User
  ⨯ multiple logs → it dapat membuat multiple log untuk pengguna yang sama
  ⨯ multiple logs → it menyimpan log dalam urutan kronologis

   FAIL  Tests\Unit\Services\NutritionCalculatorServiceTest
  ⨯ calculateZScore → it menghitung z-score untuk bayi laki-laki usia 0 bulan
  ⨯ calculateZScore → it menghitung z-score untuk bayi perempuan usia 0 bulan
  ⨯ calculateZScore → it menghitung z-score untuk balita laki-laki usia 12 bulan
  ⨯ calculateZScore → it menghitung z-score untuk balita perempuan usia 12 bulan
  ⨯ calculateZScore → it menghitung z-score untuk balita laki-laki usia 59 bulan (edge case maksimal)
  ⨯ calculateZScore → it menghitung z-score untuk balita perempuan usia 59 bulan (edge case maksimal)
  ⨯ calculateZScore → it menghitung z-score positif untuk berat badan di atas median
  ⨯ calculateZScore → it menghitung z-score negatif untuk berat badan di bawah median
  ⨯ calculateZScore → it menerima format gender L (Laki-laki)
  ⨯ calculateZScore → it menerima format gender P (Perempuan)
  ⨯ calculateZScore → it menerima format gender M (Male)
  ⨯ calculateZScore → it menerima format gender F (Female)
  ⨯ calculateZScore → it mengembalikan null jika data referensi tidak ditemukan (usia di luar rentang)
  ⨯ calculateZScore → it mengembalikan null jika gender tidak valid
  ⨯ calculateZScore → it membulatkan z-score ke 2 desimal
  ⨯ classifyNutritionStatus → it mengklasifikasikan z-score < -3 sebagai Gizi Buruk/Stunting
  ⨯ classifyNutritionStatus → it mengklasifikasikan z-score -3 sebagai Gizi Kurang
  ⨯ classifyNutritionStatus → it mengklasifikasikan z-score -2.5 sebagai Gizi Kurang
  ⨯ classifyNutritionStatus → it mengklasifikasikan z-score -2 sebagai Normal
  ⨯ classifyNutritionStatus → it mengklasifikasikan z-score 0 sebagai Normal
  ⨯ classifyNutritionStatus → it mengklasifikasikan z-score 2 sebagai Normal
  ⨯ classifyNutritionStatus → it mengklasifikasikan z-score > 2 sebagai Gizi Lebih
  ⨯ classifyNutritionStatus → it mengklasifikasikan null sebagai Tidak Dapat Dihitung
  ⨯ calculate (combined method) → it mengembalikan array dengan z_score dan status
  ⨯ calculate (combined method) → it menghitung z-score dan status yang konsisten
  ⨯ calculate (combined method) → it menangani kasus data referensi tidak ditemukan
  ⨯ deterministic property (sifat deterministik) → it menghasilkan output yang sama untuk input yang sama (property test)
  ⨯ deterministic property (sifat deterministik) → it mengklasifikasikan z-score secara konsisten (property test)
  ⨯ edge cases → it menangani berat badan sangat rendah
  ⨯ edge cases → it menangani berat badan sangat tinggi
  ⨯ edge cases → it menangani usia 0 bulan (edge case minimal)
  ⨯ edge cases → it menangani usia 59 bulan (edge case maksimal)
  ⨯ edge cases → it menangani usia negatif dengan mengembalikan null
  ⨯ edge cases → it menangani usia di atas 59 bulan dengan mengembalikan null
  ⨯ edge cases → it menangani gender dengan huruf kecil
  ⨯ edge cases → it menangani gender dengan spasi

   PASS  Tests\Feature\AdminDashboardTest
  ✓ admin dashboard displays correct statistics for superadmin                                                   1.88s  
  ✓ admin dashboard displays scoped statistics for admin                                                         0.13s  
  ✓ admin dashboard displays balita stunting warning                                                             0.13s  
  ✓ coordinator can see data from all posyandu in their RW                                                       0.15s  

   FAIL  Tests\Feature\Admin\MedicalRecordTest
  ✓ validasi rentang berat badan → it menolak berat badan kurang dari 0.5 kg                                     0.11s  
  ✓ validasi rentang berat badan → it menolak berat badan lebih dari 200 kg                                      0.09s  
  ✓ validasi rentang berat badan → it menerima berat badan 0.5 kg (batas minimal)                                0.08s  
  ✓ validasi rentang berat badan → it menerima berat badan 200 kg (batas maksimal)                               0.08s  
  ✓ validasi rentang berat badan → it menerima berat badan dalam rentang normal                                  0.08s  
  ✓ validasi rentang tinggi badan → it menolak tinggi badan kurang dari 30 cm                                    0.08s  
  ✓ validasi rentang tinggi badan → it menolak tinggi badan lebih dari 300 cm                                    0.09s  
  ✓ validasi rentang tinggi badan → it menerima tinggi badan 30 cm (batas minimal)                               0.08s  
  ✓ validasi rentang tinggi badan → it menerima tinggi badan 300 cm (batas maksimal)                             0.08s  
  ✓ validasi rentang lingkar kepala → it menolak lingkar kepala kurang dari 20 cm                                0.07s  
  ✓ validasi rentang lingkar kepala → it menolak lingkar kepala lebih dari 70 cm                                 0.08s  
  ✓ validasi rentang lingkar kepala → it menerima lingkar kepala 20 cm (batas minimal)                           0.08s  
  ✓ validasi rentang lingkar kepala → it menerima lingkar kepala 70 cm (batas maksimal)                          0.07s  
  ✓ validasi rentang lingkar kepala → it menerima lingkar kepala null (opsional)                                 0.08s  
  ✓ validasi tanggal kunjungan → it menolak tanggal kunjungan di masa depan                                      0.06s  
  ✓ validasi tanggal kunjungan → it menerima tanggal kunjungan hari ini                                          0.07s  
  ✓ validasi tanggal kunjungan → it menerima tanggal kunjungan di masa lalu                                      0.11s  
  ⨯ kalkulasi status gizi otomatis → it menghitung z_score otomatis saat menyimpan rekam medis                   0.09s  
  ⨯ kalkulasi status gizi otomatis → it menghitung nutrition_status otomatis saat menyimpan rekam medis          0.09s  
  ⨯ kalkulasi status gizi otomatis → it mengklasifikasikan status gizi sebagai Normal untuk z-score 0            0.10s  
  ⨯ kalkulasi status gizi otomatis → it mengklasifikasikan status gizi sebagai Gizi Kurang untuk berat rendah    0.09s  
  ⨯ kalkulasi status gizi otomatis → it mengklasifikasikan status gizi sebagai Gizi Buruk/Stunting untuk berat…  0.08s  
  ⨯ kalkulasi status gizi otomatis → it mengklasifikasikan status gizi sebagai Gizi Lebih untuk berat tinggi     0.09s  
  ⨯ kalkulasi status gizi otomatis → it menghitung ulang status gizi saat mengubah rekam medis                   0.08s  
  ✓ field wajib → it memerlukan patient_id                                                                       0.09s  
  ✓ field wajib → it memerlukan visit_date                                                                       0.07s  
  ✓ field wajib → it memerlukan weight                                                                           0.07s  
  ✓ field wajib → it memerlukan height                                                                           0.07s  
  ⨯ log aktivitas → it membuat log aktivitas saat menambahkan rekam medis                                        0.07s  
  ⨯ log aktivitas → it membuat log aktivitas saat mengubah rekam medis                                           0.07s  
  ⨯ otorisasi → it staff dapat menambahkan rekam medis                                                           0.08s  
  ⨯ otorisasi → it admin dapat menambahkan rekam medis                                                           0.07s  
  ⨯ field opsional → it dapat menyimpan rekam medis tanpa head_circumference                                     0.08s  
  ⨯ field opsional → it dapat menyimpan rekam medis tanpa complaint                                              0.07s  
  ⨯ field opsional → it dapat menyimpan rekam medis tanpa diagnosis                                              0.07s  

   FAIL  Tests\Feature\Admin\PatientManagementTest
  ⨯ CRUD pasien - Create → it admin dapat menambahkan pasien baru                                                0.19s  
  ⨯ CRUD pasien - Create → it staff dapat menambahkan pasien baru                                                0.08s  
  ⨯ CRUD pasien - Create → it membuat log aktivitas saat menambahkan pasien                                      0.08s  
  ✓ CRUD pasien - Read → it admin dapat melihat daftar pasien                                                    0.12s  
  ✓ CRUD pasien - Read → it admin dapat melihat detail pasien                                                    0.10s  
  ⨯ CRUD pasien - Update → it admin dapat mengubah data pasien                                                   0.08s  
  ⨯ CRUD pasien - Update → it membuat log aktivitas saat mengubah data pasien                                    0.08s  
  ✓ CRUD pasien - Delete → it admin dapat menghapus pasien                                                       0.08s  
  ✓ CRUD pasien - Delete → it membuat log aktivitas saat menghapus pasien                                        0.07s  
  ✓ validasi NIK 16 digit → it menolak NIK kurang dari 16 digit                                                  0.09s  
  ✓ validasi NIK 16 digit → it menolak NIK lebih dari 16 digit                                                   0.08s  
  ✓ validasi NIK 16 digit → it menolak NIK yang mengandung huruf                                                 0.10s  
  ⨯ validasi NIK 16 digit → it menerima NIK tepat 16 digit angka                                                 0.08s  
  ✓ validasi NIK duplikat → it menolak NIK yang sudah terdaftar dalam posyandu yang sama                         0.07s  
  ✓ validasi NIK duplikat → it menampilkan pesan "NIK sudah terdaftar dalam sistem" untuk NIK duplikat           0.08s  
  ✓ scoping data per posyandu → it admin hanya melihat pasien dari posyandu mereka sendiri                       0.11s  
  ✓ scoping data per posyandu → it admin tidak dapat mengakses pasien dari posyandu lain                         0.09s  
  ⨯ scoping data per posyandu → it admin tidak dapat mengubah pasien dari posyandu lain                          0.09s  
  ✓ scoping data per posyandu → it admin tidak dapat menghapus pasien dari posyandu lain                         0.08s  
  ✓ scoping data per posyandu → it superadmin dapat melihat semua pasien dari semua posyandu                     0.12s  
  ✓ scoping data per posyandu → it superadmin dapat mengakses pasien dari posyandu manapun                       0.11s  
  ⨯ scoping data per posyandu → it mencatat unauthorized_access saat admin mencoba akses pasien posyandu lain    0.08s  
  ⨯ otorisasi per role → it staff dapat menambahkan pasien                                                       0.08s  
  ⨯ otorisasi per role → it staff dapat melihat pasien dari posyandu mereka                                      0.09s  
  ✓ otorisasi per role → it staff tidak dapat mengakses pasien dari posyandu lain                                0.07s  
  ✓ validasi field wajib → it memerlukan NIK                                                                     0.08s  
  ✓ validasi field wajib → it memerlukan nama lengkap                                                            0.09s  
  ✓ validasi field wajib → it memerlukan tanggal lahir                                                           0.07s  
  ✓ validasi field wajib → it memerlukan jenis kelamin                                                           0.09s  
  ✓ validasi field wajib → it memerlukan kategori                                                                0.09s  
  ✓ validasi field wajib → it memerlukan alamat                                                                  0.08s  
  ✓ validasi tanggal lahir → it menolak tanggal lahir di masa depan                                              0.11s  
  ✓ validasi tanggal lahir → it menerima tanggal lahir hari ini                                                  0.09s  

   FAIL  Tests\Feature\Admin\ReportTest
  ✓ akses laporan per role → it superadmin dapat mengakses halaman laporan                                       0.17s  
  ✓ akses laporan per role → it admin dapat mengakses halaman laporan                                            0.10s  
  ⨯ akses laporan per role → it coordinator dapat mengakses halaman laporan                                      0.09s  
  ✓ akses laporan per role → it staff tidak dapat mengakses halaman laporan                                      0.09s  
  ✓ akses laporan per role → it medical tidak dapat mengakses halaman laporan                                    0.09s  
  ✓ ekspor Excel → it dapat mengekspor laporan ke Excel                                                          0.34s  
  ✓ ekspor Excel → it file Excel memiliki ekstensi .xlsx                                                         0.22s  
  ✓ ekspor Excel → it admin menggunakan posyandu sendiri saat ekspor meskipun mengirim posyandu_id lain          0.17s  
  ✓ ekspor Excel → it superadmin dapat mengekspor Excel untuk posyandu tertentu                                  0.15s  
  ✓ ekspor Excel → it staff tidak dapat mengekspor Excel                                                         0.09s  
  ✓ ekspor Excel → it membuat log aktivitas saat ekspor Excel                                                    0.17s  
  ✓ ekspor PDF → it dapat mengekspor laporan ke PDF                                                              0.81s  
  ✓ ekspor PDF → it file PDF memiliki ekstensi .pdf                                                              0.70s  
  ✓ ekspor PDF → it membuat log aktivitas saat ekspor PDF                                                        0.70s  
  ✓ performa ekspor → it ekspor Excel selesai dalam waktu wajar                                                  0.17s  

   PASS  Tests\Feature\Auth\LoginTest
  ✓ login screen can be rendered                                                                                 0.10s  
  ✓ login validation → it memerlukan email                                                                       0.05s  
  ✓ login validation → it memerlukan password                                                                    0.07s  
  ✓ login validation → it memvalidasi format email                                                               0.07s  
  ✓ login behavior → it dapat login dengan kredensial yang valid                                                 0.06s  
  ✓ login behavior → it menolak login dengan email yang tidak valid                                              0.26s  
  ✓ login behavior → it menolak login dengan password yang salah                                                 0.29s  
  ✓ logout behavior → it dapat logout dengan sukses                                                              0.07s  

   FAIL  Tests\Feature\GrowthChartTest
  ⨯ it displays growth chart for balita patient with medical records                                             0.39s  
  ⨯ it shows empty state when patient has no medical records                                                     0.36s  
  ⨯ it displays growth chart on patient detail page for balita                                                   0.25s  
  ✓ it does not display growth chart for non-balita patients                                                     0.10s  
  ⨯ it color codes data points based on nutrition status                                                         0.23s  

   FAIL  Tests\Feature\MedicalRecordNutritionCalculationTest
  ⨯ medical record automatically calculates nutrition status for balita on store                                 0.11s  
  ⨯ medical record recalculates nutrition status when weight changes on update                                   0.08s  
  ⨯ medical record calculates nutrition trend by comparing with previous record                                  0.09s  
  ⨯ medical record does not calculate nutrition status for non-balita categories                                 0.10s  
  ⨯ calculateNutritionTrend returns correct trend values                                                         0.06s  

   FAIL  Tests\Feature\Public\PublicPageTest
  ⨯ akses halaman publik tanpa login → it dapat mengakses halaman beranda tanpa login
  ⨯ akses halaman publik tanpa login → it dapat mengakses halaman tentang kami tanpa login
  ⨯ akses halaman publik tanpa login → it dapat mengakses halaman kontak tanpa login
  ⨯ akses halaman publik tanpa login → it dapat mengakses halaman daftar artikel tanpa login
  ⨯ akses halaman publik tanpa login → it dapat mengakses halaman detail artikel tanpa login
  ⨯ konten halaman beranda → it menampilkan profil singkat posyandu
  ⨯ konten halaman beranda → it menampilkan jadwal kegiatan terdekat
  ⨯ konten halaman beranda → it menampilkan artikel kesehatan terbaru
  ⨯ konten halaman beranda → it tidak menampilkan lebih dari 3 jadwal terdekat
  ⨯ konten halaman beranda → it tidak menampilkan lebih dari 3 artikel terbaru
  ⨯ konten halaman tentang kami → it menampilkan informasi profil posyandu
  ⨯ konten halaman tentang kami → it menampilkan visi dan misi
  ⨯ konten halaman kontak → it menampilkan informasi kontak posyandu
  ⨯ halaman artikel → it menampilkan daftar artikel yang dipublikasikan
  ⨯ halaman artikel → it tidak menampilkan artikel yang belum dipublikasikan
  ⨯ halaman artikel → it dapat membuka detail artikel
  ⨯ halaman artikel → it menampilkan 404 untuk artikel yang tidak ada
  ⨯ privasi data - tidak menampilkan data pribadi sasaran → it halaman beranda tidak menampilkan NIK pasien
  ⨯ privasi data - tidak menampilkan data pribadi sasaran → it halaman beranda tidak menampilkan nama lengkap pasien
  ⨯ privasi data - tidak menampilkan data pribadi sasaran → it halaman beranda tidak menampilkan alamat lengkap pasien
  ⨯ privasi data - tidak menampilkan data pribadi sasaran → it halaman beranda tidak menampilkan nomor telepon pasien
  ⨯ privasi data - tidak menampilkan data pribadi sasaran → it halaman tentang kami tidak menampilkan data pribadi pasien
  ⨯ privasi data - tidak menampilkan data pribadi sasaran → it halaman kontak tidak menampilkan data pribadi pasien
  ⨯ privasi data - tidak menampilkan data pribadi sasaran → it halaman artikel tidak menampilkan data pribadi pasien
  ⨯ privasi data - tidak menampilkan data pribadi sasaran → it detail artikel tidak menampilkan data pribadi pasien
  ⨯ redirect untuk halaman admin → it redirect ke login saat mengakses halaman admin tanpa login
  ⨯ redirect untuk halaman admin → it redirect ke login saat mengakses dashboard tanpa login
  ⨯ redirect untuk halaman admin → it redirect ke login saat mengakses medical records tanpa login
  ⨯ redirect untuk halaman admin → it redirect ke login saat mengakses reports tanpa login
  ⨯ redirect untuk halaman admin → it redirect ke login saat mengakses activity logs tanpa login
  ⨯ navigasi publik → it halaman beranda memiliki link ke halaman lain
  ⨯ navigasi publik → it dapat navigasi dari beranda ke tentang kami
  ⨯ navigasi publik → it dapat navigasi dari beranda ke kontak
  ⨯ navigasi publik → it dapat navigasi dari beranda ke artikel
  ⨯ responsivitas halaman publik → it halaman beranda dapat diakses dengan user agent mobile
  ⨯ responsivitas halaman publik → it halaman artikel dapat diakses dengan user agent mobile
  ⨯ SEO dan metadata → it halaman beranda memiliki title tag
  ⨯ SEO dan metadata → it halaman artikel memiliki title tag
  ⨯ SEO dan metadata → it detail artikel memiliki title dengan judul artikel
  ⨯ keamanan halaman publik → it halaman publik tidak mengekspos route admin
  ⨯ keamanan halaman publik → it halaman publik tidak mengekspos informasi sensitif sistem
  ⨯ error handling → it menampilkan 404 untuk halaman yang tidak ada
  ⨯ error handling → it menampilkan 404 untuk artikel yang tidak ada
  ────────────────────────────────────────────────────────────────────────────────────────────────────────────────────  
   FAILED  Tests\Unit\Services\ActivityLogServiceTest > `log method` → it membuat log aktivitas de…  RuntimeException   
  A facade root has not been set.

  at vendor\laravel\framework\src\Illuminate\Support\Facades\Facade.php:358
    354▕     {
    355▕         $instance = static::getFacadeRoot();
    356▕ 
    357▕         if (! $instance) {
  ➜ 358▕             throw new RuntimeException('A facade root has not been set.');
    359▕         }
    360▕ 
    361▕         return $instance->$method(...$args);
    362▕     }

  1   vendor\laravel\framework\src\Illuminate\Support\Facades\Facade.php:358
  2   database\factories\UserFactory.php:31

  ────────────────────────────────────────────────────────────────────────────────────────────────────────────────────  
   FAILED  Tests\Unit\Services\ActivityLogServiceTest > `log method` → it membuat log dengan user_…  RuntimeException   
  A facade root has not been set.

  at vendor\laravel\framework\src\Illuminate\Support\Facades\Facade.php:358
    354▕     {
    355▕         $instance = static::getFacadeRoot();
    356▕ 
    357▕         if (! $instance) {
  ➜ 358▕             throw new RuntimeException('A facade root has not been set.');
    359▕         }
    360▕ 
    361▕         return $instance->$method(...$args);
    362▕     }

  1   vendor\laravel\framework\src\Illuminate\Support\Facades\Facade.php:358
  2   database\factories\UserFactory.php:31

  ────────────────────────────────────────────────────────────────────────────────────────────────────────────────────  
   FAILED  Tests\Unit\Services\ActivityLogServiceTest > `log method` → it membuat log dengan user_…  RuntimeException   
  A facade root has not been set.

  at vendor\laravel\framework\src\Illuminate\Support\Facades\Facade.php:358
    354▕     {
    355▕         $instance = static::getFacadeRoot();
    356▕ 
    357▕         if (! $instance) {
  ➜ 358▕             throw new RuntimeException('A facade root has not been set.');
    359▕         }
    360▕ 
    361▕         return $instance->$method(...$args);
    362▕     }

  1   vendor\laravel\framework\src\Illuminate\Support\Facades\Facade.php:358
  2   database\factories\UserFactory.php:31

  ────────────────────────────────────────────────────────────────────────────────────────────────────────────────────  
   FAILED  Tests\Unit\Services\ActivityLogServiceTest > `log method` → it membuat log dengan role…   RuntimeException   
  A facade root has not been set.

  at vendor\laravel\framework\src\Illuminate\Support\Facades\Facade.php:358
    354▕     {
    355▕         $instance = static::getFacadeRoot();
    356▕ 
    357▕         if (! $instance) {
  ➜ 358▕             throw new RuntimeException('A facade root has not been set.');
    359▕         }
    360▕ 
    361▕         return $instance->$method(...$args);
    362▕     }

  1   vendor\laravel\framework\src\Illuminate\Support\Facades\Facade.php:358
  2   database\factories\UserFactory.php:31

  ────────────────────────────────────────────────────────────────────────────────────────────────────────────────────  
   FAILED  Tests\Unit\Services\ActivityLogServiceTest > `log method` → it membuat log dengan ip_ad…  RuntimeException   
  A facade root has not been set.

  at vendor\laravel\framework\src\Illuminate\Support\Facades\Facade.php:358
    354▕     {
    355▕         $instance = static::getFacadeRoot();
    356▕ 
    357▕         if (! $instance) {
  ➜ 358▕             throw new RuntimeException('A facade root has not been set.');
    359▕         }
    360▕ 
    361▕         return $instance->$method(...$args);
    362▕     }

  1   vendor\laravel\framework\src\Illuminate\Support\Facades\Facade.php:358
  2   database\factories\UserFactory.php:31

  ────────────────────────────────────────────────────────────────────────────────────────────────────────────────────  
   FAILED  Tests\Unit\Services\ActivityLogServiceTest > `log method` → it membuat log tanpa entity…  RuntimeException   
  A facade root has not been set.

  at vendor\laravel\framework\src\Illuminate\Support\Facades\Facade.php:358
    354▕     {
    355▕         $instance = static::getFacadeRoot();
    356▕ 
    357▕         if (! $instance) {
  ➜ 358▕             throw new RuntimeException('A facade root has not been set.');
    359▕         }
    360▕ 
    361▕         return $instance->$method(...$args);
    362▕     }

  1   vendor\laravel\framework\src\Illuminate\Support\Facades\Facade.php:358
  2   database\factories\UserFactory.php:31

  ────────────────────────────────────────────────────────────────────────────────────────────────────────────────────  
   FAILED  Tests\Unit\Services\ActivityLogServiceTest > `log method` → it membuat log tanpa old_va…  RuntimeException   
  A facade root has not been set.

  at vendor\laravel\framework\src\Illuminate\Support\Facades\Facade.php:358
    354▕     {
    355▕         $instance = static::getFacadeRoot();
    356▕ 
    357▕         if (! $instance) {
  ➜ 358▕             throw new RuntimeException('A facade root has not been set.');
    359▕         }
    360▕ 
    361▕         return $instance->$method(...$args);
    362▕     }

  1   vendor\laravel\framework\src\Illuminate\Support\Facades\Facade.php:358
  2   database\factories\UserFactory.php:31

  ────────────────────────────────────────────────────────────────────────────────────────────────────────────────────  
   FAILED  Tests\Unit\Services\ActivityLogServiceTest > `log method` → it membuat log dengan old_v…  RuntimeException   
  A facade root has not been set.

  at vendor\laravel\framework\src\Illuminate\Support\Facades\Facade.php:358
    354▕     {
    355▕         $instance = static::getFacadeRoot();
    356▕ 
    357▕         if (! $instance) {
  ➜ 358▕             throw new RuntimeException('A facade root has not been set.');
    359▕         }
    360▕ 
    361▕         return $instance->$method(...$args);
    362▕     }

  1   vendor\laravel\framework\src\Illuminate\Support\Facades\Facade.php:358
  2   database\factories\UserFactory.php:31

  ────────────────────────────────────────────────────────────────────────────────────────────────────────────────────  
   FAILED  Tests\Unit\Services\ActivityLogServiceTest > `log method` → it menyimpan log ke databas…  RuntimeException   
  A facade root has not been set.

  at vendor\laravel\framework\src\Illuminate\Support\Facades\Facade.php:358
    354▕     {
    355▕         $instance = static::getFacadeRoot();
    356▕ 
    357▕         if (! $instance) {
  ➜ 358▕             throw new RuntimeException('A facade root has not been set.');
    359▕         }
    360▕ 
    361▕         return $instance->$method(...$args);
    362▕     }

  1   vendor\laravel\framework\src\Illuminate\Support\Facades\Facade.php:358
  2   database\factories\UserFactory.php:31

  ────────────────────────────────────────────────────────────────────────────────────────────────────────────────────  
   FAILED  Tests\Unit\Services\ActivityLogServiceTest > `log method` → it membuat log dengan creat…  RuntimeException   
  A facade root has not been set.

  at vendor\laravel\framework\src\Illuminate\Support\Facades\Facade.php:358
    354▕     {
    355▕         $instance = static::getFacadeRoot();
    356▕ 
    357▕         if (! $instance) {
  ➜ 358▕             throw new RuntimeException('A facade root has not been set.');
    359▕         }
    360▕ 
    361▕         return $instance->$method(...$args);
    362▕     }

  1   vendor\laravel\framework\src\Illuminate\Support\Facades\Facade.php:358
  2   database\factories\UserFactory.php:31

  ────────────────────────────────────────────────────────────────────────────────────────────────────────────────────  
   FAILED  Tests\Unit\Services\ActivityLogServiceTest > `immutability (log tidak dapat diubah)` →…   RuntimeException   
  A facade root has not been set.

  at vendor\laravel\framework\src\Illuminate\Support\Facades\Facade.php:358
    354▕     {
    355▕         $instance = static::getFacadeRoot();
    356▕ 
    357▕         if (! $instance) {
  ➜ 358▕             throw new RuntimeException('A facade root has not been set.');
    359▕         }
    360▕ 
    361▕         return $instance->$method(...$args);
    362▕     }

  1   vendor\laravel\framework\src\Illuminate\Support\Facades\Facade.php:358
  2   database\factories\UserFactory.php:31

  ────────────────────────────────────────────────────────────────────────────────────────────────────────────────────  
   FAILED  Tests\Unit\Services\ActivityLogServiceTest > `immutability (log tidak dapat diubah)` →…   RuntimeException   
  A facade root has not been set.

  at vendor\laravel\framework\src\Illuminate\Support\Facades\Facade.php:358
    354▕     {
    355▕         $instance = static::getFacadeRoot();
    356▕ 
    357▕         if (! $instance) {
  ➜ 358▕             throw new RuntimeException('A facade root has not been set.');
    359▕         }
    360▕ 
    361▕         return $instance->$method(...$args);
    362▕     }

  1   vendor\laravel\framework\src\Illuminate\Support\Facades\Facade.php:358
  2   database\factories\UserFactory.php:31

  ────────────────────────────────────────────────────────────────────────────────────────────────────────────────────  
   FAILED  Tests\Unit\Services\ActivityLogServiceTest > `immutability (log tidak dapat diubah)` →…   RuntimeException   
  A facade root has not been set.

  at vendor\laravel\framework\src\Illuminate\Support\Facades\Facade.php:358
    354▕     {
    355▕         $instance = static::getFacadeRoot();
    356▕ 
    357▕         if (! $instance) {
  ➜ 358▕             throw new RuntimeException('A facade root has not been set.');
    359▕         }
    360▕ 
    361▕         return $instance->$method(...$args);
    362▕     }

  1   vendor\laravel\framework\src\Illuminate\Support\Facades\Facade.php:358
  2   database\factories\UserFactory.php:31

  ────────────────────────────────────────────────────────────────────────────────────────────────────────────────────  
   FAILED  Tests\Unit\Services\ActivityLogServiceTest > `berbagai jenis action_type` → it mencatat…  RuntimeException   
  A facade root has not been set.

  at vendor\laravel\framework\src\Illuminate\Support\Facades\Facade.php:358
    354▕     {
    355▕         $instance = static::getFacadeRoot();
    356▕ 
    357▕         if (! $instance) {
  ➜ 358▕             throw new RuntimeException('A facade root has not been set.');
    359▕         }
    360▕ 
    361▕         return $instance->$method(...$args);
    362▕     }

  1   vendor\laravel\framework\src\Illuminate\Support\Facades\Facade.php:358
  2   database\factories\UserFactory.php:31

  ────────────────────────────────────────────────────────────────────────────────────────────────────────────────────  
   FAILED  Tests\Unit\Services\ActivityLogServiceTest > `berbagai jenis action_type` → it mencatat…  RuntimeException   
  A facade root has not been set.

  at vendor\laravel\framework\src\Illuminate\Support\Facades\Facade.php:358
    354▕     {
    355▕         $instance = static::getFacadeRoot();
    356▕ 
    357▕         if (! $instance) {
  ➜ 358▕             throw new RuntimeException('A facade root has not been set.');
    359▕         }
    360▕ 
    361▕         return $instance->$method(...$args);
    362▕     }

  1   vendor\laravel\framework\src\Illuminate\Support\Facades\Facade.php:358
  2   database\factories\UserFactory.php:31

  ────────────────────────────────────────────────────────────────────────────────────────────────────────────────────  
   FAILED  Tests\Unit\Services\ActivityLogServiceTest > `berbagai jenis action_type` → it mencatat…  RuntimeException   
  A facade root has not been set.

  at vendor\laravel\framework\src\Illuminate\Support\Facades\Facade.php:358
    354▕     {
    355▕         $instance = static::getFacadeRoot();
    356▕ 
    357▕         if (! $instance) {
  ➜ 358▕             throw new RuntimeException('A facade root has not been set.');
    359▕         }
    360▕ 
    361▕         return $instance->$method(...$args);
    362▕     }

  1   vendor\laravel\framework\src\Illuminate\Support\Facades\Facade.php:358
  2   database\factories\UserFactory.php:31

  ────────────────────────────────────────────────────────────────────────────────────────────────────────────────────  
   FAILED  Tests\Unit\Services\ActivityLogServiceTest > `berbagai jenis action_type` → it mencatat…  RuntimeException   
  A facade root has not been set.

  at vendor\laravel\framework\src\Illuminate\Support\Facades\Facade.php:358
    354▕     {
    355▕         $instance = static::getFacadeRoot();
    356▕ 
    357▕         if (! $instance) {
  ➜ 358▕             throw new RuntimeException('A facade root has not been set.');
    359▕         }
    360▕ 
    361▕         return $instance->$method(...$args);
    362▕     }

  1   vendor\laravel\framework\src\Illuminate\Support\Facades\Facade.php:358
  2   database\factories\UserFactory.php:31

  ────────────────────────────────────────────────────────────────────────────────────────────────────────────────────  
   FAILED  Tests\Unit\Services\ActivityLogServiceTest > `berbagai jenis action_type` → it mencatat…  RuntimeException   
  A facade root has not been set.

  at vendor\laravel\framework\src\Illuminate\Support\Facades\Facade.php:358
    354▕     {
    355▕         $instance = static::getFacadeRoot();
    356▕ 
    357▕         if (! $instance) {
  ➜ 358▕             throw new RuntimeException('A facade root has not been set.');
    359▕         }
    360▕ 
    361▕         return $instance->$method(...$args);
    362▕     }

  1   vendor\laravel\framework\src\Illuminate\Support\Facades\Facade.php:358
  2   database\factories\UserFactory.php:31

  ────────────────────────────────────────────────────────────────────────────────────────────────────────────────────  
   FAILED  Tests\Unit\Services\ActivityLogServiceTest > `berbagai jenis action_type` → it mencatat…  RuntimeException   
  A facade root has not been set.

  at vendor\laravel\framework\src\Illuminate\Support\Facades\Facade.php:358
    354▕     {
    355▕         $instance = static::getFacadeRoot();
    356▕ 
    357▕         if (! $instance) {
  ➜ 358▕             throw new RuntimeException('A facade root has not been set.');
    359▕         }
    360▕ 
    361▕         return $instance->$method(...$args);
    362▕     }

  1   vendor\laravel\framework\src\Illuminate\Support\Facades\Facade.php:358
  2   database\factories\UserFactory.php:31

  ────────────────────────────────────────────────────────────────────────────────────────────────────────────────────  
   FAILED  Tests\Unit\Services\ActivityLogServiceTest > `berbagai jenis action_type` → it mencatat…  RuntimeException   
  A facade root has not been set.

  at vendor\laravel\framework\src\Illuminate\Support\Facades\Facade.php:358
    354▕     {
    355▕         $instance = static::getFacadeRoot();
    356▕ 
    357▕         if (! $instance) {
  ➜ 358▕             throw new RuntimeException('A facade root has not been set.');
    359▕         }
    360▕ 
    361▕         return $instance->$method(...$args);
    362▕     }

  1   vendor\laravel\framework\src\Illuminate\Support\Facades\Facade.php:358
  2   database\factories\UserFactory.php:31

  ────────────────────────────────────────────────────────────────────────────────────────────────────────────────────  
   FAILED  Tests\Unit\Services\ActivityLogServiceTest > `berbagai jenis action_type` → it mencatat…  RuntimeException   
  A facade root has not been set.

  at vendor\laravel\framework\src\Illuminate\Support\Facades\Facade.php:358
    354▕     {
    355▕         $instance = static::getFacadeRoot();
    356▕ 
    357▕         if (! $instance) {
  ➜ 358▕             throw new RuntimeException('A facade root has not been set.');
    359▕         }
    360▕ 
    361▕         return $instance->$method(...$args);
    362▕     }

  1   vendor\laravel\framework\src\Illuminate\Support\Facades\Facade.php:358
  2   database\factories\UserFactory.php:31

  ────────────────────────────────────────────────────────────────────────────────────────────────────────────────────  
   FAILED  Tests\Unit\Services\ActivityLogServiceTest > `berbagai jenis action_type` → it mencatat…  RuntimeException   
  A facade root has not been set.

  at vendor\laravel\framework\src\Illuminate\Support\Facades\Facade.php:358
    354▕     {
    355▕         $instance = static::getFacadeRoot();
    356▕ 
    357▕         if (! $instance) {
  ➜ 358▕             throw new RuntimeException('A facade root has not been set.');
    359▕         }
    360▕ 
    361▕         return $instance->$method(...$args);
    362▕     }

  1   vendor\laravel\framework\src\Illuminate\Support\Facades\Facade.php:358
  2   database\factories\UserFactory.php:31

  ────────────────────────────────────────────────────────────────────────────────────────────────────────────────────  
   FAILED  Tests\Unit\Services\ActivityLogServiceTest > `berbagai jenis action_type` → it mencatat…  RuntimeException   
  A facade root has not been set.

  at vendor\laravel\framework\src\Illuminate\Support\Facades\Facade.php:358
    354▕     {
    355▕         $instance = static::getFacadeRoot();
    356▕ 
    357▕         if (! $instance) {
  ➜ 358▕             throw new RuntimeException('A facade root has not been set.');
    359▕         }
    360▕ 
    361▕         return $instance->$method(...$args);
    362▕     }

  1   vendor\laravel\framework\src\Illuminate\Support\Facades\Facade.php:358
  2   database\factories\UserFactory.php:31

  ────────────────────────────────────────────────────────────────────────────────────────────────────────────────────  
   FAILED  Tests\Unit\Services\ActivityLogServiceTest > `berbagai jenis action_type` → it mencatat…  RuntimeException   
  A facade root has not been set.

  at vendor\laravel\framework\src\Illuminate\Support\Facades\Facade.php:358
    354▕     {
    355▕         $instance = static::getFacadeRoot();
    356▕ 
    357▕         if (! $instance) {
  ➜ 358▕             throw new RuntimeException('A facade root has not been set.');
    359▕         }
    360▕ 
    361▕         return $instance->$method(...$args);
    362▕     }

  1   vendor\laravel\framework\src\Illuminate\Support\Facades\Facade.php:358
  2   database\factories\UserFactory.php:31

  ────────────────────────────────────────────────────────────────────────────────────────────────────────────────────  
   FAILED  Tests\Unit\Services\ActivityLogServiceTest > `relasi dengan User` → it memiliki relasi…   RuntimeException   
  A facade root has not been set.

  at vendor\laravel\framework\src\Illuminate\Support\Facades\Facade.php:358
    354▕     {
    355▕         $instance = static::getFacadeRoot();
    356▕ 
    357▕         if (! $instance) {
  ➜ 358▕             throw new RuntimeException('A facade root has not been set.');
    359▕         }
    360▕ 
    361▕         return $instance->$method(...$args);
    362▕     }

  1   vendor\laravel\framework\src\Illuminate\Support\Facades\Facade.php:358
  2   database\factories\UserFactory.php:31

  ────────────────────────────────────────────────────────────────────────────────────────────────────────────────────  
   FAILED  Tests\Unit\Services\ActivityLogServiceTest > `multiple logs` → it dapat membuat multipl…  RuntimeException   
  A facade root has not been set.

  at vendor\laravel\framework\src\Illuminate\Support\Facades\Facade.php:358
    354▕     {
    355▕         $instance = static::getFacadeRoot();
    356▕ 
    357▕         if (! $instance) {
  ➜ 358▕             throw new RuntimeException('A facade root has not been set.');
    359▕         }
    360▕ 
    361▕         return $instance->$method(...$args);
    362▕     }

  1   vendor\laravel\framework\src\Illuminate\Support\Facades\Facade.php:358
  2   database\factories\UserFactory.php:31

  ────────────────────────────────────────────────────────────────────────────────────────────────────────────────────  
   FAILED  Tests\Unit\Services\ActivityLogServiceTest > `multiple logs` → it menyimpan log dalam u…  RuntimeException   
  A facade root has not been set.

  at vendor\laravel\framework\src\Illuminate\Support\Facades\Facade.php:358
    354▕     {
    355▕         $instance = static::getFacadeRoot();
    356▕ 
    357▕         if (! $instance) {
  ➜ 358▕             throw new RuntimeException('A facade root has not been set.');
    359▕         }
    360▕ 
    361▕         return $instance->$method(...$args);
    362▕     }

  1   vendor\laravel\framework\src\Illuminate\Support\Facades\Facade.php:358
  2   database\factories\UserFactory.php:31

  ────────────────────────────────────────────────────────────────────────────────────────────────────────────────────  
   FAILED  Tests\Unit\Services\NutritionCalculatorServiceTest > `calculateZScore` → it menghitung z-score unt…  Error   
  Call to a member function connection() on null

  at vendor\laravel\framework\src\Illuminate\Database\Eloquent\Model.php:1958
    1954▕      * @return \Illuminate\Database\Connection
    1955▕      */
    1956▕     public static function resolveConnection($connection = null)
    1957▕     {
  ➜ 1958▕         return static::$resolver->connection($connection);
    1959▕     }
    1960▕ 
    1961▕     /**
    1962▕      * Get the connection resolver instance.

  1   vendor\laravel\framework\src\Illuminate\Database\Eloquent\Model.php:1958
  2   vendor\laravel\framework\src\Illuminate\Database\Eloquent\Model.php:1924

  ────────────────────────────────────────────────────────────────────────────────────────────────────────────────────  
   FAILED  Tests\Unit\Services\NutritionCalculatorServiceTest > `calculateZScore` → it menghitung z-score unt…  Error   
  Call to a member function connection() on null

  at vendor\laravel\framework\src\Illuminate\Database\Eloquent\Model.php:1958
    1954▕      * @return \Illuminate\Database\Connection
    1955▕      */
    1956▕     public static function resolveConnection($connection = null)
    1957▕     {
  ➜ 1958▕         return static::$resolver->connection($connection);
    1959▕     }
    1960▕ 
    1961▕     /**
    1962▕      * Get the connection resolver instance.

  1   vendor\laravel\framework\src\Illuminate\Database\Eloquent\Model.php:1958
  2   vendor\laravel\framework\src\Illuminate\Database\Eloquent\Model.php:1924

  ────────────────────────────────────────────────────────────────────────────────────────────────────────────────────  
   FAILED  Tests\Unit\Services\NutritionCalculatorServiceTest > `calculateZScore` → it menghitung z-score unt…  Error   
  Call to a member function connection() on null

  at vendor\laravel\framework\src\Illuminate\Database\Eloquent\Model.php:1958
    1954▕      * @return \Illuminate\Database\Connection
    1955▕      */
    1956▕     public static function resolveConnection($connection = null)
    1957▕     {
  ➜ 1958▕         return static::$resolver->connection($connection);
    1959▕     }
    1960▕ 
    1961▕     /**
    1962▕      * Get the connection resolver instance.

  1   vendor\laravel\framework\src\Illuminate\Database\Eloquent\Model.php:1958
  2   vendor\laravel\framework\src\Illuminate\Database\Eloquent\Model.php:1924

  ────────────────────────────────────────────────────────────────────────────────────────────────────────────────────  
   FAILED  Tests\Unit\Services\NutritionCalculatorServiceTest > `calculateZScore` → it menghitung z-score unt…  Error   
  Call to a member function connection() on null

  at vendor\laravel\framework\src\Illuminate\Database\Eloquent\Model.php:1958
    1954▕      * @return \Illuminate\Database\Connection
    1955▕      */
    1956▕     public static function resolveConnection($connection = null)
    1957▕     {
  ➜ 1958▕         return static::$resolver->connection($connection);
    1959▕     }
    1960▕ 
    1961▕     /**
    1962▕      * Get the connection resolver instance.

  1   vendor\laravel\framework\src\Illuminate\Database\Eloquent\Model.php:1958
  2   vendor\laravel\framework\src\Illuminate\Database\Eloquent\Model.php:1924

  ────────────────────────────────────────────────────────────────────────────────────────────────────────────────────  
   FAILED  Tests\Unit\Services\NutritionCalculatorServiceTest > `calculateZScore` → it menghitung z-score unt…  Error   
  Call to a member function connection() on null

  at vendor\laravel\framework\src\Illuminate\Database\Eloquent\Model.php:1958
    1954▕      * @return \Illuminate\Database\Connection
    1955▕      */
    1956▕     public static function resolveConnection($connection = null)
    1957▕     {
  ➜ 1958▕         return static::$resolver->connection($connection);
    1959▕     }
    1960▕ 
    1961▕     /**
    1962▕      * Get the connection resolver instance.

  1   vendor\laravel\framework\src\Illuminate\Database\Eloquent\Model.php:1958
  2   vendor\laravel\framework\src\Illuminate\Database\Eloquent\Model.php:1924

  ────────────────────────────────────────────────────────────────────────────────────────────────────────────────────  
   FAILED  Tests\Unit\Services\NutritionCalculatorServiceTest > `calculateZScore` → it menghitung z-score unt…  Error   
  Call to a member function connection() on null

  at vendor\laravel\framework\src\Illuminate\Database\Eloquent\Model.php:1958
    1954▕      * @return \Illuminate\Database\Connection
    1955▕      */
    1956▕     public static function resolveConnection($connection = null)
    1957▕     {
  ➜ 1958▕         return static::$resolver->connection($connection);
    1959▕     }
    1960▕ 
    1961▕     /**
    1962▕      * Get the connection resolver instance.

  1   vendor\laravel\framework\src\Illuminate\Database\Eloquent\Model.php:1958
  2   vendor\laravel\framework\src\Illuminate\Database\Eloquent\Model.php:1924

  ────────────────────────────────────────────────────────────────────────────────────────────────────────────────────  
   FAILED  Tests\Unit\Services\NutritionCalculatorServiceTest > `calculateZScore` → it menghitung z-score pos…  Error   
  Call to a member function connection() on null

  at vendor\laravel\framework\src\Illuminate\Database\Eloquent\Model.php:1958
    1954▕      * @return \Illuminate\Database\Connection
    1955▕      */
    1956▕     public static function resolveConnection($connection = null)
    1957▕     {
  ➜ 1958▕         return static::$resolver->connection($connection);
    1959▕     }
    1960▕ 
    1961▕     /**
    1962▕      * Get the connection resolver instance.

  1   vendor\laravel\framework\src\Illuminate\Database\Eloquent\Model.php:1958
  2   vendor\laravel\framework\src\Illuminate\Database\Eloquent\Model.php:1924

  ────────────────────────────────────────────────────────────────────────────────────────────────────────────────────  
   FAILED  Tests\Unit\Services\NutritionCalculatorServiceTest > `calculateZScore` → it menghitung z-score neg…  Error   
  Call to a member function connection() on null

  at vendor\laravel\framework\src\Illuminate\Database\Eloquent\Model.php:1958
    1954▕      * @return \Illuminate\Database\Connection
    1955▕      */
    1956▕     public static function resolveConnection($connection = null)
    1957▕     {
  ➜ 1958▕         return static::$resolver->connection($connection);
    1959▕     }
    1960▕ 
    1961▕     /**
    1962▕      * Get the connection resolver instance.

  1   vendor\laravel\framework\src\Illuminate\Database\Eloquent\Model.php:1958
  2   vendor\laravel\framework\src\Illuminate\Database\Eloquent\Model.php:1924

  ────────────────────────────────────────────────────────────────────────────────────────────────────────────────────  
   FAILED  Tests\Unit\Services\NutritionCalculatorServiceTest > `calculateZScore` → it menerima format gender…  Error   
  Call to a member function connection() on null

  at vendor\laravel\framework\src\Illuminate\Database\Eloquent\Model.php:1958
    1954▕      * @return \Illuminate\Database\Connection
    1955▕      */
    1956▕     public static function resolveConnection($connection = null)
    1957▕     {
  ➜ 1958▕         return static::$resolver->connection($connection);
    1959▕     }
    1960▕ 
    1961▕     /**
    1962▕      * Get the connection resolver instance.

  1   vendor\laravel\framework\src\Illuminate\Database\Eloquent\Model.php:1958
  2   vendor\laravel\framework\src\Illuminate\Database\Eloquent\Model.php:1924

  ────────────────────────────────────────────────────────────────────────────────────────────────────────────────────  
   FAILED  Tests\Unit\Services\NutritionCalculatorServiceTest > `calculateZScore` → it menerima format gender…  Error   
  Call to a member function connection() on null

  at vendor\laravel\framework\src\Illuminate\Database\Eloquent\Model.php:1958
    1954▕      * @return \Illuminate\Database\Connection
    1955▕      */
    1956▕     public static function resolveConnection($connection = null)
    1957▕     {
  ➜ 1958▕         return static::$resolver->connection($connection);
    1959▕     }
    1960▕ 
    1961▕     /**
    1962▕      * Get the connection resolver instance.

  1   vendor\laravel\framework\src\Illuminate\Database\Eloquent\Model.php:1958
  2   vendor\laravel\framework\src\Illuminate\Database\Eloquent\Model.php:1924

  ────────────────────────────────────────────────────────────────────────────────────────────────────────────────────  
   FAILED  Tests\Unit\Services\NutritionCalculatorServiceTest > `calculateZScore` → it menerima format gender…  Error   
  Call to a member function connection() on null

  at vendor\laravel\framework\src\Illuminate\Database\Eloquent\Model.php:1958
    1954▕      * @return \Illuminate\Database\Connection
    1955▕      */
    1956▕     public static function resolveConnection($connection = null)
    1957▕     {
  ➜ 1958▕         return static::$resolver->connection($connection);
    1959▕     }
    1960▕ 
    1961▕     /**
    1962▕      * Get the connection resolver instance.

  1   vendor\laravel\framework\src\Illuminate\Database\Eloquent\Model.php:1958
  2   vendor\laravel\framework\src\Illuminate\Database\Eloquent\Model.php:1924

  ────────────────────────────────────────────────────────────────────────────────────────────────────────────────────  
   FAILED  Tests\Unit\Services\NutritionCalculatorServiceTest > `calculateZScore` → it menerima format gender…  Error   
  Call to a member function connection() on null

  at vendor\laravel\framework\src\Illuminate\Database\Eloquent\Model.php:1958
    1954▕      * @return \Illuminate\Database\Connection
    1955▕      */
    1956▕     public static function resolveConnection($connection = null)
    1957▕     {
  ➜ 1958▕         return static::$resolver->connection($connection);
    1959▕     }
    1960▕ 
    1961▕     /**
    1962▕      * Get the connection resolver instance.

  1   vendor\laravel\framework\src\Illuminate\Database\Eloquent\Model.php:1958
  2   vendor\laravel\framework\src\Illuminate\Database\Eloquent\Model.php:1924

  ────────────────────────────────────────────────────────────────────────────────────────────────────────────────────  
   FAILED  Tests\Unit\Services\NutritionCalculatorServiceTest > `calculateZScore` → it mengembalikan null jik…  Error   
  Call to a member function connection() on null

  at vendor\laravel\framework\src\Illuminate\Database\Eloquent\Model.php:1958
    1954▕      * @return \Illuminate\Database\Connection
    1955▕      */
    1956▕     public static function resolveConnection($connection = null)
    1957▕     {
  ➜ 1958▕         return static::$resolver->connection($connection);
    1959▕     }
    1960▕ 
    1961▕     /**
    1962▕      * Get the connection resolver instance.

  1   vendor\laravel\framework\src\Illuminate\Database\Eloquent\Model.php:1958
  2   vendor\laravel\framework\src\Illuminate\Database\Eloquent\Model.php:1924

  ────────────────────────────────────────────────────────────────────────────────────────────────────────────────────  
   FAILED  Tests\Unit\Services\NutritionCalculatorServiceTest > `calculateZScore` → it mengembalikan null jik…  Error   
  Call to a member function connection() on null

  at vendor\laravel\framework\src\Illuminate\Database\Eloquent\Model.php:1958
    1954▕      * @return \Illuminate\Database\Connection
    1955▕      */
    1956▕     public static function resolveConnection($connection = null)
    1957▕     {
  ➜ 1958▕         return static::$resolver->connection($connection);
    1959▕     }
    1960▕ 
    1961▕     /**
    1962▕      * Get the connection resolver instance.

  1   vendor\laravel\framework\src\Illuminate\Database\Eloquent\Model.php:1958
  2   vendor\laravel\framework\src\Illuminate\Database\Eloquent\Model.php:1924

  ────────────────────────────────────────────────────────────────────────────────────────────────────────────────────  
   FAILED  Tests\Unit\Services\NutritionCalculatorServiceTest > `calculateZScore` → it membulatkan z-score ke…  Error   
  Call to a member function connection() on null

  at vendor\laravel\framework\src\Illuminate\Database\Eloquent\Model.php:1958
    1954▕      * @return \Illuminate\Database\Connection
    1955▕      */
    1956▕     public static function resolveConnection($connection = null)
    1957▕     {
  ➜ 1958▕         return static::$resolver->connection($connection);
    1959▕     }
    1960▕ 
    1961▕     /**
    1962▕      * Get the connection resolver instance.

  1   vendor\laravel\framework\src\Illuminate\Database\Eloquent\Model.php:1958
  2   vendor\laravel\framework\src\Illuminate\Database\Eloquent\Model.php:1924

  ────────────────────────────────────────────────────────────────────────────────────────────────────────────────────  
   FAILED  Tests\Unit\Services\NutritionCalculatorServiceTest > `classifyNutritionStatus` → it mengklasifikas…  Error   
  Call to a member function connection() on null

  at vendor\laravel\framework\src\Illuminate\Database\Eloquent\Model.php:1958
    1954▕      * @return \Illuminate\Database\Connection
    1955▕      */
    1956▕     public static function resolveConnection($connection = null)
    1957▕     {
  ➜ 1958▕         return static::$resolver->connection($connection);
    1959▕     }
    1960▕ 
    1961▕     /**
    1962▕      * Get the connection resolver instance.

  1   vendor\laravel\framework\src\Illuminate\Database\Eloquent\Model.php:1958
  2   vendor\laravel\framework\src\Illuminate\Database\Eloquent\Model.php:1924

  ────────────────────────────────────────────────────────────────────────────────────────────────────────────────────  
   FAILED  Tests\Unit\Services\NutritionCalculatorServiceTest > `classifyNutritionStatus` → it mengklasifikas…  Error   
  Call to a member function connection() on null

  at vendor\laravel\framework\src\Illuminate\Database\Eloquent\Model.php:1958
    1954▕      * @return \Illuminate\Database\Connection
    1955▕      */
    1956▕     public static function resolveConnection($connection = null)
    1957▕     {
  ➜ 1958▕         return static::$resolver->connection($connection);
    1959▕     }
    1960▕ 
    1961▕     /**
    1962▕      * Get the connection resolver instance.

  1   vendor\laravel\framework\src\Illuminate\Database\Eloquent\Model.php:1958
  2   vendor\laravel\framework\src\Illuminate\Database\Eloquent\Model.php:1924

  ────────────────────────────────────────────────────────────────────────────────────────────────────────────────────  
   FAILED  Tests\Unit\Services\NutritionCalculatorServiceTest > `classifyNutritionStatus` → it mengklasifikas…  Error   
  Call to a member function connection() on null

  at vendor\laravel\framework\src\Illuminate\Database\Eloquent\Model.php:1958
    1954▕      * @return \Illuminate\Database\Connection
    1955▕      */
    1956▕     public static function resolveConnection($connection = null)
    1957▕     {
  ➜ 1958▕         return static::$resolver->connection($connection);
    1959▕     }
    1960▕ 
    1961▕     /**
    1962▕      * Get the connection resolver instance.

  1   vendor\laravel\framework\src\Illuminate\Database\Eloquent\Model.php:1958
  2   vendor\laravel\framework\src\Illuminate\Database\Eloquent\Model.php:1924

  ────────────────────────────────────────────────────────────────────────────────────────────────────────────────────  
   FAILED  Tests\Unit\Services\NutritionCalculatorServiceTest > `classifyNutritionStatus` → it mengklasifikas…  Error   
  Call to a member function connection() on null

  at vendor\laravel\framework\src\Illuminate\Database\Eloquent\Model.php:1958
    1954▕      * @return \Illuminate\Database\Connection
    1955▕      */
    1956▕     public static function resolveConnection($connection = null)
    1957▕     {
  ➜ 1958▕         return static::$resolver->connection($connection);
    1959▕     }
    1960▕ 
    1961▕     /**
    1962▕      * Get the connection resolver instance.

  1   vendor\laravel\framework\src\Illuminate\Database\Eloquent\Model.php:1958
  2   vendor\laravel\framework\src\Illuminate\Database\Eloquent\Model.php:1924

  ────────────────────────────────────────────────────────────────────────────────────────────────────────────────────  
   FAILED  Tests\Unit\Services\NutritionCalculatorServiceTest > `classifyNutritionStatus` → it mengklasifikas…  Error   
  Call to a member function connection() on null

  at vendor\laravel\framework\src\Illuminate\Database\Eloquent\Model.php:1958
    1954▕      * @return \Illuminate\Database\Connection
    1955▕      */
    1956▕     public static function resolveConnection($connection = null)
    1957▕     {
  ➜ 1958▕         return static::$resolver->connection($connection);
    1959▕     }
    1960▕ 
    1961▕     /**
    1962▕      * Get the connection resolver instance.

  1   vendor\laravel\framework\src\Illuminate\Database\Eloquent\Model.php:1958
  2   vendor\laravel\framework\src\Illuminate\Database\Eloquent\Model.php:1924

  ────────────────────────────────────────────────────────────────────────────────────────────────────────────────────  
   FAILED  Tests\Unit\Services\NutritionCalculatorServiceTest > `classifyNutritionStatus` → it mengklasifikas…  Error   
  Call to a member function connection() on null

  at vendor\laravel\framework\src\Illuminate\Database\Eloquent\Model.php:1958
    1954▕      * @return \Illuminate\Database\Connection
    1955▕      */
    1956▕     public static function resolveConnection($connection = null)
    1957▕     {
  ➜ 1958▕         return static::$resolver->connection($connection);
    1959▕     }
    1960▕ 
    1961▕     /**
    1962▕      * Get the connection resolver instance.

  1   vendor\laravel\framework\src\Illuminate\Database\Eloquent\Model.php:1958
  2   vendor\laravel\framework\src\Illuminate\Database\Eloquent\Model.php:1924

  ────────────────────────────────────────────────────────────────────────────────────────────────────────────────────  
   FAILED  Tests\Unit\Services\NutritionCalculatorServiceTest > `classifyNutritionStatus` → it mengklasifikas…  Error   
  Call to a member function connection() on null

  at vendor\laravel\framework\src\Illuminate\Database\Eloquent\Model.php:1958
    1954▕      * @return \Illuminate\Database\Connection
    1955▕      */
    1956▕     public static function resolveConnection($connection = null)
    1957▕     {
  ➜ 1958▕         return static::$resolver->connection($connection);
    1959▕     }
    1960▕ 
    1961▕     /**
    1962▕      * Get the connection resolver instance.

  1   vendor\laravel\framework\src\Illuminate\Database\Eloquent\Model.php:1958
  2   vendor\laravel\framework\src\Illuminate\Database\Eloquent\Model.php:1924

  ────────────────────────────────────────────────────────────────────────────────────────────────────────────────────  
   FAILED  Tests\Unit\Services\NutritionCalculatorServiceTest > `classifyNutritionStatus` → it mengklasifikas…  Error   
  Call to a member function connection() on null

  at vendor\laravel\framework\src\Illuminate\Database\Eloquent\Model.php:1958
    1954▕      * @return \Illuminate\Database\Connection
    1955▕      */
    1956▕     public static function resolveConnection($connection = null)
    1957▕     {
  ➜ 1958▕         return static::$resolver->connection($connection);
    1959▕     }
    1960▕ 
    1961▕     /**
    1962▕      * Get the connection resolver instance.

  1   vendor\laravel\framework\src\Illuminate\Database\Eloquent\Model.php:1958
  2   vendor\laravel\framework\src\Illuminate\Database\Eloquent\Model.php:1924

  ────────────────────────────────────────────────────────────────────────────────────────────────────────────────────  
   FAILED  Tests\Unit\Services\NutritionCalculatorServiceTest > `calculate (combined method)` → it mengembali…  Error   
  Call to a member function connection() on null

  at vendor\laravel\framework\src\Illuminate\Database\Eloquent\Model.php:1958
    1954▕      * @return \Illuminate\Database\Connection
    1955▕      */
    1956▕     public static function resolveConnection($connection = null)
    1957▕     {
  ➜ 1958▕         return static::$resolver->connection($connection);
    1959▕     }
    1960▕ 
    1961▕     /**
    1962▕      * Get the connection resolver instance.

  1   vendor\laravel\framework\src\Illuminate\Database\Eloquent\Model.php:1958
  2   vendor\laravel\framework\src\Illuminate\Database\Eloquent\Model.php:1924

  ────────────────────────────────────────────────────────────────────────────────────────────────────────────────────  
   FAILED  Tests\Unit\Services\NutritionCalculatorServiceTest > `calculate (combined method)` → it menghitung…  Error   
  Call to a member function connection() on null

  at vendor\laravel\framework\src\Illuminate\Database\Eloquent\Model.php:1958
    1954▕      * @return \Illuminate\Database\Connection
    1955▕      */
    1956▕     public static function resolveConnection($connection = null)
    1957▕     {
  ➜ 1958▕         return static::$resolver->connection($connection);
    1959▕     }
    1960▕ 
    1961▕     /**
    1962▕      * Get the connection resolver instance.

  1   vendor\laravel\framework\src\Illuminate\Database\Eloquent\Model.php:1958
  2   vendor\laravel\framework\src\Illuminate\Database\Eloquent\Model.php:1924

  ────────────────────────────────────────────────────────────────────────────────────────────────────────────────────  
   FAILED  Tests\Unit\Services\NutritionCalculatorServiceTest > `calculate (combined method)` → it menangani…   Error   
  Call to a member function connection() on null

  at vendor\laravel\framework\src\Illuminate\Database\Eloquent\Model.php:1958
    1954▕      * @return \Illuminate\Database\Connection
    1955▕      */
    1956▕     public static function resolveConnection($connection = null)
    1957▕     {
  ➜ 1958▕         return static::$resolver->connection($connection);
    1959▕     }
    1960▕ 
    1961▕     /**
    1962▕      * Get the connection resolver instance.

  1   vendor\laravel\framework\src\Illuminate\Database\Eloquent\Model.php:1958
  2   vendor\laravel\framework\src\Illuminate\Database\Eloquent\Model.php:1924

  ────────────────────────────────────────────────────────────────────────────────────────────────────────────────────  
   FAILED  Tests\Unit\Services\NutritionCalculatorServiceTest > `deterministic property (sifat deterministik)…  Error   
  Call to a member function connection() on null

  at vendor\laravel\framework\src\Illuminate\Database\Eloquent\Model.php:1958
    1954▕      * @return \Illuminate\Database\Connection
    1955▕      */
    1956▕     public static function resolveConnection($connection = null)
    1957▕     {
  ➜ 1958▕         return static::$resolver->connection($connection);
    1959▕     }
    1960▕ 
    1961▕     /**
    1962▕      * Get the connection resolver instance.

  1   vendor\laravel\framework\src\Illuminate\Database\Eloquent\Model.php:1958
  2   vendor\laravel\framework\src\Illuminate\Database\Eloquent\Model.php:1924

  ────────────────────────────────────────────────────────────────────────────────────────────────────────────────────  
   FAILED  Tests\Unit\Services\NutritionCalculatorServiceTest > `deterministic property (sifat deterministik)…  Error   
  Call to a member function connection() on null

  at vendor\laravel\framework\src\Illuminate\Database\Eloquent\Model.php:1958
    1954▕      * @return \Illuminate\Database\Connection
    1955▕      */
    1956▕     public static function resolveConnection($connection = null)
    1957▕     {
  ➜ 1958▕         return static::$resolver->connection($connection);
    1959▕     }
    1960▕ 
    1961▕     /**
    1962▕      * Get the connection resolver instance.

  1   vendor\laravel\framework\src\Illuminate\Database\Eloquent\Model.php:1958
  2   vendor\laravel\framework\src\Illuminate\Database\Eloquent\Model.php:1924

  ────────────────────────────────────────────────────────────────────────────────────────────────────────────────────  
   FAILED  Tests\Unit\Services\NutritionCalculatorServiceTest > `edge cases` → it menangani berat badan sanga…  Error   
  Call to a member function connection() on null

  at vendor\laravel\framework\src\Illuminate\Database\Eloquent\Model.php:1958
    1954▕      * @return \Illuminate\Database\Connection
    1955▕      */
    1956▕     public static function resolveConnection($connection = null)
    1957▕     {
  ➜ 1958▕         return static::$resolver->connection($connection);
    1959▕     }
    1960▕ 
    1961▕     /**
    1962▕      * Get the connection resolver instance.

  1   vendor\laravel\framework\src\Illuminate\Database\Eloquent\Model.php:1958
  2   vendor\laravel\framework\src\Illuminate\Database\Eloquent\Model.php:1924

  ────────────────────────────────────────────────────────────────────────────────────────────────────────────────────  
   FAILED  Tests\Unit\Services\NutritionCalculatorServiceTest > `edge cases` → it menangani berat badan sanga…  Error   
  Call to a member function connection() on null

  at vendor\laravel\framework\src\Illuminate\Database\Eloquent\Model.php:1958
    1954▕      * @return \Illuminate\Database\Connection
    1955▕      */
    1956▕     public static function resolveConnection($connection = null)
    1957▕     {
  ➜ 1958▕         return static::$resolver->connection($connection);
    1959▕     }
    1960▕ 
    1961▕     /**
    1962▕      * Get the connection resolver instance.

  1   vendor\laravel\framework\src\Illuminate\Database\Eloquent\Model.php:1958
  2   vendor\laravel\framework\src\Illuminate\Database\Eloquent\Model.php:1924

  ────────────────────────────────────────────────────────────────────────────────────────────────────────────────────  
   FAILED  Tests\Unit\Services\NutritionCalculatorServiceTest > `edge cases` → it menangani usia 0 bulan (edg…  Error   
  Call to a member function connection() on null

  at vendor\laravel\framework\src\Illuminate\Database\Eloquent\Model.php:1958
    1954▕      * @return \Illuminate\Database\Connection
    1955▕      */
    1956▕     public static function resolveConnection($connection = null)
    1957▕     {
  ➜ 1958▕         return static::$resolver->connection($connection);
    1959▕     }
    1960▕ 
    1961▕     /**
    1962▕      * Get the connection resolver instance.

  1   vendor\laravel\framework\src\Illuminate\Database\Eloquent\Model.php:1958
  2   vendor\laravel\framework\src\Illuminate\Database\Eloquent\Model.php:1924

  ────────────────────────────────────────────────────────────────────────────────────────────────────────────────────  
   FAILED  Tests\Unit\Services\NutritionCalculatorServiceTest > `edge cases` → it menangani usia 59 bulan (ed…  Error   
  Call to a member function connection() on null

  at vendor\laravel\framework\src\Illuminate\Database\Eloquent\Model.php:1958
    1954▕      * @return \Illuminate\Database\Connection
    1955▕      */
    1956▕     public static function resolveConnection($connection = null)
    1957▕     {
  ➜ 1958▕         return static::$resolver->connection($connection);
    1959▕     }
    1960▕ 
    1961▕     /**
    1962▕      * Get the connection resolver instance.

  1   vendor\laravel\framework\src\Illuminate\Database\Eloquent\Model.php:1958
  2   vendor\laravel\framework\src\Illuminate\Database\Eloquent\Model.php:1924

  ────────────────────────────────────────────────────────────────────────────────────────────────────────────────────  
   FAILED  Tests\Unit\Services\NutritionCalculatorServiceTest > `edge cases` → it menangani usia negatif deng…  Error   
  Call to a member function connection() on null

  at vendor\laravel\framework\src\Illuminate\Database\Eloquent\Model.php:1958
    1954▕      * @return \Illuminate\Database\Connection
    1955▕      */
    1956▕     public static function resolveConnection($connection = null)
    1957▕     {
  ➜ 1958▕         return static::$resolver->connection($connection);
    1959▕     }
    1960▕ 
    1961▕     /**
    1962▕      * Get the connection resolver instance.

  1   vendor\laravel\framework\src\Illuminate\Database\Eloquent\Model.php:1958
  2   vendor\laravel\framework\src\Illuminate\Database\Eloquent\Model.php:1924

  ────────────────────────────────────────────────────────────────────────────────────────────────────────────────────  
   FAILED  Tests\Unit\Services\NutritionCalculatorServiceTest > `edge cases` → it menangani usia di atas 59 b…  Error   
  Call to a member function connection() on null

  at vendor\laravel\framework\src\Illuminate\Database\Eloquent\Model.php:1958
    1954▕      * @return \Illuminate\Database\Connection
    1955▕      */
    1956▕     public static function resolveConnection($connection = null)
    1957▕     {
  ➜ 1958▕         return static::$resolver->connection($connection);
    1959▕     }
    1960▕ 
    1961▕     /**
    1962▕      * Get the connection resolver instance.

  1   vendor\laravel\framework\src\Illuminate\Database\Eloquent\Model.php:1958
  2   vendor\laravel\framework\src\Illuminate\Database\Eloquent\Model.php:1924

  ────────────────────────────────────────────────────────────────────────────────────────────────────────────────────  
   FAILED  Tests\Unit\Services\NutritionCalculatorServiceTest > `edge cases` → it menangani gender dengan hur…  Error   
  Call to a member function connection() on null

  at vendor\laravel\framework\src\Illuminate\Database\Eloquent\Model.php:1958
    1954▕      * @return \Illuminate\Database\Connection
    1955▕      */
    1956▕     public static function resolveConnection($connection = null)
    1957▕     {
  ➜ 1958▕         return static::$resolver->connection($connection);
    1959▕     }
    1960▕ 
    1961▕     /**
    1962▕      * Get the connection resolver instance.

  1   vendor\laravel\framework\src\Illuminate\Database\Eloquent\Model.php:1958
  2   vendor\laravel\framework\src\Illuminate\Database\Eloquent\Model.php:1924

  ────────────────────────────────────────────────────────────────────────────────────────────────────────────────────  
   FAILED  Tests\Unit\Services\NutritionCalculatorServiceTest > `edge cases` → it menangani gender dengan spa…  Error   
  Call to a member function connection() on null

  at vendor\laravel\framework\src\Illuminate\Database\Eloquent\Model.php:1958
    1954▕      * @return \Illuminate\Database\Connection
    1955▕      */
    1956▕     public static function resolveConnection($connection = null)
    1957▕     {
  ➜ 1958▕         return static::$resolver->connection($connection);
    1959▕     }
    1960▕ 
    1961▕     /**
    1962▕      * Get the connection resolver instance.

  1   vendor\laravel\framework\src\Illuminate\Database\Eloquent\Model.php:1958
  2   vendor\laravel\framework\src\Illuminate\Database\Eloquent\Model.php:1924

  ────────────────────────────────────────────────────────────────────────────────────────────────────────────────────  
   FAILED  Tests\Feature\Admin\MedicalRecordTest > `kalkulasi status gizi otomatis` → it menghitung…   ErrorException   
  Attempt to read property "z_score" on null

  at tests\Feature\Admin\MedicalRecordTest.php:304
    300▕         ]);
    301▕ 
    302▕         $record = MedicalRecord::where('patient_id', $this->patient->id)->first();
    303▕         
  ➜ 304▕         expect($record->z_score)->not->toBeNull()
    305▕             ->and($record->z_score)->toBeFloat();
    306▕     });
    307▕ 
    308▕     it('menghitung nutrition_status otomatis saat menyimpan rekam medis', function () {

  ────────────────────────────────────────────────────────────────────────────────────────────────────────────────────  
   FAILED  Tests\Feature\Admin\MedicalRecordTest > `kalkulasi status gizi otomatis` → it menghitung…   ErrorException   
  Attempt to read property "nutrition_status" on null

  at tests\Feature\Admin\MedicalRecordTest.php:320
    316▕         ]);
    317▕ 
    318▕         $record = MedicalRecord::where('patient_id', $this->patient->id)->first();
    319▕         
  ➜ 320▕         expect($record->nutrition_status)->not->toBeNull()
    321▕             ->and($record->nutrition_status)->toBe('Normal');
    322▕     });
    323▕ 
    324▕     it('mengklasifikasikan status gizi sebagai Normal untuk z-score 0', function () {

  ────────────────────────────────────────────────────────────────────────────────────────────────────────────────────  
   FAILED  Tests\Feature\Admin\MedicalRecordTest > `kalkulasi status gizi otomatis` → it mengklasifi…  ErrorException   
  Attempt to read property "nutrition_status" on null

  at tests\Feature\Admin\MedicalRecordTest.php:336
    332▕         ]);
    333▕ 
    334▕         $record = MedicalRecord::where('patient_id', $this->patient->id)->first();
    335▕         
  ➜ 336▕         expect($record->nutrition_status)->toBe('Normal');
    337▕     });
    338▕ 
    339▕     it('mengklasifikasikan status gizi sebagai Gizi Kurang untuk berat rendah', function () {
    340▕         $this->actingAs($this->admin);

  ────────────────────────────────────────────────────────────────────────────────────────────────────────────────────  
   FAILED  Tests\Feature\Admin\MedicalRecordTest > `kalkulasi status gizi otomatis` → it mengklasifi…  ErrorException   
  Attempt to read property "nutrition_status" on null

  at tests\Feature\Admin\MedicalRecordTest.php:351
    347▕         ]);
    348▕ 
    349▕         $record = MedicalRecord::where('patient_id', $this->patient->id)->first();
    350▕         
  ➜ 351▕         expect($record->nutrition_status)->toBeIn(['Gizi Kurang', 'Normal']);
    352▕     });
    353▕ 
    354▕     it('mengklasifikasikan status gizi sebagai Gizi Buruk/Stunting untuk berat sangat rendah', function () {
    355▕         $this->actingAs($this->admin);

  ────────────────────────────────────────────────────────────────────────────────────────────────────────────────────  
   FAILED  Tests\Feature\Admin\MedicalRecordTest > `kalkulasi status gizi otomatis` → it mengklasifi…  ErrorException   
  Attempt to read property "nutrition_status" on null

  at tests\Feature\Admin\MedicalRecordTest.php:366
    362▕         ]);
    363▕ 
    364▕         $record = MedicalRecord::where('patient_id', $this->patient->id)->first();
    365▕         
  ➜ 366▕         expect($record->nutrition_status)->toBeIn(['Gizi Buruk/Stunting', 'Gizi Kurang']);
    367▕     });
    368▕ 
    369▕     it('mengklasifikasikan status gizi sebagai Gizi Lebih untuk berat tinggi', function () {
    370▕         $this->actingAs($this->admin);

  ────────────────────────────────────────────────────────────────────────────────────────────────────────────────────  
   FAILED  Tests\Feature\Admin\MedicalRecordTest > `kalkulasi status gizi otomatis` → it mengklasifi…  ErrorException   
  Attempt to read property "nutrition_status" on null

  at tests\Feature\Admin\MedicalRecordTest.php:381
    377▕         ]);
    378▕ 
    379▕         $record = MedicalRecord::where('patient_id', $this->patient->id)->first();
    380▕         
  ➜ 381▕         expect($record->nutrition_status)->toBeIn(['Gizi Lebih', 'Normal']);
    382▕     });
    383▕ 
    384▕     it('menghitung ulang status gizi saat mengubah rekam medis', function () {
    385▕         $this->actingAs($this->admin);

  ────────────────────────────────────────────────────────────────────────────────────────────────────────────────────  
   FAILED  Tests\Feature\Admin\MedicalRecordTest > `kalkulasi status gizi otomatis` → it menghitung…   ErrorException   
  Attempt to read property "nutrition_status" on null

  at tests\Feature\Admin\MedicalRecordTest.php:396
    392▕             'height' => 75.0,
    393▕         ]);
    394▕ 
    395▕         $record = MedicalRecord::where('patient_id', $this->patient->id)->first();
  ➜ 396▕         $initialStatus = $record->nutrition_status;
    397▕ 
    398▕         // Update with different weight
    399▕         $this->put("/admin/medical-records/{$record->id}", [
    400▕             'patient_id' => $this->patient->id,

  ────────────────────────────────────────────────────────────────────────────────────────────────────────────────────  
   FAILED  Tests\Feature\Admin\MedicalRecordTest > `log aktivitas` → it membuat log aktivitas saat menambahkan rekam…   
  Failed asserting that a row in the table [activity_logs] matches the attributes {
    "user_id": 1,
    "action_type": "create_medical_record"
}.

The table is empty.

  at tests\Feature\Admin\MedicalRecordTest.php:473
    469▕             'weight' => 10.0,
    470▕             'height' => 75.0,
    471▕         ]);
    472▕ 
  ➜ 473▕         $this->assertDatabaseHas('activity_logs', [
    474▕             'user_id' => $this->admin->id,
    475▕             'action_type' => 'create_medical_record',
    476▕         ]);
    477▕     });

  ────────────────────────────────────────────────────────────────────────────────────────────────────────────────────  
   FAILED  Tests\Feature\Admin\MedicalRecordTest > `log aktivitas` → it membuat log aktivitas saat m…  ErrorException   
  Attempt to read property "id" on null

  at tests\Feature\Admin\MedicalRecordTest.php:493
    489▕ 
    490▕         $record = MedicalRecord::where('patient_id', $this->patient->id)->first();
    491▕ 
    492▕         // Update record
  ➜ 493▕         $this->put("/admin/medical-records/{$record->id}", [
    494▕             'patient_id' => $this->patient->id,
    495▕             'visit_date' => now()->format('Y-m-d'),
    496▕             'weight' => 11.0,
    497▕             'height' => 76.0,

  ────────────────────────────────────────────────────────────────────────────────────────────────────────────────────  
   FAILED  Tests\Feature\Admin\MedicalRecordTest > `otorisasi` → it staff dapat menambahkan rekam medis                 
  Session has unexpected errors: 

{
    "default": [
        "Cara ukur wajib dipilih.",
        "Diagnosis/Hasil akhir wajib diisi."
    ]
}
Failed asserting that true is false.

The following errors occurred during the last request:

Cara ukur wajib dipilih.
Diagnosis/Hasil akhir wajib diisi.

  at tests\Feature\Admin\MedicalRecordTest.php:519
    515▕             'weight' => 10.0,
    516▕             'height' => 75.0,
    517▕         ]);
    518▕ 
  ➜ 519▕         $response->assertSessionDoesntHaveErrors();
    520▕     });
    521▕ 
    522▕     it('admin dapat menambahkan rekam medis', function () {
    523▕         $this->actingAs($this->admin);

  ────────────────────────────────────────────────────────────────────────────────────────────────────────────────────  
   FAILED  Tests\Feature\Admin\MedicalRecordTest > `otorisasi` → it admin dapat menambahkan rekam medis                 
  Session has unexpected errors: 

{
    "default": [
        "Cara ukur wajib dipilih.",
        "Diagnosis/Hasil akhir wajib diisi."
    ]
}
Failed asserting that true is false.

The following errors occurred during the last request:

Cara ukur wajib dipilih.
Diagnosis/Hasil akhir wajib diisi.

  at tests\Feature\Admin\MedicalRecordTest.php:532
    528▕             'weight' => 10.0,
    529▕             'height' => 75.0,
    530▕         ]);
    531▕ 
  ➜ 532▕         $response->assertSessionDoesntHaveErrors();
    533▕     });
    534▕ });
    535▕ 
    536▕ describe('field opsional', function () {

  ────────────────────────────────────────────────────────────────────────────────────────────────────────────────────  
   FAILED  Tests\Feature\Admin\MedicalRecordTest > `field opsional` → it dapat menyimpan rekam medis tanpa head_circ…   
  Session has unexpected errors: 

{
    "default": [
        "Cara ukur wajib dipilih.",
        "Diagnosis/Hasil akhir wajib diisi."
    ]
}
Failed asserting that true is false.

The following errors occurred during the last request:

Cara ukur wajib dipilih.
Diagnosis/Hasil akhir wajib diisi.

  at tests\Feature\Admin\MedicalRecordTest.php:547
    543▕             'weight' => 10.0,
    544▕             'height' => 75.0,
    545▕         ]);
    546▕ 
  ➜ 547▕         $response->assertSessionDoesntHaveErrors();
    548▕         
    549▕         $record = MedicalRecord::where('patient_id', $this->patient->id)->first();
    550▕         expect($record->head_circumference)->toBeNull();
    551▕     });

  ────────────────────────────────────────────────────────────────────────────────────────────────────────────────────  
   FAILED  Tests\Feature\Admin\MedicalRecordTest > `field opsional` → it dapat menyimpan rekam medis tanpa complaint    
  Session has unexpected errors: 

{
    "default": [
        "Cara ukur wajib dipilih.",
        "Diagnosis/Hasil akhir wajib diisi."
    ]
}
Failed asserting that true is false.

The following errors occurred during the last request:

Cara ukur wajib dipilih.
Diagnosis/Hasil akhir wajib diisi.

  at tests\Feature\Admin\MedicalRecordTest.php:563
    559▕             'weight' => 10.0,
    560▕             'height' => 75.0,
    561▕         ]);
    562▕ 
  ➜ 563▕         $response->assertSessionDoesntHaveErrors();
    564▕     });
    565▕ 
    566▕     it('dapat menyimpan rekam medis tanpa diagnosis', function () {
    567▕         $this->actingAs($this->admin);

  ────────────────────────────────────────────────────────────────────────────────────────────────────────────────────  
   FAILED  Tests\Feature\Admin\MedicalRecordTest > `field opsional` → it dapat menyimpan rekam medis tanpa diagnosis    
  Session has unexpected errors: 

{
    "default": [
        "Cara ukur wajib dipilih.",
        "Diagnosis/Hasil akhir wajib diisi."
    ]
}
Failed asserting that true is false.

The following errors occurred during the last request:

Cara ukur wajib dipilih.
Diagnosis/Hasil akhir wajib diisi.

  at tests\Feature\Admin\MedicalRecordTest.php:576
    572▕             'weight' => 10.0,
    573▕             'height' => 75.0,
    574▕         ]);
    575▕ 
  ➜ 576▕         $response->assertSessionDoesntHaveErrors();
    577▕     });
    578▕ });
    579▕

  ────────────────────────────────────────────────────────────────────────────────────────────────────────────────────  
   FAILED  Tests\Feature\Admin\PatientManagementTest > `CRUD pasien - Create` → it admin dapat menambahkan pasien ba…   
  Failed asserting that a row in the table [patients] matches the attributes {
    "id_number": "1111222233334444",
    "full_name": "New Patient",
    "posyandu_id": 1
}.

Found: [
    {
        "id_number": "1234567890123456",
        "full_name": "Patient 1",
        "posyandu_id": 1
    },
    {
        "id_number": "6543210987654321",
        "full_name": "Patient 2",
        "posyandu_id": 2
    }
].

  at tests\Feature\Admin\PatientManagementTest.php:67
     63▕             'address' => 'Test Address',
     64▕             'phone_number' => '081234567890',
     65▕         ]);
     66▕ 
  ➜  67▕         $this->assertDatabaseHas('patients', [
     68▕             'id_number' => '1111222233334444',
     69▕             'full_name' => 'New Patient',
     70▕             'posyandu_id' => $this->posyandu1->id,
     71▕         ]);

  ────────────────────────────────────────────────────────────────────────────────────────────────────────────────────  
   FAILED  Tests\Feature\Admin\PatientManagementTest > `CRUD pasien - Create` → it staff dapat menambahkan pasien ba…   
  Failed asserting that a row in the table [patients] matches the attributes {
    "id_number": "2222333344445555",
    "full_name": "New Patient by Staff"
}.

Found: [
    {
        "id_number": "1234567890123456",
        "full_name": "Patient 1"
    },
    {
        "id_number": "6543210987654321",
        "full_name": "Patient 2"
    }
].

  at tests\Feature\Admin\PatientManagementTest.php:89
     85▕             'address' => 'Test Address',
     86▕             'phone_number' => '081234567890',
     87▕         ]);
     88▕ 
  ➜  89▕         $this->assertDatabaseHas('patients', [
     90▕             'id_number' => '2222333344445555',
     91▕             'full_name' => 'New Patient by Staff',
     92▕         ]);
     93▕     });

  ────────────────────────────────────────────────────────────────────────────────────────────────────────────────────  
   FAILED  Tests\Feature\Admin\PatientManagementTest > `CRUD pasien - Create` → it membuat log aktivitas saat menamb…   
  Failed asserting that a row in the table [activity_logs] matches the attributes {
    "user_id": 2,
    "action_type": "create_patient"
}.

The table is empty.

  at tests\Feature\Admin\PatientManagementTest.php:110
    106▕             'address' => 'Test Address',
    107▕             'phone_number' => '081234567890',
    108▕         ]);
    109▕ 
  ➜ 110▕         $this->assertDatabaseHas('activity_logs', [
    111▕             'user_id' => $this->admin1->id,
    112▕             'action_type' => 'create_patient',
    113▕         ]);
    114▕     });

  ────────────────────────────────────────────────────────────────────────────────────────────────────────────────────  
   FAILED  Tests\Feature\Admin\PatientManagementTest > `CRUD pasien - Update` → it admin dapat mengubah data pasien     
  Failed asserting that a row in the table [patients] matches the attributes {
    "id": 1,
    "full_name": "Updated Patient Name"
}.

Found similar results: [
    {
        "id": 1,
        "full_name": "Patient 1"
    }
].

  at tests\Feature\Admin\PatientManagementTest.php:151
    147▕             'address' => 'Updated Address',
    148▕             'phone_number' => '081234567890',
    149▕         ]);
    150▕ 
  ➜ 151▕         $this->assertDatabaseHas('patients', [
    152▕             'id' => $this->patient1->id,
    153▕             'full_name' => 'Updated Patient Name',
    154▕         ]);
    155▕     });

  ────────────────────────────────────────────────────────────────────────────────────────────────────────────────────  
   FAILED  Tests\Feature\Admin\PatientManagementTest > `CRUD pasien - Update` → it membuat log aktivitas saat mengub…   
  Failed asserting that a row in the table [activity_logs] matches the attributes {
    "user_id": 2,
    "action_type": "update_patient",
    "entity_id": 1
}.

The table is empty.

  at tests\Feature\Admin\PatientManagementTest.php:172
    168▕             'address' => 'Updated Address',
    169▕             'phone_number' => '081234567890',
    170▕         ]);
    171▕ 
  ➜ 172▕         $this->assertDatabaseHas('activity_logs', [
    173▕             'user_id' => $this->admin1->id,
    174▕             'action_type' => 'update_patient',
    175▕             'entity_id' => $this->patient1->id,
    176▕         ]);

  ────────────────────────────────────────────────────────────────────────────────────────────────────────────────────  
   FAILED  Tests\Feature\Admin\PatientManagementTest > `validasi NIK 16 digit` → it menerima NIK tepat 16 digit angk…   
  Session has unexpected error: id_number
Failed asserting that true is false.

The following errors occurred during the last request:

NIK ini sudah terdaftar di sistem.
Jenis kelamin harus L atau P.

  at tests\Feature\Admin\PatientManagementTest.php:274
    270▕             'address' => 'Test Address',
    271▕             'phone_number' => '081234567890',
    272▕         ]);
    273▕ 
  ➜ 274▕         $response->assertSessionDoesntHaveErrors('id_number');
    275▕     });
    276▕ });
    277▕ 
    278▕ describe('validasi NIK duplikat', function () {

  ────────────────────────────────────────────────────────────────────────────────────────────────────────────────────  
   FAILED  Tests\Feature\Admin\PatientManagementTest > `scoping data per posyandu` → it admin tidak dapat mengubah p…   
  Expected response status code [403] but received 302.
Failed asserting that 302 is identical to 403.

The following errors occurred during the last request:

Jenis kelamin harus L atau P.

  at tests\Feature\Admin\PatientManagementTest.php:352
    348▕             'address' => 'Updated Address',
    349▕             'phone_number' => '081234567890',
    350▕         ]);
    351▕ 
  ➜ 352▕         $response->assertForbidden();
    353▕     });
    354▕ 
    355▕     it('admin tidak dapat menghapus pasien dari posyandu lain', function () {
    356▕         $this->actingAs($this->admin1);

  ────────────────────────────────────────────────────────────────────────────────────────────────────────────────────  
   FAILED  Tests\Feature\Admin\PatientManagementTest > `scoping data per posyandu` → it mencatat unauthorized_access…   
  Failed asserting that a row in the table [activity_logs] matches the attributes {
    "user_id": 2,
    "action_type": "unauthorized_access"
}.

The table is empty.

  at tests\Feature\Admin\PatientManagementTest.php:387
    383▕         $this->actingAs($this->admin1);
    384▕ 
    385▕         $this->get("/admin/patients/{$this->patient2->id}");
    386▕ 
  ➜ 387▕         $this->assertDatabaseHas('activity_logs', [
    388▕             'user_id' => $this->admin1->id,
    389▕             'action_type' => 'unauthorized_access',
    390▕         ]);
    391▕     });

  ────────────────────────────────────────────────────────────────────────────────────────────────────────────────────  
   FAILED  Tests\Feature\Admin\PatientManagementTest > `otorisasi per role` → it staff dapat menambahkan pasien         
  Session has unexpected errors: 

{
    "default": [
        "Jenis kelamin harus L atau P."
    ]
}
Failed asserting that true is false.

  at tests\Feature\Admin\PatientManagementTest.php:410
    406▕             'address' => 'Test Address',
    407▕             'phone_number' => '081234567890',
    408▕         ]);
    409▕ 
  ➜ 410▕         $response->assertSessionDoesntHaveErrors();
    411▕     });
    412▕ 
    413▕     it('staff dapat melihat pasien dari posyandu mereka', function () {
    414▕         $this->actingAs($this->staff);

  ────────────────────────────────────────────────────────────────────────────────────────────────────────────────────  
   FAILED  Tests\Feature\Admin\PatientManagementTest > `otorisasi per role` → it staff dapat melihat pasien dari pos…   
  Expected response status code [200] but received 403.
Failed asserting that 403 is identical to 200.

  at tests\Feature\Admin\PatientManagementTest.php:418
    414▕         $this->actingAs($this->staff);
    415▕ 
    416▕         $response = $this->get("/admin/patients/{$this->patient1->id}");
    417▕ 
  ➜ 418▕         $response->assertOk();
    419▕     });
    420▕ 
    421▕     it('staff tidak dapat mengakses pasien dari posyandu lain', function () {
    422▕         $this->actingAs($this->staff);

  ────────────────────────────────────────────────────────────────────────────────────────────────────────────────────  
   FAILED  Tests\Feature\Admin\ReportTest > `akses laporan per role` → it coordinator dapat mengakses halaman lapora…   
  Expected response status code [200] but received 403.
Failed asserting that 403 is identical to 200.

  at tests\Feature\Admin\ReportTest.php:74
     70▕ 
     71▕     it('coordinator dapat mengakses halaman laporan', function () {
     72▕         $this->actingAs($this->coordinator);
     73▕         $response = $this->get('/admin/reports');
  ➜  74▕         $response->assertOk();
     75▕     });
     76▕ 
     77▕     it('staff tidak dapat mengakses halaman laporan', function () {
     78▕         $this->actingAs($this->staff);

  ────────────────────────────────────────────────────────────────────────────────────────────────────────────────────  
   FAILED  Tests\Feature\GrowthChartTest > it displays growth chart for balita patient with medical records             
  Expected: <!DOCTYPE html>\n
<html wire:snapshot="" wire:effects="" wire:id="M58B78coZXzfNIu3bv4p" lang="id">\n
<head>\n
    <meta charset="utf-8">\n
    <meta name="viewport" content="width=device-width, initial-scale=1">\n
    <meta name="csrf-token" content="">\n
\n
    <title>Posyandu Admin - Dashboard</title>\n
\n
    <!-- Fonts (Public Sans) -->\n
    <link rel="preconnect" href="https://fonts.googleapis.com">\n
    <link rel="preconnect" href="https://fonts.gstatic.com" crossorigin>\n
    <link href="https://fonts.googleapis.com/css2?family=Public+Sans:wght@300;400;500;600;700;800&display=swap" rel="stylesheet"/>\n
    \n
    <!-- Font Awesome -->\n
    <link rel="stylesheet" href="https://cdnjs.cloudflare.com/ajax/libs/font-awesome/6.4.0/css/all.min.css">\n
\n
    <!-- Material Symbols -->\n
    <link href="https://fonts.googleapis.com/css2?family=Material+Symbols+Outlined:opsz,wght,FILL,GRAD@20..48,100..700,0..1,-50..200" rel="stylesheet" />\n
\n
    <!-- Chart.js for Growth Charts -->\n
    <script src="https://cdn.jsdelivr.net/npm/chart.js@4.4.0/dist/chart.umd.min.js"></script>\n
\n
    <!-- Scripts & Styles (Vite) -->\n
    <script type="module" src="http://[::1]:5173/@vite/client" data-navigate-track="reload"></script><link rel="stylesheet" href="http://[::1]:5173/resources/css/app.css" data-navigate-track="reload" /><script type="module" src="http://[::1]:5173/resources/js/app.js" data-navigate-track="reload"></script>\n
    <!-- WAJIB: Livewire Styles -->\n
    <!-- Livewire Styles --><style >[wire\:loading][wire\:loading], [wire\:loading\.delay][wire\:loading\.delay], [wire\:loading\.inline-block][wire\:loading\.inline-block], [wire\:loading\.inline][wire\:loading\.inline], [wire\:loading\.block][wire\:loading\.block], [wire\:loading\.flex][wire\:loading\.flex], [wire\:loading\.table][wire\:loading\.table], [wire\:loading\.grid][wire\:loading\.grid], [wire\:loading\.inline-flex][wire\:loading\.inline-flex] {display: none;}[wire\:loading\.delay\.none][wire\:loading\.delay\.none], [wire\:loading\.delay\.shortest][wire\:loading\.delay\.shortest], [wire\:loading\.delay\.shorter][wire\:loading\.delay\.shorter], [wire\:loading\.delay\.short][wire\:loading\.delay\.short], [wire\:loading\.delay\.default][wire\:loading\.delay\.default], [wire\:loading\.delay\.long][wire\:loading\.delay\.long], [wire\:loading\.delay\.longer][wire\:loading\.delay\.longer], [wire\:loading\.delay\.longest][wire\:loading\.delay\.longest] {display: none;}[wire\:offline][wire\:offline] {display: none;}[wire\:dirty]:not(textarea):not(input):not(select) {display: none;}:root {--livewire-progress-bar-color: #2299dd;}[x-cloak] {display: none !important;}[wire\:cloak] {display: none !important;}</style>\n
    \n
    <style>\n
        :root { --sidebar-width: 260px; }\n
        @media (min-width: 1024px) {\n
            #mainContent { \n
                margin-left: var(--sidebar-width) !important; \n
                width: calc(100% - var(--sidebar-width)) !important; \n
            }\n
            #sidebar { width: var(--sidebar-width) !important; }\n
        }\n
    </style>\n
\n
    <style>\n
    /* Custom styles that extend Tailwind */\n
    .admin-table {\n
        @apply min-w-full divide-y divide-gray-200;\n
    }\n
    .admin-table thead {\n
        @apply bg-gray-50;\n
    }\n
    .admin-table th {\n
        @apply px-6 py-3 text-left text-xs font-medium text-gray-500 uppercase tracking-wider;\n
    }\n
    .admin-table tbody {\n
        @apply bg-white divide-y divide-gray-200;\n
    }\n
    .admin-table td {\n
        @apply px-6 py-4 whitespace-nowrap text-sm text-gray-500;\n
    }\n
    \n
    /* Status badges */\n
    .status-badge {\n
        @apply inline-flex items-center px-2.5 py-0.5 rounded-full text-xs font-medium;\n
    }\n
    .status-active {\n
        @apply bg-green-100 text-green-800;\n
    }\n
    .status-inactive {\n
        @apply bg-red-100 text-red-800;\n
    }\n
    .status-pending {\n
        @apply bg-yellow-100 text-yellow-800;\n
    }\n
    \n
    /* Card variations */\n
    .card-primary {\n
        @apply bg-white rounded-lg shadow border border-gray-200;\n
    }\n
    .card-secondary {\n
        @apply bg-gray-50 rounded-lg shadow-inner border border-gray-100;\n
    }\n
</style>\n
</head>\n
<body class="font-sans antialiased bg-slate-50 text-slate-900">\n
\n
    <div class="min-h-screen flex overflow-hidden bg-dashboard">\n
        <!-- Sidebar -->\n
        <aside id="sidebar"\n
    class="flex-shrink-0 flex flex-col h-screen fixed top-0 left-0 z-30 overflow-hidden transition-all duration-300 ease-in-out"\n
    style="width:260px; background:#FFFFFF; border-right:1px solid #F1F5F9;">\n
\n
    \n
    <div class="h-16 flex items-center justify-between px-5 flex-shrink-0" style="border-bottom:1px solid #F1F5F9;">\n
        <a href="http://localhost:8000/dashboard" class="flex items-center gap-3 group sidebar-logo min-w-0">\n
            <div class="w-10 h-10 rounded-2xl flex items-center justify-center flex-shrink-0 shadow-sm"\n
                 style="background:linear-gradient(135deg,#0d9488 0%,#0f766e 100%);">\n
                <i class="fas fa-heartbeat text-white" style="font-size:16px;"></i>\n
            </div>\n
            <div class="sidebar-text overflow-hidden">\n
                <span class="block font-black text-slate-900 tracking-tight leading-none" style="font-size:17px;">Posyandu</span>\n
                <span class="block text-slate-500 font-bold" style="font-size:11px; letter-spacing:.06em; margin-top:2px;">DASHBOARD ADMIN</span>\n
            </div>\n
        </a>\n
\n
        <button id="sidebarToggleBtn"\n
            class="hidden lg:flex w-7 h-7 items-center justify-center rounded-lg transition-all flex-shrink-0"\n
            style="color:#94a3b8; hover-bg:#f8fafc;"\n
            onmouseenter="this.style.background='#f8fafc'; this.style.color='#0f172a';"\n
            onmouseleave="this.style.background='transparent'; this.style.color='#94a3b8';">\n
            <i id="toggleIcon" class="fas fa-chevron-left transition-transform duration-300" style="font-size:9px;"></i>\n
        </button>\n
    </div>\n
\n
    \n
    <nav class="flex-1 overflow-y-auto overflow-x-hidden py-5 custom-scrollbar" style="padding-left:12px; padding-right:12px;">\n
\n
        \n
        <div class="sidebar-section-label mt-2 mb-2 px-3">\n
            <span class="text-slate-500 font-black" style="font-size:11px; letter-spacing:.12em; text-transform:uppercase;">Ringkasan Data</span>\n
        </div>\n
\n
        \n
        <a href="http://localhost:8000/dashboard"\n
           class="flex items-center gap-3 px-3 py-2.5 rounded-xl transition-all duration-200 group text-slate-500 hover:bg-slate-50 hover:text-slate-800 mb-1">\n
            <i class="fas fa-house w-5 text-center flex-shrink-0 text-[15px]"></i>\n
            <span class="sidebar-text text-[14.5px] font-bold whitespace-nowrap">Halaman Utama</span>\n
        </a>\n
\n
        <a href="http://localhost:8000/admin/analytics"\n
           class="flex items-center gap-3 px-3 py-2.5 rounded-xl transition-all duration-200 group text-slate-500 hover:bg-slate-50 hover:text-slate-800 mb-1">\n
            <i class="fas fa-chart-line w-5 text-center flex-shrink-0 text-[15px]"></i>\n
            <span class="sidebar-text text-[14.5px] font-bold whitespace-nowrap">Analitik & Grafik</span>\n
        </a>\n
\n
        \n
        <div class="sidebar-section-label mt-6 mb-2 px-3">\n
            <span class="text-slate-500 font-black" style="font-size:11px; letter-spacing:.12em; text-transform:uppercase;">Manajemen Layanan</span>\n
        </div>\n
\n
        \n
                <a href="http://localhost:8000/admin/patients"\n
           class="flex items-center gap-3 px-3 py-2.5 rounded-xl transition-all duration-200 group text-slate-500 hover:bg-slate-50 hover:text-slate-800 mb-1">\n
            <i class="fas fa-users w-5 text-center flex-shrink-0 text-[15px]"></i>\n
            <span class="sidebar-text text-[14.5px] font-bold whitespace-nowrap">Data Warga</span>\n
        </a>\n
                <a href="http://localhost:8000/admin/posyandu"\n
           class="flex items-center gap-3 px-3 py-2.5 rounded-xl transition-all duration-200 group text-slate-500 hover:bg-slate-50 hover:text-slate-800 mb-1">\n
            <i class="fas fa-house-medical w-5 text-center flex-shrink-0 text-[15px]"></i>\n
            <span class="sidebar-text text-[14.5px] font-bold whitespace-nowrap">Data Posyandu</span>\n
        </a>\n
                <a href="http://localhost:8000/admin/schedules"\n
           class="flex items-center gap-3 px-3 py-2.5 rounded-xl transition-all duration-200 group text-slate-500 hover:bg-slate-50 hover:text-slate-800 mb-1">\n
            <i class="fas fa-calendar-days w-5 text-center flex-shrink-0 text-[15px]"></i>\n
            <span class="sidebar-text text-[14.5px] font-bold whitespace-nowrap">Jadwal Kegiatan</span>\n
        </a>\n
                <a href="http://localhost:8000/admin/medical-records"\n
           class="flex items-center gap-3 px-3 py-2.5 rounded-xl transition-all duration-200 group text-slate-500 hover:bg-slate-50 hover:text-slate-800 mb-1">\n
            <i class="fas fa-notes-medical w-5 text-center flex-shrink-0 text-[15px]"></i>\n
            <span class="sidebar-text text-[14.5px] font-bold whitespace-nowrap">Rekam Medis</span>\n
        </a>\n
        \n
        \n
                <div class="sidebar-section-label mt-6 mb-2 px-3">\n
            <span class="text-slate-500 font-black" style="font-size:11px; letter-spacing:.12em; text-transform:uppercase;">Laporan & Riwayat</span>\n
        </div>\n
\n
        <a href="http://localhost:8000/admin/reports"\n
           class="flex items-center gap-3 px-3 py-2.5 rounded-xl transition-all duration-200 group text-slate-500 hover:bg-slate-50 hover:text-slate-800 mb-1">\n
            <i class="fas fa-chart-bar w-5 text-center flex-shrink-0 text-[15px]"></i>\n
            <span class="sidebar-text text-[14.5px] font-bold whitespace-nowrap">Laporan Bulanan</span>\n
        </a>\n
\n
                \n
        \n
                <div class="sidebar-section-label mt-5 mb-1 px-2">\n
            <span class="text-slate-400 font-bold" style="font-size:9.5px; letter-spacing:.12em; text-transform:uppercase;">Konten</span>\n
        </div>\n
\n
        <a href="http://localhost:8000/admin/articles"\n
           class="flex items-center gap-3 px-3 py-2.5 rounded-xl transition-all duration-200 group text-slate-500 hover:bg-slate-50 hover:text-slate-800 mb-0.5">\n
            <i class="fas fa-newspaper w-4 text-center flex-shrink-0 text-[13px]"></i>\n
            <span class="sidebar-text text-[13px] font-semibold whitespace-nowrap">Artikel & Berita</span>\n
        </a>\n
\n
        <a href="http://localhost:8000/admin/gallery"\n
           class="flex items-center gap-3 px-3 py-2.5 rounded-xl transition-all duration-200 group text-slate-500 hover:bg-slate-50 hover:text-slate-800 mb-0.5">\n
            <i class="fas fa-images w-4 text-center flex-shrink-0 text-[13px]"></i>\n
            <span class="sidebar-text text-[13px] font-semibold whitespace-nowrap">Galeri</span>\n
        </a>\n
        \n
        \n
        \n
    </nav>\n
\n
    \n
    <div class="flex-shrink-0 p-3" style="border-top:1px solid #F1F5F9;">\n
        <div class="flex items-center gap-3 p-2 rounded-xl transition-all duration-200 cursor-pointer hover:bg-slate-50">\n
            \n
            <div class="w-8 h-8 rounded-lg flex-shrink-0 flex items-center justify-center text-white font-bold text-xs shadow-sm"\n
                 style="background:linear-gradient(135deg,#1e293b 0%,#475569 100%); font-size:11px;">\n
                YU\n
            </div>\n
\n
            \n
            <div class="sidebar-text flex-1 min-w-0">\n
                <p class="text-slate-800 font-bold truncate leading-tight" style="font-size:11px;">Yuni Susanti</p>\n
                <p class="text-slate-400 truncate" style="font-size:10px;">\n
                                        Admi n\n
                </p>\n
            </div>\n
\n
            \n
            <form method="POST" action="http://localhost:8000/logout" class="flex-shrink-0 sidebar-text">\n
                <input type="hidden" name="_token" value="" autocomplete="off">                <button type="submit"\n
                    class="w-7 h-7 flex items-center justify-center rounded-lg text-slate-400 transition-all"\n
                    onmouseenter="this.style.background='#fee2e2'; this.style.color='#ef4444';"\n
                    onmouseleave="this.style.background='transparent'; this.style.color='#94a3b8';"\n
                    title="Keluar">\n
                    <i class="fas fa-arrow-right-from-bracket" style="font-size:11px;"></i>\n
                </button>\n
            </form>\n
        </div>\n
    </div>\n
\n
</aside>\n
\n
\n
<div id="sidebarOverlay" class="fixed inset-0 bg-black/40 z-20 hidden lg:hidden backdrop-blur-sm"></div>\n
\n
<script>\n
(function () {\n
    const KEY        = 'sidebar_v2_collapsed';\n
    const sidebar    = document.getElementById('sidebar');\n
    const btn        = document.getElementById('sidebarToggleBtn');\n
    const mobileBtn  = document.getElementById('mobileSidebarToggle');\n
    const icon       = document.getElementById('toggleIcon');\n
    const main       = document.getElementById('mainContent');\n
    const overlay    = document.getElementById('sidebarOverlay');\n
    const EXP = '260px', COL = '68px';\n
\n
    let collapsed = localStorage.getItem(KEY) === 'true';\n
\n
    function apply(animate) {\n
        const isDesktop = window.innerWidth >= 1024;\n
        const width = isDesktop ? (collapsed ? COL : EXP) : (collapsed ? '0px' : EXP);\n
        \n
        // Update CSS Variable\n
        document.documentElement.style.setProperty('--sidebar-width', width);\n
\n
        if (!animate) {\n
            sidebar.style.transition = 'none';\n
            if (main) main.style.transition = 'none';\n
        }\n
\n
        if (icon) icon.style.transform = collapsed ? 'rotate(180deg)' : 'rotate(0deg)';\n
\n
        const els = document.querySelectorAll('.sidebar-text, .sidebar-section-label');\n
        els.forEach(el => {\n
            el.style.opacity  = collapsed ? '0' : '1';\n
            el.style.maxWidth = collapsed ? '0' : '200px';\n
        });\n
\n
        if (overlay) {\n
            overlay.classList.toggle('hidden', isDesktop || collapsed);\n
        }\n
\n
        if (!animate) {\n
            requestAnimationFrame(() => {\n
                sidebar.style.transition = '';\n
                if (main) main.style.transition = '';\n
            });\n
        }\n
    }\n
\n
    function toggle() {\n
        collapsed = !collapsed;\n
        localStorage.setItem(KEY, collapsed);\n
        apply(true);\n
    }\n
\n
    apply(false);\n
\n
    btn?.addEventListener('click', toggle);\n
    mobileBtn?.addEventListener('click', toggle);\n
    overlay?.addEventListener('click', toggle);\n
    window.addEventListener('resize', () => apply(false));\n
})();\n
</script>        \n
        <!-- Main Content Wrapper -->\n
        <div id="mainContent" class="flex-1 flex flex-col min-h-screen transition-all duration-300 ease-in-out relative overflow-y-auto">\n
            \n
            <!-- Navbar (Now part of the right-side flow) -->\n
                        <header id="topNavbar"\n
    class="sticky top-0 z-40 flex items-center justify-between h-16 px-4 md:px-6\n
           bg-white/95 backdrop-blur-md border-b border-slate-100 shadow-[0_1px_3px_0_rgb(0,0,0,.04)]\n
           transition-shadow duration-200"\n
    style="font-family:'Public Sans','Inter',sans-serif;">\n
\n
    \n
    <div class="flex items-center gap-3 min-w-0">\n
\n
        \n
        <button id="mobileSidebarToggle"\n
            class="lg:hidden w-9 h-9 flex items-center justify-center rounded-xl\n
                   text-slate-500 border border-slate-200 hover:bg-slate-50\n
                   active:scale-95 transition-all duration-150 flex-shrink-0">\n
            <i class="fas fa-bars" style="font-size:14px;"></i>\n
        </button>\n
\n
        \n
        <div class="hidden sm:flex flex-col justify-center min-w-0">\n
            <h1 class="text-slate-900 font-extrabold leading-tight truncate" style="font-size:18px; letter-spacing:-0.02em;">\n
                Dashboard\n
            </h1>\n
            <p class="text-slate-500 font-bold leading-none mt-1 truncate" style="font-size:12.5px;">\n
                Sistem Informasi Posyandu\n
            </p>\n
        </div>\n
    </div>\n
\n
    \n
    <div class="flex items-center gap-2 md:gap-3 flex-shrink-0" x-data="{ notifOpen: false, profileOpen: false }">\n
\n
        \n
        <div wire:snapshot="{&quot;data&quot;:{&quot;search&quot;:&quot;&quot;},&quot;memo&quot;:{&quot;id&quot;:&quot;E5O8pIHYgi7lyvps9ekR&quot;,&quot;name&quot;:&quot;global-search&quot;,&quot;path&quot;:&quot;livewire-unit-test-endpoint\/9cKPRT6ekwd0zzsCorAJ&quot;,&quot;method&quot;:&quot;GET&quot;,&quot;children&quot;:[],&quot;scripts&quot;:[],&quot;assets&quot;:[],&quot;errors&quot;:[],&quot;locale&quot;:&quot;id&quot;},&quot;checksum&quot;:&quot;f731571063c65fff2a99c62696ad0c49e296c01dba21c68a840fc0bd94b66679&quot;}" wire:effects="[]" wire:id="E5O8pIHYgi7lyvps9ekR" class="relative w-full lg:max-w-md" x-data="{ open: false }" @click.away="open = false">\n
    \n
    <div class="relative group">\n
        <i class="fas fa-search absolute left-3.5 top-1/2 -translate-y-1/2 text-slate-400 group-focus-within:text-teal-500 transition-colors pointer-events-none" style="font-size:12px;"></i>\n
        <input \n
            wire:model.live.debounce.300ms="search"\n
            @focus="open = true"\n
            @keydown.slash.window.prevent="$el.focus()"\n
            type="text" \n
            placeholder="Cari pasien, jadwal, atau artikel... [/]"\n
            class="w-full h-10 pl-9 pr-4 rounded-xl border border-slate-200 bg-slate-50 text-slate-700 placeholder-slate-400 text-[14px] font-bold focus:outline-none focus:ring-4 focus:ring-teal-500/10 focus:border-teal-400 focus:bg-white transition-all duration-300"\n
        >\n
        \n
        \n
        <div wire:loading class="absolute right-3 top-1/2 -translate-y-1/2">\n
            <svg class="animate-spin h-4 w-4 text-teal-500" xmlns="http://www.w3.org/2000/svg" fill="none" viewBox="0 0 24 24">\n
                <circle class="opacity-25" cx="12" cy="12" r="10" stroke="currentColor" stroke-width="4"></circle>\n
                <path class="opacity-75" fill="currentColor" d="M4 12a8 8 0 018-8V0C5.373 0 0 5.373 0 12h4zm2 5.291A7.962 7.962 0 014 12H0c0 3.042 1.135 5.824 3 7.938l3-2.647z"></path>\n
            </svg>\n
        </div>\n
    </div>\n
\n
    \n
    <div \n
        x-show="open && $wire.search.length >= 2"\n
        x-transition:enter="transition ease-out duration-200"\n
        x-transition:enter-start="opacity-0 translate-y-1"\n
        x-transition:enter-end="opacity-100 translate-y-0"\n
        x-cloak\n
        class="absolute mt-2 w-full bg-white rounded-2xl shadow-2xl border border-slate-100 overflow-hidden z-50"\n
    >\n
        <!--[if BLOCK]><![endif]-->            <div class="p-8 text-center">\n
                <div class="w-12 h-12 bg-slate-50 rounded-full flex items-center justify-center mx-auto mb-3">\n
                    <i class="fas fa-search text-slate-300"></i>\n
                </div>\n
                <p class="text-[13px] font-bold text-slate-600">Tidak ada hasil ditemukan</p>\n
                <p class="text-[11px] text-slate-400 mt-1">Coba kata kunci lain atau periksa ejaan Anda</p>\n
            </div>\n
        <!--[if ENDBLOCK]><![endif]-->\n
    </div>\n
</div>\n
\n
        \n
        <button id="mobileSearchBtn"\n
            class="lg:hidden w-9 h-9 flex items-center justify-center rounded-xl\n
                   text-slate-500 border border-slate-200 hover:bg-slate-50\n
                   active:scale-95 transition-all duration-150">\n
            <i class="fas fa-search" style="font-size:13px;"></i>\n
        </button>\n
\n
        \n
        <div class="relative">\n
            <button @click="notifOpen = !notifOpen; profileOpen = false" \n
                class="w-10 h-10 flex items-center justify-center rounded-xl\n
                       text-slate-500 border border-slate-200 hover:bg-slate-100 hover:text-teal-600\n
                       active:scale-95 transition-all duration-150 relative shadow-sm bg-white">\n
                <i class="fas fa-bell" style="font-size:14px;"></i>\n
                \n
                <span class="absolute top-2 right-2 w-2.5 h-2.5 rounded-full bg-red-500 border-2 border-white"></span>\n
            </button>\n
\n
            \n
            <div x-show="notifOpen" \n
                @click.away="notifOpen = false"\n
                x-transition:enter="transition ease-out duration-200"\n
                x-transition:enter-start="opacity-0 translate-y-1"\n
                x-transition:enter-end="opacity-100 translate-y-0"\n
                class="absolute right-0 mt-3 w-80 md:w-96 bg-white rounded-3xl shadow-2xl\n
                       border border-slate-100 overflow-hidden z-50 py-2">\n
\n
                \n
                <div class="flex items-center justify-between px-5 py-4 border-b border-slate-50">\n
                    <span class="text-slate-900 font-black text-sm">Notifikasi</span>\n
                    <span class="text-[10px] font-black text-white px-2.5 py-1 rounded-full bg-red-500 uppercase tracking-widest">3 Baru</span>\n
                </div>\n
\n
                \n
                <div class="divide-y divide-slate-50 max-h-96 overflow-y-auto custom-scrollbar">\n
                    \n
                                                            <a href="http://localhost:8000/admin/schedules" class="flex items-start gap-4 px-5 py-4 hover:bg-slate-100 transition-colors cursor-pointer bg-blue-50/20">\n
                        <div class="w-10 h-10 rounded-2xl flex items-center justify-center flex-shrink-0 bg-blue-100 text-blue-600 shadow-sm">\n
                            <i class="fas fa-calendar-check" style="font-size:14px;"></i>\n
                        </div>\n
                        <div class="flex-1 min-w-0">\n
                            <p class="text-slate-800 font-black text-[13px] leading-tight">Jadwal Posyandu Besok</p>\n
                            <p class="text-slate-500 text-[12px] mt-1 line-clamp-1 font-medium">Posyandu Melati — 08.00 WIB</p>\n
                            <p class="text-slate-400 text-[10px] mt-1.5 font-bold uppercase tracking-wider">5 menit lalu</p>\n
                        </div>\n
                                                <div class="w-2.5 h-2.5 rounded-full bg-blue-500 flex-shrink-0 mt-2 shadow-sm shadow-blue-500/30"></div>\n
                                            </a>\n
                                                            <a href="http://localhost:8000/admin/patients" class="flex items-start gap-4 px-5 py-4 hover:bg-slate-100 transition-colors cursor-pointer bg-blue-50/20">\n
                        <div class="w-10 h-10 rounded-2xl flex items-center justify-center flex-shrink-0 bg-emerald-100 text-emerald-600 shadow-sm">\n
                            <i class="fas fa-user-plus" style="font-size:14px;"></i>\n
                        </div>\n
                        <div class="flex-1 min-w-0">\n
                            <p class="text-slate-800 font-black text-[13px] leading-tight">Pasien Baru Terdaftar</p>\n
                            <p class="text-slate-500 text-[12px] mt-1 line-clamp-1 font-medium">Budi Santoso telah didaftarkan</p>\n
                            <p class="text-slate-400 text-[10px] mt-1.5 font-bold uppercase tracking-wider">1 jam lalu</p>\n
                        </div>\n
                                                <div class="w-2.5 h-2.5 rounded-full bg-blue-500 flex-shrink-0 mt-2 shadow-sm shadow-blue-500/30"></div>\n
                                            </a>\n
                                                            <a href="http://localhost:8000/admin/medical-records" class="flex items-start gap-4 px-5 py-4 hover:bg-slate-100 transition-colors cursor-pointer bg-blue-50/20">\n
                        <div class="w-10 h-10 rounded-2xl flex items-center justify-center flex-shrink-0 bg-violet-100 text-violet-600 shadow-sm">\n
                            <i class="fas fa-notes-medical" style="font-size:14px;"></i>\n
                        </div>\n
                        <div class="flex-1 min-w-0">\n
                            <p class="text-slate-800 font-black text-[13px] leading-tight">Rekam Medis Diperbarui</p>\n
                            <p class="text-slate-500 text-[12px] mt-1 line-clamp-1 font-medium">Data Siti Aminah diperbarui</p>\n
                            <p class="text-slate-400 text-[10px] mt-1.5 font-bold uppercase tracking-wider">3 jam lalu</p>\n
                        </div>\n
                                                <div class="w-2.5 h-2.5 rounded-full bg-blue-500 flex-shrink-0 mt-2 shadow-sm shadow-blue-500/30"></div>\n
                                            </a>\n
                                                            <a href="http://localhost:8000/admin/reports" class="flex items-start gap-4 px-5 py-4 hover:bg-slate-100 transition-colors cursor-pointer ">\n
                        <div class="w-10 h-10 rounded-2xl flex items-center justify-center flex-shrink-0 bg-amber-100 text-amber-600 shadow-sm">\n
                            <i class="fas fa-chart-bar" style="font-size:14px;"></i>\n
                        </div>\n
                        <div class="flex-1 min-w-0">\n
                            <p class="text-slate-800 font-black text-[13px] leading-tight">Laporan Bulan Ini Siap</p>\n
                            <p class="text-slate-500 text-[12px] mt-1 line-clamp-1 font-medium">Laporan April 2026 tersedia</p>\n
                            <p class="text-slate-400 text-[10px] mt-1.5 font-bold uppercase tracking-wider">1 hari lalu</p>\n
                        </div>\n
                                            </a>\n
                                    </div>\n
\n
                \n
                <div class="px-5 py-4 border-t border-slate-50 text-center">\n
                    <a href="#" class="text-[12px] font-black text-teal-600 hover:text-teal-800 transition-colors uppercase tracking-widest">\n
                        Lihat semua notifikasi\n
                    </a>\n
                </div>\n
            </div>\n
        </div>\n
\n
        \n
        <div class="hidden sm:block w-px h-6 bg-slate-100 mx-1"></div>\n
\n
        \n
        <div class="relative">\n
            <button @click="profileOpen = !profileOpen; notifOpen = false"\n
                class="flex items-center gap-3 pl-1.5 pr-3 py-1.5 rounded-2xl\n
                       hover:bg-slate-100 active:scale-95 transition-all duration-150 group bg-white border border-transparent hover:border-slate-200">\n
\n
                \n
                <div class="w-9 h-9 rounded-xl flex items-center justify-center text-white font-black flex-shrink-0 shadow-lg"\n
                     style="background:linear-gradient(135deg,#1e40af 0%,#3b82f6 100%); font-size:12px; letter-spacing:.05em;">\n
                    YS\n
                </div>\n
\n
                \n
                <div class="hidden md:flex flex-col items-start leading-tight">\n
                    <span class="text-slate-900 font-black text-[13px] tracking-tight flex items-center gap-1.5">\n
                        Yuni\n
                        <span class="px-1.5 py-0.5 rounded-md bg-slate-100 text-slate-500 text-[9px] uppercase font-black">Admi n</span>\n
                    </span>\n
                    <span class="text-slate-400 font-bold text-[10px] tracking-tight">iandriani@example.org</span>\n
                </div>\n
\n
                <i class="fas fa-chevron-down text-slate-300 group-hover:text-teal-600 transition-all duration-300 hidden md:block"\n
                   :class="profileOpen ? 'rotate-180' : ''"\n
                   style="font-size:10px;"></i>\n
            </button>\n
\n
            \n
            <div x-show="profileOpen"\n
                @click.away="profileOpen = false"\n
                x-transition:enter="transition ease-out duration-200"\n
                x-transition:enter-start="opacity-0 translate-y-1"\n
                x-transition:enter-end="opacity-100 translate-y-0"\n
                class="absolute right-0 mt-3 w-72 bg-white rounded-3xl shadow-2xl\n
                       border border-slate-100 overflow-hidden z-50 p-2">\n
\n
                \n
                <div class="px-4 py-5 rounded-2xl mb-2"\n
                     style="background: linear-gradient(135deg, #f8fafc 0%, #f1f5f9 100%);">\n
                    <div class="flex items-center gap-4">\n
                        <div class="w-12 h-12 rounded-2xl flex items-center justify-center text-white font-black shadow-xl"\n
                             style="background:linear-gradient(135deg,#1e40af 0%,#3b82f6 100%); font-size:14px;">\n
                            YS\n
                        </div>\n
                        <div class="min-w-0">\n
                            <p class="text-slate-900 font-black text-sm truncate">Yuni Susanti</p>\n
                            <p class="text-slate-500 font-medium text-[11px] truncate mb-1">iandriani@example.org</p>\n
                            <span class="inline-flex items-center px-2.5 py-0.5 rounded-full text-[9px] font-black uppercase tracking-widest bg-blue-100 text-blue-700">\n
                                Admi n\n
                            </span>\n
                        </div>\n
                    </div>\n
                </div>\n
\n
                \n
                <div class="space-y-1">\n
                    \n
                                        <a href="http://localhost:8000/dashboard"\n
                       class="flex items-center gap-3 px-4 py-3 text-slate-600 hover:bg-slate-50\n
                              hover:text-teal-600 rounded-xl transition-all group font-bold">\n
                        <div class="w-8 h-8 rounded-xl flex items-center justify-center bg-slate-100\n
                                    group-hover:bg-teal-50 group-hover:text-teal-600 transition-all flex-shrink-0">\n
                            <i class="fas fa-house" style="font-size:12px;"></i>\n
                        </div>\n
                        <span class="text-[13px]">Dashboard</span>\n
                    </a>\n
                                        <a href="http://localhost:8000/admin/schedules"\n
                       class="flex items-center gap-3 px-4 py-3 text-slate-600 hover:bg-slate-50\n
                              hover:text-teal-600 rounded-xl transition-all group font-bold">\n
                        <div class="w-8 h-8 rounded-xl flex items-center justify-center bg-slate-100\n
                                    group-hover:bg-teal-50 group-hover:text-teal-600 transition-all flex-shrink-0">\n
                            <i class="fas fa-calendar-days" style="font-size:12px;"></i>\n
                        </div>\n
                        <span class="text-[13px]">Jadwal Kegiatan</span>\n
                    </a>\n
                                        <a href="http://localhost:8000/admin/reports"\n
                       class="flex items-center gap-3 px-4 py-3 text-slate-600 hover:bg-slate-50\n
                              hover:text-teal-600 rounded-xl transition-all group font-bold">\n
                        <div class="w-8 h-8 rounded-xl flex items-center justify-center bg-slate-100\n
                                    group-hover:bg-teal-50 group-hover:text-teal-600 transition-all flex-shrink-0">\n
                            <i class="fas fa-chart-bar" style="font-size:12px;"></i>\n
                        </div>\n
                        <span class="text-[13px]">Laporan Bulanan</span>\n
                    </a>\n
                                    </div>\n
\n
                \n
                <div class="mt-2 pt-2 border-t border-slate-50">\n
                    <form method="POST" action="http://localhost:8000/logout">\n
                        <input type="hidden" name="_token" value="" autocomplete="off">                        <button type="submit"\n
                            class="w-full flex items-center gap-3 px-4 py-3 text-red-500\n
                                   hover:bg-red-50 rounded-xl transition-all group font-bold">\n
                            <div class="w-8 h-8 rounded-xl flex items-center justify-center bg-red-50\n
                                        group-hover:bg-red-100 transition-all flex-shrink-0">\n
                                <i class="fas fa-arrow-right-from-bracket" style="font-size:12px;"></i>\n
                            </div>\n
                            <span class="text-[13px]">Keluar Aplikasi</span>\n
                        </button>\n
                    </form>\n
                </div>\n
            </div>\n
        </div>\n
\n
    </div>\n
</header>\n
\n
\n
<div id="mobileSearchBar"\n
    class="hidden lg:hidden px-4 py-2.5 bg-white border-b border-slate-100 shadow-sm">\n
    <div class="relative">\n
        <i class="fas fa-search absolute left-3.5 top-1/2 -translate-y-1/2 text-slate-400 pointer-events-none"\n
           style="font-size:12px;"></i>\n
        <input type="text"\n
            placeholder="Cari pasien, jadwal, artikel…"\n
            class="w-full h-9 pl-9 pr-4 rounded-xl border border-slate-200 bg-slate-50\n
                   text-slate-700 placeholder-slate-400 text-[13px] font-medium\n
                   focus:outline-none focus:ring-2 focus:ring-slate-900/10 focus:border-slate-300\n
                   focus:bg-white transition-all">\n
    </div>\n
</div>\n
\n
\n
<script>\n
(function () {\n
    // Mobile search toggle\n
    const mobileSearchBtn = document.getElementById('mobileSearchBtn');\n
    const mobileSearchBar = document.getElementById('mobileSearchBar');\n
    if (mobileSearchBtn && mobileSearchBar) {\n
        mobileSearchBtn.addEventListener('click', function () {\n
            mobileSearchBar.classList.toggle('hidden');\n
            if (!mobileSearchBar.classList.contains('hidden')) {\n
                mobileSearchBar.querySelector('input')?.focus();\n
            }\n
        });\n
    }\n
})();\n
</script>\n
            \n
            <!-- Main Content Area -->\n
            <main class="flex-1 p-4 md:p-8">\n
                <div class="w-full max-w-full px-4 sm:px-6 lg:px-8 py-8">\n
    <!-- Admin Header -->\n
    <div class="flex flex-col sm:flex-row justify-between items-start sm:items-center gap-4 mb-8 w-full">\n
        <div class="flex-1 min-w-0 w-full">\n
            <h1 class="text-2xl font-bold text-gray-900 truncate"> Buku KIA Digital:  </h1>\n
        </div>\n
        \n
                    <div class="flex flex-wrap gap-3 items-center justify-start sm:justify-end shrink-0 w-full sm:w-auto">\n
                    <!--[if BLOCK]><![endif]-->    \n
    <a\n
        href="http://localhost:8000/admin/patients"\n
        class="inline-flex items-center justify-center font-semibold\n
             whitespace-nowrap select-none\n
             transition-all duration-150\n
             focus:outline-none focus-visible:outline-none\n
             min-h-[touch-target] h-11 px-6   text-[15.5px] gap-2.5 rounded-xl bg-surface-container-lowest text-on-surface border border-outline-variant\n
                        hover:bg-surface-container hover:border-outline\n
                        focus-visible:ring-2 focus-visible:ring-primary/30\n
                        active:scale-[.97]"\n
                style="font-family:'Public Sans',sans-serif;"\n
    >\n
        <!--[if BLOCK]><![endif]-->            <span class="material-symbols-outlined text-[18px] leading-none">arrow_back</span>\n
        <!--[if ENDBLOCK]><![endif]-->\n
\n
        Kembali\n
\n
        <!--[if BLOCK]><![endif]--><!--[if ENDBLOCK]><![endif]-->\n
    </a>\n
<!--[if ENDBLOCK]><![endif]-->\n
            </div>\n
            </div>\n
    \n
    <!-- Admin Content -->\n
    <div class="bg-white rounded-lg shadow-md overflow-hidden">\n
                    <div wire:key="growth-chart-root" class="space-y-6">\n
    \n
    \n
    <div class="bg-white border border-slate-200 rounded-[2.5rem] p-8 shadow-sm relative overflow-hidden group">\n
        <div class="absolute right-0 top-0 w-64 h-64 bg-teal-50 rounded-full -mr-20 -mt-20 transition-transform group-hover:scale-110 duration-700 opacity-50"></div>\n
        \n
        <div class="relative z-10 flex flex-col md:flex-row items-center gap-8">\n
            <div class="w-32 h-32 rounded-[2rem] bg-teal-100 flex items-center justify-center text-teal-600 shadow-inner border-4 border-white">\n
                <span class="material-symbols-outlined text-[64px]">child_care</span>\n
            </div>\n
            \n
            <div class="flex-1 text-center md:text-left">\n
                <div class="flex flex-wrap items-center justify-center md:justify-start gap-3 mb-2">\n
                    <h2 class="text-3xl font-black text-slate-900 tracking-tight"></h2>\n
                    <span class="px-4 py-1 rounded-full bg-teal-500 text-white text-[10px] font-black uppercase tracking-widest shadow-lg shadow-teal-500/20">\n
                        \n
                    </span>\n
                </div>\n
                <div class="flex flex-wrap justify-center md:justify-start gap-6 text-slate-500 text-sm font-bold">\n
                    <div class="flex items-center gap-2">\n
                        <span class="material-symbols-outlined text-[18px] text-teal-500">fingerprint</span>\n
                        NIK: \n
                    </div>\n
                    <div class="flex items-center gap-2">\n
                        <span class="material-symbols-outlined text-[18px] text-teal-500">cake</span>\n
                        03 Mei 2026\n
                    </div>\n
                    <div class="flex items-center gap-2">\n
                        <span class="material-symbols-outlined text-[18px] text-teal-500">location_on</span>\n
                        Unit Belum Terdaftar\n
                    </div>\n
                </div>\n
            </div>\n
            \n
            <div class="bg-slate-50 rounded-3xl p-6 border border-slate-100 text-center min-w-[160px]">\n
                <p class="text-[10px] font-black text-slate-400 uppercase tracking-widest mb-1">Status Gizi</p>\n
                <p class="text-xl font-black text-emerald-600 leading-none">Normal</p>\n
                <div class="w-full bg-emerald-100 h-1.5 rounded-full mt-3 overflow-hidden">\n
                    <div class="bg-emerald-500 h-full w-[85%] rounded-full"></div>\n
                </div>\n
            </div>\n
        </div>\n
    </div>\n
\n
    \n
    <div class="grid grid-cols-1 lg:grid-cols-12 gap-8">\n
        \n
        \n
        <div class="lg:col-span-8 space-y-6">\n
            <div class="bg-white border border-slate-200 rounded-[2.5rem] p-6 md:p-8 shadow-sm">\n
                <div class="flex flex-col sm:flex-row items-start sm:items-center justify-between gap-4 mb-8">\n
                    <div>\n
                        <h3 class="text-lg font-black text-slate-800 tracking-tight">Grafik Antropometri WHO</h3>\n
                        <p class="text-[10px] font-bold text-slate-400 uppercase tracking-widest mt-1">Pantau tumbuh kembang setiap bulan</p>\n
                    </div>\n
                    \n
                    <div class="flex bg-slate-100 p-1.5 rounded-2xl w-full sm:w-auto shadow-inner" x-data="{ active: 'wfa' }">\n
                        <button \n
                            type="button"\n
                            x-on:click="active = 'wfa'; $wire.switchChart('wfa')" \n
                            :class="active === 'wfa' ? 'bg-white shadow-md text-teal-600' : 'text-slate-500 hover:bg-white/50'"\n
                            class="flex-1 px-5 py-2 text-[10px] font-black uppercase tracking-[0.15em] rounded-xl transition-all duration-300"\n
                        >\n
                            BB / U\n
                        </button>\n
                        <button \n
                            type="button"\n
                            x-on:click="active = 'hfa'; $wire.switchChart('hfa')" \n
                            :class="active === 'hfa' ? 'bg-white shadow-md text-teal-600' : 'text-slate-500 hover:bg-white/50'"\n
                            class="flex-1 px-5 py-2 text-[10px] font-black uppercase tracking-[0.15em] rounded-xl transition-all duration-300"\n
                        >\n
                            TB / U\n
                        </button>\n
                    </div>\n
                </div>\n
\n
                <div class="relative" style="height: 400px;">\n
                    <canvas id="growthChart" wire:ignore></canvas>\n
                    <div wire:loading class="absolute inset-0 bg-white/80 backdrop-blur-sm flex items-center justify-center z-10 rounded-3xl transition-all">\n
                        <div class="animate-spin rounded-full h-12 w-12 border-4 border-teal-500 border-t-transparent"></div>\n
                    </div>\n
                </div>\n
            </div>\n
\n
            \n
            <div class="bg-white border border-slate-200 rounded-[2.5rem] p-6 md:p-8 shadow-sm">\n
                <div class="flex items-center justify-between mb-6">\n
                    <h3 class="text-lg font-black text-slate-800 tracking-tight">Riwayat Pemeriksaan Terakhir</h3>\n
                    <a href="#" class="text-[10px] font-black text-teal-600 uppercase tracking-widest hover:underline">Lihat Semua →</a>\n
                </div>\n
                \n
                <div class="overflow-x-auto">\n
                    <table class="w-full text-left">\n
                        <thead>\n
                            <tr class="border-b border-slate-50">\n
                                <th class="pb-4 text-[10px] font-black text-slate-400 uppercase tracking-widest">Tgl Kunjungan</th>\n
                                <th class="pb-4 text-[10px] font-black text-slate-400 uppercase tracking-widest">Berat</th>\n
                                <th class="pb-4 text-[10px] font-black text-slate-400 uppercase tracking-widest">Tinggi</th>\n
                                <th class="pb-4 text-[10px] font-black text-slate-400 uppercase tracking-widest">LILA</th>\n
                                <th class="pb-4 text-right text-[10px] font-black text-slate-400 uppercase tracking-widest">Status</th>\n
                            </tr>\n
                        </thead>\n
                        <tbody class="divide-y divide-slate-50">\n
                            <!--[if BLOCK]><![endif]--><!--[if ENDBLOCK]><![endif]-->\n
                        </tbody>\n
                    </table>\n
                </div>\n
            </div>\n
        </div>\n
\n
        \n
        <div class="lg:col-span-4 space-y-6">\n
            \n
            <div class="grid grid-cols-2 gap-4">\n
                <div class="p-6 bg-teal-50 rounded-[2rem] border border-teal-100 flex flex-col items-center text-center shadow-sm hover:shadow-md transition-shadow">\n
                    <span class="material-symbols-outlined text-teal-600 mb-2">cake</span>\n
                    <p class="text-[9px] font-black text-teal-600/60 uppercase tracking-widest">Usia</p>\n
                    <p class="text-xl font-black text-teal-900">0 Bln</p>\n
                </div>\n
                <div class="p-6 bg-blue-50 rounded-[2rem] border border-blue-100 flex flex-col items-center text-center shadow-sm hover:shadow-md transition-shadow">\n
                    <span class="material-symbols-outlined text-blue-600 mb-2">vaccines</span>\n
                    <p class="text-[9px] font-black text-blue-600/60 uppercase tracking-widest">Imunisasi</p>\n
                    <p class="text-xl font-black text-blue-900">8/12</p>\n
                </div>\n
            </div>\n
\n
            \n
            <div class="bg-slate-900 rounded-[2.5rem] p-8 text-white relative overflow-hidden shadow-2xl shadow-slate-200">\n
                <div class="absolute right-0 top-0 w-32 h-32 bg-white/5 rounded-full -mr-16 -mt-16"></div>\n
                <div class="relative z-10">\n
                    <div class="flex items-center justify-between mb-8">\n
                        <span class="text-[10px] font-black uppercase tracking-[0.2em] text-slate-400">Digital Health Pass</span>\n
                        <span class="material-symbols-outlined text-teal-400">qr_code_2</span>\n
                    </div>\n
                    <div class="space-y-4">\n
                        <div class="flex justify-between items-end">\n
                            <div>\n
                                <p class="text-[9px] font-black text-slate-500 uppercase tracking-widest mb-1">Terakhir Diperiksa</p>\n
                                <p class="text-sm font-bold">N/A</p>\n
                            </div>\n
                            <div class="text-right">\n
                                <p class="text-[9px] font-black text-slate-500 uppercase tracking-widest mb-1">Oleh Kader</p>\n
                                <p class="text-sm font-bold">Sistem</p>\n
                            </div>\n
                        </div>\n
                    </div>\n
                </div>\n
            </div>\n
\n
            \n
            <div class="bg-amber-50 border border-amber-100 rounded-[2.5rem] p-8">\n
                <div class="flex items-center gap-3 mb-4">\n
                    <div class="w-10 h-10 rounded-2xl bg-amber-100 text-amber-600 flex items-center justify-center">\n
                        <span class="material-symbols-outlined text-[20px]">lightbulb</span>\n
                    </div>\n
                    <h4 class="font-black text-slate-800 text-sm uppercase tracking-widest">Tips Kesehatan</h4>\n
                </div>\n
                <p class="text-sm text-slate-600 leading-relaxed font-medium">\n
                    "Pastikan  mendapatkan asupan protein hewani dan ASI eksklusif hingga usia 2 tahun untuk mencegah stunting."\n
                </p>\n
            </div>\n
        </div>\n
    </div>\n
\n
        </div>\n
            </div>\n
</div>\n
            </main>\n
            \n
            <!-- Footer -->\n
            <footer class="border-t border-outline-variant py-5 mt-auto"\n
        style="background:var(--color-surface-container-low, #f0f5f2); font-family:'Public Sans',sans-serif;">\n
    <div class="px-6 md:px-8 flex flex-col sm:flex-row justify-between items-center gap-3">\n
\n
        <p class="text-[12px] font-medium text-on-surface-variant">\n
            &copy; 2026\n
            <span class="font-bold text-primary">Posyandu Admin</span>.\n
            Sistem Pengelolaan Data Posyandu Bekasi Timur.\n
        </p>\n
\n
        <div class="flex items-center gap-3 text-[11px] font-semibold uppercase tracking-wider text-outline">\n
            <span>v1.0.0</span>\n
            <span class="w-1 h-1 rounded-full bg-outline-variant"></span>\n
            <span>Admin Dashboard</span>\n
        </div>\n
\n
    </div>\n
</footer>\n
        </div>\n
    </div>\n
\n
    <!-- WAJIB: Livewire Scripts -->\n
    <!-- Livewire Scripts -->\n
<script src="/livewire/livewire.js?id=df3a17f2"   data-csrf="" data-update-uri="/livewire/update" data-navigate-once="true"></script>\n
    \n
    <!-- Flash Messages (Success & Error) -->\n
    \n
    \n
        \n
        \n
</body>\n
</html>

  To contain: Grafik Pertumbuhan Balita

  at vendor\livewire\livewire\src\Features\SupportTesting\MakesAssertions.php:14
     10▕ {
     11▕     function assertSee($values, $escape = true, $stripInitialData = true)
     12▕     {
     13▕         foreach (Arr::wrap($values) as $value) {
  ➜  14▕             PHPUnit::assertStringContainsString(
     15▕                 $escape ? e($value): $value,
     16▕                 $this->html($stripInitialData)
     17▕             );
     18▕         }

  1   vendor\livewire\livewire\src\Features\SupportTesting\MakesAssertions.php:14
  2   tests\Feature\GrowthChartTest.php:64

  ────────────────────────────────────────────────────────────────────────────────────────────────────────────────────  
   FAILED  Tests\Feature\GrowthChartTest > it shows empty state when patient has no medical records                     
  Expected: <!DOCTYPE html>\n
<html wire:snapshot="" wire:effects="" wire:id="6dhhK54orYWkYNJ5A8C4" lang="id">\n
<head>\n
    <meta charset="utf-8">\n
    <meta name="viewport" content="width=device-width, initial-scale=1">\n
    <meta name="csrf-token" content="">\n
\n
    <title>Posyandu Admin - Dashboard</title>\n
\n
    <!-- Fonts (Public Sans) -->\n
    <link rel="preconnect" href="https://fonts.googleapis.com">\n
    <link rel="preconnect" href="https://fonts.gstatic.com" crossorigin>\n
    <link href="https://fonts.googleapis.com/css2?family=Public+Sans:wght@300;400;500;600;700;800&display=swap" rel="stylesheet"/>\n
    \n
    <!-- Font Awesome -->\n
    <link rel="stylesheet" href="https://cdnjs.cloudflare.com/ajax/libs/font-awesome/6.4.0/css/all.min.css">\n
\n
    <!-- Material Symbols -->\n
    <link href="https://fonts.googleapis.com/css2?family=Material+Symbols+Outlined:opsz,wght,FILL,GRAD@20..48,100..700,0..1,-50..200" rel="stylesheet" />\n
\n
    <!-- Chart.js for Growth Charts -->\n
    <script src="https://cdn.jsdelivr.net/npm/chart.js@4.4.0/dist/chart.umd.min.js"></script>\n
\n
    <!-- Scripts & Styles (Vite) -->\n
    <script type="module" src="http://[::1]:5173/@vite/client" data-navigate-track="reload"></script><link rel="stylesheet" href="http://[::1]:5173/resources/css/app.css" data-navigate-track="reload" /><script type="module" src="http://[::1]:5173/resources/js/app.js" data-navigate-track="reload"></script>\n
    <!-- WAJIB: Livewire Styles -->\n
    <!-- Livewire Styles --><style >[wire\:loading][wire\:loading], [wire\:loading\.delay][wire\:loading\.delay], [wire\:loading\.inline-block][wire\:loading\.inline-block], [wire\:loading\.inline][wire\:loading\.inline], [wire\:loading\.block][wire\:loading\.block], [wire\:loading\.flex][wire\:loading\.flex], [wire\:loading\.table][wire\:loading\.table], [wire\:loading\.grid][wire\:loading\.grid], [wire\:loading\.inline-flex][wire\:loading\.inline-flex] {display: none;}[wire\:loading\.delay\.none][wire\:loading\.delay\.none], [wire\:loading\.delay\.shortest][wire\:loading\.delay\.shortest], [wire\:loading\.delay\.shorter][wire\:loading\.delay\.shorter], [wire\:loading\.delay\.short][wire\:loading\.delay\.short], [wire\:loading\.delay\.default][wire\:loading\.delay\.default], [wire\:loading\.delay\.long][wire\:loading\.delay\.long], [wire\:loading\.delay\.longer][wire\:loading\.delay\.longer], [wire\:loading\.delay\.longest][wire\:loading\.delay\.longest] {display: none;}[wire\:offline][wire\:offline] {display: none;}[wire\:dirty]:not(textarea):not(input):not(select) {display: none;}:root {--livewire-progress-bar-color: #2299dd;}[x-cloak] {display: none !important;}[wire\:cloak] {display: none !important;}</style>\n
    \n
    <style>\n
        :root { --sidebar-width: 260px; }\n
        @media (min-width: 1024px) {\n
            #mainContent { \n
                margin-left: var(--sidebar-width) !important; \n
                width: calc(100% - var(--sidebar-width)) !important; \n
            }\n
            #sidebar { width: var(--sidebar-width) !important; }\n
        }\n
    </style>\n
\n
    <style>\n
    /* Custom styles that extend Tailwind */\n
    .admin-table {\n
        @apply min-w-full divide-y divide-gray-200;\n
    }\n
    .admin-table thead {\n
        @apply bg-gray-50;\n
    }\n
    .admin-table th {\n
        @apply px-6 py-3 text-left text-xs font-medium text-gray-500 uppercase tracking-wider;\n
    }\n
    .admin-table tbody {\n
        @apply bg-white divide-y divide-gray-200;\n
    }\n
    .admin-table td {\n
        @apply px-6 py-4 whitespace-nowrap text-sm text-gray-500;\n
    }\n
    \n
    /* Status badges */\n
    .status-badge {\n
        @apply inline-flex items-center px-2.5 py-0.5 rounded-full text-xs font-medium;\n
    }\n
    .status-active {\n
        @apply bg-green-100 text-green-800;\n
    }\n
    .status-inactive {\n
        @apply bg-red-100 text-red-800;\n
    }\n
    .status-pending {\n
        @apply bg-yellow-100 text-yellow-800;\n
    }\n
    \n
    /* Card variations */\n
    .card-primary {\n
        @apply bg-white rounded-lg shadow border border-gray-200;\n
    }\n
    .card-secondary {\n
        @apply bg-gray-50 rounded-lg shadow-inner border border-gray-100;\n
    }\n
</style>\n
</head>\n
<body class="font-sans antialiased bg-slate-50 text-slate-900">\n
\n
    <div class="min-h-screen flex overflow-hidden bg-dashboard">\n
        <!-- Sidebar -->\n
        <aside id="sidebar"\n
    class="flex-shrink-0 flex flex-col h-screen fixed top-0 left-0 z-30 overflow-hidden transition-all duration-300 ease-in-out"\n
    style="width:260px; background:#FFFFFF; border-right:1px solid #F1F5F9;">\n
\n
    \n
    <div class="h-16 flex items-center justify-between px-5 flex-shrink-0" style="border-bottom:1px solid #F1F5F9;">\n
        <a href="http://localhost:8000/dashboard" class="flex items-center gap-3 group sidebar-logo min-w-0">\n
            <div class="w-10 h-10 rounded-2xl flex items-center justify-center flex-shrink-0 shadow-sm"\n
                 style="background:linear-gradient(135deg,#0d9488 0%,#0f766e 100%);">\n
                <i class="fas fa-heartbeat text-white" style="font-size:16px;"></i>\n
            </div>\n
            <div class="sidebar-text overflow-hidden">\n
                <span class="block font-black text-slate-900 tracking-tight leading-none" style="font-size:17px;">Posyandu</span>\n
                <span class="block text-slate-500 font-bold" style="font-size:11px; letter-spacing:.06em; margin-top:2px;">DASHBOARD ADMIN</span>\n
            </div>\n
        </a>\n
\n
        <button id="sidebarToggleBtn"\n
            class="hidden lg:flex w-7 h-7 items-center justify-center rounded-lg transition-all flex-shrink-0"\n
            style="color:#94a3b8; hover-bg:#f8fafc;"\n
            onmouseenter="this.style.background='#f8fafc'; this.style.color='#0f172a';"\n
            onmouseleave="this.style.background='transparent'; this.style.color='#94a3b8';">\n
            <i id="toggleIcon" class="fas fa-chevron-left transition-transform duration-300" style="font-size:9px;"></i>\n
        </button>\n
    </div>\n
\n
    \n
    <nav class="flex-1 overflow-y-auto overflow-x-hidden py-5 custom-scrollbar" style="padding-left:12px; padding-right:12px;">\n
\n
        \n
        <div class="sidebar-section-label mt-2 mb-2 px-3">\n
            <span class="text-slate-500 font-black" style="font-size:11px; letter-spacing:.12em; text-transform:uppercase;">Ringkasan Data</span>\n
        </div>\n
\n
        \n
        <a href="http://localhost:8000/dashboard"\n
           class="flex items-center gap-3 px-3 py-2.5 rounded-xl transition-all duration-200 group text-slate-500 hover:bg-slate-50 hover:text-slate-800 mb-1">\n
            <i class="fas fa-house w-5 text-center flex-shrink-0 text-[15px]"></i>\n
            <span class="sidebar-text text-[14.5px] font-bold whitespace-nowrap">Halaman Utama</span>\n
        </a>\n
\n
        <a href="http://localhost:8000/admin/analytics"\n
           class="flex items-center gap-3 px-3 py-2.5 rounded-xl transition-all duration-200 group text-slate-500 hover:bg-slate-50 hover:text-slate-800 mb-1">\n
            <i class="fas fa-chart-line w-5 text-center flex-shrink-0 text-[15px]"></i>\n
            <span class="sidebar-text text-[14.5px] font-bold whitespace-nowrap">Analitik & Grafik</span>\n
        </a>\n
\n
        \n
        <div class="sidebar-section-label mt-6 mb-2 px-3">\n
            <span class="text-slate-500 font-black" style="font-size:11px; letter-spacing:.12em; text-transform:uppercase;">Manajemen Layanan</span>\n
        </div>\n
\n
        \n
                <a href="http://localhost:8000/admin/patients"\n
           class="flex items-center gap-3 px-3 py-2.5 rounded-xl transition-all duration-200 group text-slate-500 hover:bg-slate-50 hover:text-slate-800 mb-1">\n
            <i class="fas fa-users w-5 text-center flex-shrink-0 text-[15px]"></i>\n
            <span class="sidebar-text text-[14.5px] font-bold whitespace-nowrap">Data Warga</span>\n
        </a>\n
                <a href="http://localhost:8000/admin/posyandu"\n
           class="flex items-center gap-3 px-3 py-2.5 rounded-xl transition-all duration-200 group text-slate-500 hover:bg-slate-50 hover:text-slate-800 mb-1">\n
            <i class="fas fa-house-medical w-5 text-center flex-shrink-0 text-[15px]"></i>\n
            <span class="sidebar-text text-[14.5px] font-bold whitespace-nowrap">Data Posyandu</span>\n
        </a>\n
                <a href="http://localhost:8000/admin/schedules"\n
           class="flex items-center gap-3 px-3 py-2.5 rounded-xl transition-all duration-200 group text-slate-500 hover:bg-slate-50 hover:text-slate-800 mb-1">\n
            <i class="fas fa-calendar-days w-5 text-center flex-shrink-0 text-[15px]"></i>\n
            <span class="sidebar-text text-[14.5px] font-bold whitespace-nowrap">Jadwal Kegiatan</span>\n
        </a>\n
                <a href="http://localhost:8000/admin/medical-records"\n
           class="flex items-center gap-3 px-3 py-2.5 rounded-xl transition-all duration-200 group text-slate-500 hover:bg-slate-50 hover:text-slate-800 mb-1">\n
            <i class="fas fa-notes-medical w-5 text-center flex-shrink-0 text-[15px]"></i>\n
            <span class="sidebar-text text-[14.5px] font-bold whitespace-nowrap">Rekam Medis</span>\n
        </a>\n
        \n
        \n
                <div class="sidebar-section-label mt-6 mb-2 px-3">\n
            <span class="text-slate-500 font-black" style="font-size:11px; letter-spacing:.12em; text-transform:uppercase;">Laporan & Riwayat</span>\n
        </div>\n
\n
        <a href="http://localhost:8000/admin/reports"\n
           class="flex items-center gap-3 px-3 py-2.5 rounded-xl transition-all duration-200 group text-slate-500 hover:bg-slate-50 hover:text-slate-800 mb-1">\n
            <i class="fas fa-chart-bar w-5 text-center flex-shrink-0 text-[15px]"></i>\n
            <span class="sidebar-text text-[14.5px] font-bold whitespace-nowrap">Laporan Bulanan</span>\n
        </a>\n
\n
                \n
        \n
                <div class="sidebar-section-label mt-5 mb-1 px-2">\n
            <span class="text-slate-400 font-bold" style="font-size:9.5px; letter-spacing:.12em; text-transform:uppercase;">Konten</span>\n
        </div>\n
\n
        <a href="http://localhost:8000/admin/articles"\n
           class="flex items-center gap-3 px-3 py-2.5 rounded-xl transition-all duration-200 group text-slate-500 hover:bg-slate-50 hover:text-slate-800 mb-0.5">\n
            <i class="fas fa-newspaper w-4 text-center flex-shrink-0 text-[13px]"></i>\n
            <span class="sidebar-text text-[13px] font-semibold whitespace-nowrap">Artikel & Berita</span>\n
        </a>\n
\n
        <a href="http://localhost:8000/admin/gallery"\n
           class="flex items-center gap-3 px-3 py-2.5 rounded-xl transition-all duration-200 group text-slate-500 hover:bg-slate-50 hover:text-slate-800 mb-0.5">\n
            <i class="fas fa-images w-4 text-center flex-shrink-0 text-[13px]"></i>\n
            <span class="sidebar-text text-[13px] font-semibold whitespace-nowrap">Galeri</span>\n
        </a>\n
        \n
        \n
        \n
    </nav>\n
\n
    \n
    <div class="flex-shrink-0 p-3" style="border-top:1px solid #F1F5F9;">\n
        <div class="flex items-center gap-3 p-2 rounded-xl transition-all duration-200 cursor-pointer hover:bg-slate-50">\n
            \n
            <div class="w-8 h-8 rounded-lg flex-shrink-0 flex items-center justify-center text-white font-bold text-xs shadow-sm"\n
                 style="background:linear-gradient(135deg,#1e293b 0%,#475569 100%); font-size:11px;">\n
                AN\n
            </div>\n
\n
            \n
            <div class="sidebar-text flex-1 min-w-0">\n
                <p class="text-slate-800 font-bold truncate leading-tight" style="font-size:11px;">Anom Mangunsong</p>\n
                <p class="text-slate-400 truncate" style="font-size:10px;">\n
                                        Admi n\n
                </p>\n
            </div>\n
\n
            \n
            <form method="POST" action="http://localhost:8000/logout" class="flex-shrink-0 sidebar-text">\n
                <input type="hidden" name="_token" value="" autocomplete="off">                <button type="submit"\n
                    class="w-7 h-7 flex items-center justify-center rounded-lg text-slate-400 transition-all"\n
                    onmouseenter="this.style.background='#fee2e2'; this.style.color='#ef4444';"\n
                    onmouseleave="this.style.background='transparent'; this.style.color='#94a3b8';"\n
                    title="Keluar">\n
                    <i class="fas fa-arrow-right-from-bracket" style="font-size:11px;"></i>\n
                </button>\n
            </form>\n
        </div>\n
    </div>\n
\n
</aside>\n
\n
\n
<div id="sidebarOverlay" class="fixed inset-0 bg-black/40 z-20 hidden lg:hidden backdrop-blur-sm"></div>\n
\n
<script>\n
(function () {\n
    const KEY        = 'sidebar_v2_collapsed';\n
    const sidebar    = document.getElementById('sidebar');\n
    const btn        = document.getElementById('sidebarToggleBtn');\n
    const mobileBtn  = document.getElementById('mobileSidebarToggle');\n
    const icon       = document.getElementById('toggleIcon');\n
    const main       = document.getElementById('mainContent');\n
    const overlay    = document.getElementById('sidebarOverlay');\n
    const EXP = '260px', COL = '68px';\n
\n
    let collapsed = localStorage.getItem(KEY) === 'true';\n
\n
    function apply(animate) {\n
        const isDesktop = window.innerWidth >= 1024;\n
        const width = isDesktop ? (collapsed ? COL : EXP) : (collapsed ? '0px' : EXP);\n
        \n
        // Update CSS Variable\n
        document.documentElement.style.setProperty('--sidebar-width', width);\n
\n
        if (!animate) {\n
            sidebar.style.transition = 'none';\n
            if (main) main.style.transition = 'none';\n
        }\n
\n
        if (icon) icon.style.transform = collapsed ? 'rotate(180deg)' : 'rotate(0deg)';\n
\n
        const els = document.querySelectorAll('.sidebar-text, .sidebar-section-label');\n
        els.forEach(el => {\n
            el.style.opacity  = collapsed ? '0' : '1';\n
            el.style.maxWidth = collapsed ? '0' : '200px';\n
        });\n
\n
        if (overlay) {\n
            overlay.classList.toggle('hidden', isDesktop || collapsed);\n
        }\n
\n
        if (!animate) {\n
            requestAnimationFrame(() => {\n
                sidebar.style.transition = '';\n
                if (main) main.style.transition = '';\n
            });\n
        }\n
    }\n
\n
    function toggle() {\n
        collapsed = !collapsed;\n
        localStorage.setItem(KEY, collapsed);\n
        apply(true);\n
    }\n
\n
    apply(false);\n
\n
    btn?.addEventListener('click', toggle);\n
    mobileBtn?.addEventListener('click', toggle);\n
    overlay?.addEventListener('click', toggle);\n
    window.addEventListener('resize', () => apply(false));\n
})();\n
</script>        \n
        <!-- Main Content Wrapper -->\n
        <div id="mainContent" class="flex-1 flex flex-col min-h-screen transition-all duration-300 ease-in-out relative overflow-y-auto">\n
            \n
            <!-- Navbar (Now part of the right-side flow) -->\n
                        <header id="topNavbar"\n
    class="sticky top-0 z-40 flex items-center justify-between h-16 px-4 md:px-6\n
           bg-white/95 backdrop-blur-md border-b border-slate-100 shadow-[0_1px_3px_0_rgb(0,0,0,.04)]\n
           transition-shadow duration-200"\n
    style="font-family:'Public Sans','Inter',sans-serif;">\n
\n
    \n
    <div class="flex items-center gap-3 min-w-0">\n
\n
        \n
        <button id="mobileSidebarToggle"\n
            class="lg:hidden w-9 h-9 flex items-center justify-center rounded-xl\n
                   text-slate-500 border border-slate-200 hover:bg-slate-50\n
                   active:scale-95 transition-all duration-150 flex-shrink-0">\n
            <i class="fas fa-bars" style="font-size:14px;"></i>\n
        </button>\n
\n
        \n
        <div class="hidden sm:flex flex-col justify-center min-w-0">\n
            <h1 class="text-slate-900 font-extrabold leading-tight truncate" style="font-size:18px; letter-spacing:-0.02em;">\n
                Dashboard\n
            </h1>\n
            <p class="text-slate-500 font-bold leading-none mt-1 truncate" style="font-size:12.5px;">\n
                Sistem Informasi Posyandu\n
            </p>\n
        </div>\n
    </div>\n
\n
    \n
    <div class="flex items-center gap-2 md:gap-3 flex-shrink-0" x-data="{ notifOpen: false, profileOpen: false }">\n
\n
        \n
        <div wire:snapshot="{&quot;data&quot;:{&quot;search&quot;:&quot;&quot;},&quot;memo&quot;:{&quot;id&quot;:&quot;C6SGkdSM8Vja9pML4s0i&quot;,&quot;name&quot;:&quot;global-search&quot;,&quot;path&quot;:&quot;livewire-unit-test-endpoint\/QxMo7P1QyLmzaFSsLPbG&quot;,&quot;method&quot;:&quot;GET&quot;,&quot;children&quot;:[],&quot;scripts&quot;:[],&quot;assets&quot;:[],&quot;errors&quot;:[],&quot;locale&quot;:&quot;id&quot;},&quot;checksum&quot;:&quot;256aac9c8d1d2b1da320534e217ff09aadb4fc76d021b3d30e155cc93fa49ebe&quot;}" wire:effects="[]" wire:id="C6SGkdSM8Vja9pML4s0i" class="relative w-full lg:max-w-md" x-data="{ open: false }" @click.away="open = false">\n
    \n
    <div class="relative group">\n
        <i class="fas fa-search absolute left-3.5 top-1/2 -translate-y-1/2 text-slate-400 group-focus-within:text-teal-500 transition-colors pointer-events-none" style="font-size:12px;"></i>\n
        <input \n
            wire:model.live.debounce.300ms="search"\n
            @focus="open = true"\n
            @keydown.slash.window.prevent="$el.focus()"\n
            type="text" \n
            placeholder="Cari pasien, jadwal, atau artikel... [/]"\n
            class="w-full h-10 pl-9 pr-4 rounded-xl border border-slate-200 bg-slate-50 text-slate-700 placeholder-slate-400 text-[14px] font-bold focus:outline-none focus:ring-4 focus:ring-teal-500/10 focus:border-teal-400 focus:bg-white transition-all duration-300"\n
        >\n
        \n
        \n
        <div wire:loading class="absolute right-3 top-1/2 -translate-y-1/2">\n
            <svg class="animate-spin h-4 w-4 text-teal-500" xmlns="http://www.w3.org/2000/svg" fill="none" viewBox="0 0 24 24">\n
                <circle class="opacity-25" cx="12" cy="12" r="10" stroke="currentColor" stroke-width="4"></circle>\n
                <path class="opacity-75" fill="currentColor" d="M4 12a8 8 0 018-8V0C5.373 0 0 5.373 0 12h4zm2 5.291A7.962 7.962 0 014 12H0c0 3.042 1.135 5.824 3 7.938l3-2.647z"></path>\n
            </svg>\n
        </div>\n
    </div>\n
\n
    \n
    <div \n
        x-show="open && $wire.search.length >= 2"\n
        x-transition:enter="transition ease-out duration-200"\n
        x-transition:enter-start="opacity-0 translate-y-1"\n
        x-transition:enter-end="opacity-100 translate-y-0"\n
        x-cloak\n
        class="absolute mt-2 w-full bg-white rounded-2xl shadow-2xl border border-slate-100 overflow-hidden z-50"\n
    >\n
        <!--[if BLOCK]><![endif]-->            <div class="p-8 text-center">\n
                <div class="w-12 h-12 bg-slate-50 rounded-full flex items-center justify-center mx-auto mb-3">\n
                    <i class="fas fa-search text-slate-300"></i>\n
                </div>\n
                <p class="text-[13px] font-bold text-slate-600">Tidak ada hasil ditemukan</p>\n
                <p class="text-[11px] text-slate-400 mt-1">Coba kata kunci lain atau periksa ejaan Anda</p>\n
            </div>\n
        <!--[if ENDBLOCK]><![endif]-->\n
    </div>\n
</div>\n
\n
        \n
        <button id="mobileSearchBtn"\n
            class="lg:hidden w-9 h-9 flex items-center justify-center rounded-xl\n
                   text-slate-500 border border-slate-200 hover:bg-slate-50\n
                   active:scale-95 transition-all duration-150">\n
            <i class="fas fa-search" style="font-size:13px;"></i>\n
        </button>\n
\n
        \n
        <div class="relative">\n
            <button @click="notifOpen = !notifOpen; profileOpen = false" \n
                class="w-10 h-10 flex items-center justify-center rounded-xl\n
                       text-slate-500 border border-slate-200 hover:bg-slate-100 hover:text-teal-600\n
                       active:scale-95 transition-all duration-150 relative shadow-sm bg-white">\n
                <i class="fas fa-bell" style="font-size:14px;"></i>\n
                \n
                <span class="absolute top-2 right-2 w-2.5 h-2.5 rounded-full bg-red-500 border-2 border-white"></span>\n
            </button>\n
\n
            \n
            <div x-show="notifOpen" \n
                @click.away="notifOpen = false"\n
                x-transition:enter="transition ease-out duration-200"\n
                x-transition:enter-start="opacity-0 translate-y-1"\n
                x-transition:enter-end="opacity-100 translate-y-0"\n
                class="absolute right-0 mt-3 w-80 md:w-96 bg-white rounded-3xl shadow-2xl\n
                       border border-slate-100 overflow-hidden z-50 py-2">\n
\n
                \n
                <div class="flex items-center justify-between px-5 py-4 border-b border-slate-50">\n
                    <span class="text-slate-900 font-black text-sm">Notifikasi</span>\n
                    <span class="text-[10px] font-black text-white px-2.5 py-1 rounded-full bg-red-500 uppercase tracking-widest">3 Baru</span>\n
                </div>\n
\n
                \n
                <div class="divide-y divide-slate-50 max-h-96 overflow-y-auto custom-scrollbar">\n
                    \n
                                                            <a href="http://localhost:8000/admin/schedules" class="flex items-start gap-4 px-5 py-4 hover:bg-slate-100 transition-colors cursor-pointer bg-blue-50/20">\n
                        <div class="w-10 h-10 rounded-2xl flex items-center justify-center flex-shrink-0 bg-blue-100 text-blue-600 shadow-sm">\n
                            <i class="fas fa-calendar-check" style="font-size:14px;"></i>\n
                        </div>\n
                        <div class="flex-1 min-w-0">\n
                            <p class="text-slate-800 font-black text-[13px] leading-tight">Jadwal Posyandu Besok</p>\n
                            <p class="text-slate-500 text-[12px] mt-1 line-clamp-1 font-medium">Posyandu Melati — 08.00 WIB</p>\n
                            <p class="text-slate-400 text-[10px] mt-1.5 font-bold uppercase tracking-wider">5 menit lalu</p>\n
                        </div>\n
                                                <div class="w-2.5 h-2.5 rounded-full bg-blue-500 flex-shrink-0 mt-2 shadow-sm shadow-blue-500/30"></div>\n
                                            </a>\n
                                                            <a href="http://localhost:8000/admin/patients" class="flex items-start gap-4 px-5 py-4 hover:bg-slate-100 transition-colors cursor-pointer bg-blue-50/20">\n
                        <div class="w-10 h-10 rounded-2xl flex items-center justify-center flex-shrink-0 bg-emerald-100 text-emerald-600 shadow-sm">\n
                            <i class="fas fa-user-plus" style="font-size:14px;"></i>\n
                        </div>\n
                        <div class="flex-1 min-w-0">\n
                            <p class="text-slate-800 font-black text-[13px] leading-tight">Pasien Baru Terdaftar</p>\n
                            <p class="text-slate-500 text-[12px] mt-1 line-clamp-1 font-medium">Budi Santoso telah didaftarkan</p>\n
                            <p class="text-slate-400 text-[10px] mt-1.5 font-bold uppercase tracking-wider">1 jam lalu</p>\n
                        </div>\n
                                                <div class="w-2.5 h-2.5 rounded-full bg-blue-500 flex-shrink-0 mt-2 shadow-sm shadow-blue-500/30"></div>\n
                                            </a>\n
                                                            <a href="http://localhost:8000/admin/medical-records" class="flex items-start gap-4 px-5 py-4 hover:bg-slate-100 transition-colors cursor-pointer bg-blue-50/20">\n
                        <div class="w-10 h-10 rounded-2xl flex items-center justify-center flex-shrink-0 bg-violet-100 text-violet-600 shadow-sm">\n
                            <i class="fas fa-notes-medical" style="font-size:14px;"></i>\n
                        </div>\n
                        <div class="flex-1 min-w-0">\n
                            <p class="text-slate-800 font-black text-[13px] leading-tight">Rekam Medis Diperbarui</p>\n
                            <p class="text-slate-500 text-[12px] mt-1 line-clamp-1 font-medium">Data Siti Aminah diperbarui</p>\n
                            <p class="text-slate-400 text-[10px] mt-1.5 font-bold uppercase tracking-wider">3 jam lalu</p>\n
                        </div>\n
                                                <div class="w-2.5 h-2.5 rounded-full bg-blue-500 flex-shrink-0 mt-2 shadow-sm shadow-blue-500/30"></div>\n
                                            </a>\n
                                                            <a href="http://localhost:8000/admin/reports" class="flex items-start gap-4 px-5 py-4 hover:bg-slate-100 transition-colors cursor-pointer ">\n
                        <div class="w-10 h-10 rounded-2xl flex items-center justify-center flex-shrink-0 bg-amber-100 text-amber-600 shadow-sm">\n
                            <i class="fas fa-chart-bar" style="font-size:14px;"></i>\n
                        </div>\n
                        <div class="flex-1 min-w-0">\n
                            <p class="text-slate-800 font-black text-[13px] leading-tight">Laporan Bulan Ini Siap</p>\n
                            <p class="text-slate-500 text-[12px] mt-1 line-clamp-1 font-medium">Laporan April 2026 tersedia</p>\n
                            <p class="text-slate-400 text-[10px] mt-1.5 font-bold uppercase tracking-wider">1 hari lalu</p>\n
                        </div>\n
                                            </a>\n
                                    </div>\n
\n
                \n
                <div class="px-5 py-4 border-t border-slate-50 text-center">\n
                    <a href="#" class="text-[12px] font-black text-teal-600 hover:text-teal-800 transition-colors uppercase tracking-widest">\n
                        Lihat semua notifikasi\n
                    </a>\n
                </div>\n
            </div>\n
        </div>\n
\n
        \n
        <div class="hidden sm:block w-px h-6 bg-slate-100 mx-1"></div>\n
\n
        \n
        <div class="relative">\n
            <button @click="profileOpen = !profileOpen; notifOpen = false"\n
                class="flex items-center gap-3 pl-1.5 pr-3 py-1.5 rounded-2xl\n
                       hover:bg-slate-100 active:scale-95 transition-all duration-150 group bg-white border border-transparent hover:border-slate-200">\n
\n
                \n
                <div class="w-9 h-9 rounded-xl flex items-center justify-center text-white font-black flex-shrink-0 shadow-lg"\n
                     style="background:linear-gradient(135deg,#1e40af 0%,#3b82f6 100%); font-size:12px; letter-spacing:.05em;">\n
                    AM\n
                </div>\n
\n
                \n
                <div class="hidden md:flex flex-col items-start leading-tight">\n
                    <span class="text-slate-900 font-black text-[13px] tracking-tight flex items-center gap-1.5">\n
                        Anom\n
                        <span class="px-1.5 py-0.5 rounded-md bg-slate-100 text-slate-500 text-[9px] uppercase font-black">Admi n</span>\n
                    </span>\n
                    <span class="text-slate-400 font-bold text-[10px] tracking-tight">dinda95@example.com</span>\n
                </div>\n
\n
                <i class="fas fa-chevron-down text-slate-300 group-hover:text-teal-600 transition-all duration-300 hidden md:block"\n
                   :class="profileOpen ? 'rotate-180' : ''"\n
                   style="font-size:10px;"></i>\n
            </button>\n
\n
            \n
            <div x-show="profileOpen"\n
                @click.away="profileOpen = false"\n
                x-transition:enter="transition ease-out duration-200"\n
                x-transition:enter-start="opacity-0 translate-y-1"\n
                x-transition:enter-end="opacity-100 translate-y-0"\n
                class="absolute right-0 mt-3 w-72 bg-white rounded-3xl shadow-2xl\n
                       border border-slate-100 overflow-hidden z-50 p-2">\n
\n
                \n
                <div class="px-4 py-5 rounded-2xl mb-2"\n
                     style="background: linear-gradient(135deg, #f8fafc 0%, #f1f5f9 100%);">\n
                    <div class="flex items-center gap-4">\n
                        <div class="w-12 h-12 rounded-2xl flex items-center justify-center text-white font-black shadow-xl"\n
                             style="background:linear-gradient(135deg,#1e40af 0%,#3b82f6 100%); font-size:14px;">\n
                            AM\n
                        </div>\n
                        <div class="min-w-0">\n
                            <p class="text-slate-900 font-black text-sm truncate">Anom Mangunsong</p>\n
                            <p class="text-slate-500 font-medium text-[11px] truncate mb-1">dinda95@example.com</p>\n
                            <span class="inline-flex items-center px-2.5 py-0.5 rounded-full text-[9px] font-black uppercase tracking-widest bg-blue-100 text-blue-700">\n
                                Admi n\n
                            </span>\n
                        </div>\n
                    </div>\n
                </div>\n
\n
                \n
                <div class="space-y-1">\n
                    \n
                                        <a href="http://localhost:8000/dashboard"\n
                       class="flex items-center gap-3 px-4 py-3 text-slate-600 hover:bg-slate-50\n
                              hover:text-teal-600 rounded-xl transition-all group font-bold">\n
                        <div class="w-8 h-8 rounded-xl flex items-center justify-center bg-slate-100\n
                                    group-hover:bg-teal-50 group-hover:text-teal-600 transition-all flex-shrink-0">\n
                            <i class="fas fa-house" style="font-size:12px;"></i>\n
                        </div>\n
                        <span class="text-[13px]">Dashboard</span>\n
                    </a>\n
                                        <a href="http://localhost:8000/admin/schedules"\n
                       class="flex items-center gap-3 px-4 py-3 text-slate-600 hover:bg-slate-50\n
                              hover:text-teal-600 rounded-xl transition-all group font-bold">\n
                        <div class="w-8 h-8 rounded-xl flex items-center justify-center bg-slate-100\n
                                    group-hover:bg-teal-50 group-hover:text-teal-600 transition-all flex-shrink-0">\n
                            <i class="fas fa-calendar-days" style="font-size:12px;"></i>\n
                        </div>\n
                        <span class="text-[13px]">Jadwal Kegiatan</span>\n
                    </a>\n
                                        <a href="http://localhost:8000/admin/reports"\n
                       class="flex items-center gap-3 px-4 py-3 text-slate-600 hover:bg-slate-50\n
                              hover:text-teal-600 rounded-xl transition-all group font-bold">\n
                        <div class="w-8 h-8 rounded-xl flex items-center justify-center bg-slate-100\n
                                    group-hover:bg-teal-50 group-hover:text-teal-600 transition-all flex-shrink-0">\n
                            <i class="fas fa-chart-bar" style="font-size:12px;"></i>\n
                        </div>\n
                        <span class="text-[13px]">Laporan Bulanan</span>\n
                    </a>\n
                                    </div>\n
\n
                \n
                <div class="mt-2 pt-2 border-t border-slate-50">\n
                    <form method="POST" action="http://localhost:8000/logout">\n
                        <input type="hidden" name="_token" value="" autocomplete="off">                        <button type="submit"\n
                            class="w-full flex items-center gap-3 px-4 py-3 text-red-500\n
                                   hover:bg-red-50 rounded-xl transition-all group font-bold">\n
                            <div class="w-8 h-8 rounded-xl flex items-center justify-center bg-red-50\n
                                        group-hover:bg-red-100 transition-all flex-shrink-0">\n
                                <i class="fas fa-arrow-right-from-bracket" style="font-size:12px;"></i>\n
                            </div>\n
                            <span class="text-[13px]">Keluar Aplikasi</span>\n
                        </button>\n
                    </form>\n
                </div>\n
            </div>\n
        </div>\n
\n
    </div>\n
</header>\n
\n
\n
<div id="mobileSearchBar"\n
    class="hidden lg:hidden px-4 py-2.5 bg-white border-b border-slate-100 shadow-sm">\n
    <div class="relative">\n
        <i class="fas fa-search absolute left-3.5 top-1/2 -translate-y-1/2 text-slate-400 pointer-events-none"\n
           style="font-size:12px;"></i>\n
        <input type="text"\n
            placeholder="Cari pasien, jadwal, artikel…"\n
            class="w-full h-9 pl-9 pr-4 rounded-xl border border-slate-200 bg-slate-50\n
                   text-slate-700 placeholder-slate-400 text-[13px] font-medium\n
                   focus:outline-none focus:ring-2 focus:ring-slate-900/10 focus:border-slate-300\n
                   focus:bg-white transition-all">\n
    </div>\n
</div>\n
\n
\n
<script>\n
(function () {\n
    // Mobile search toggle\n
    const mobileSearchBtn = document.getElementById('mobileSearchBtn');\n
    const mobileSearchBar = document.getElementById('mobileSearchBar');\n
    if (mobileSearchBtn && mobileSearchBar) {\n
        mobileSearchBtn.addEventListener('click', function () {\n
            mobileSearchBar.classList.toggle('hidden');\n
            if (!mobileSearchBar.classList.contains('hidden')) {\n
                mobileSearchBar.querySelector('input')?.focus();\n
            }\n
        });\n
    }\n
})();\n
</script>\n
            \n
            <!-- Main Content Area -->\n
            <main class="flex-1 p-4 md:p-8">\n
                <div class="w-full max-w-full px-4 sm:px-6 lg:px-8 py-8">\n
    <!-- Admin Header -->\n
    <div class="flex flex-col sm:flex-row justify-between items-start sm:items-center gap-4 mb-8 w-full">\n
        <div class="flex-1 min-w-0 w-full">\n
            <h1 class="text-2xl font-bold text-gray-900 truncate"> Buku KIA Digital:  </h1>\n
        </div>\n
        \n
                    <div class="flex flex-wrap gap-3 items-center justify-start sm:justify-end shrink-0 w-full sm:w-auto">\n
                    <!--[if BLOCK]><![endif]-->    \n
    <a\n
        href="http://localhost:8000/admin/patients"\n
        class="inline-flex items-center justify-center font-semibold\n
             whitespace-nowrap select-none\n
             transition-all duration-150\n
             focus:outline-none focus-visible:outline-none\n
             min-h-[touch-target] h-11 px-6   text-[15.5px] gap-2.5 rounded-xl bg-surface-container-lowest text-on-surface border border-outline-variant\n
                        hover:bg-surface-container hover:border-outline\n
                        focus-visible:ring-2 focus-visible:ring-primary/30\n
                        active:scale-[.97]"\n
                style="font-family:'Public Sans',sans-serif;"\n
    >\n
        <!--[if BLOCK]><![endif]-->            <span class="material-symbols-outlined text-[18px] leading-none">arrow_back</span>\n
        <!--[if ENDBLOCK]><![endif]-->\n
\n
        Kembali\n
\n
        <!--[if BLOCK]><![endif]--><!--[if ENDBLOCK]><![endif]-->\n
    </a>\n
<!--[if ENDBLOCK]><![endif]-->\n
            </div>\n
            </div>\n
    \n
    <!-- Admin Content -->\n
    <div class="bg-white rounded-lg shadow-md overflow-hidden">\n
                    <div wire:key="growth-chart-root" class="space-y-6">\n
    \n
    \n
    <div class="bg-white border border-slate-200 rounded-[2.5rem] p-8 shadow-sm relative overflow-hidden group">\n
        <div class="absolute right-0 top-0 w-64 h-64 bg-teal-50 rounded-full -mr-20 -mt-20 transition-transform group-hover:scale-110 duration-700 opacity-50"></div>\n
        \n
        <div class="relative z-10 flex flex-col md:flex-row items-center gap-8">\n
            <div class="w-32 h-32 rounded-[2rem] bg-teal-100 flex items-center justify-center text-teal-600 shadow-inner border-4 border-white">\n
                <span class="material-symbols-outlined text-[64px]">child_care</span>\n
            </div>\n
            \n
            <div class="flex-1 text-center md:text-left">\n
                <div class="flex flex-wrap items-center justify-center md:justify-start gap-3 mb-2">\n
                    <h2 class="text-3xl font-black text-slate-900 tracking-tight"></h2>\n
                    <span class="px-4 py-1 rounded-full bg-teal-500 text-white text-[10px] font-black uppercase tracking-widest shadow-lg shadow-teal-500/20">\n
                        \n
                    </span>\n
                </div>\n
                <div class="flex flex-wrap justify-center md:justify-start gap-6 text-slate-500 text-sm font-bold">\n
                    <div class="flex items-center gap-2">\n
                        <span class="material-symbols-outlined text-[18px] text-teal-500">fingerprint</span>\n
                        NIK: \n
                    </div>\n
                    <div class="flex items-center gap-2">\n
                        <span class="material-symbols-outlined text-[18px] text-teal-500">cake</span>\n
                        03 Mei 2026\n
                    </div>\n
                    <div class="flex items-center gap-2">\n
                        <span class="material-symbols-outlined text-[18px] text-teal-500">location_on</span>\n
                        Unit Belum Terdaftar\n
                    </div>\n
                </div>\n
            </div>\n
            \n
            <div class="bg-slate-50 rounded-3xl p-6 border border-slate-100 text-center min-w-[160px]">\n
                <p class="text-[10px] font-black text-slate-400 uppercase tracking-widest mb-1">Status Gizi</p>\n
                <p class="text-xl font-black text-emerald-600 leading-none">Normal</p>\n
                <div class="w-full bg-emerald-100 h-1.5 rounded-full mt-3 overflow-hidden">\n
                    <div class="bg-emerald-500 h-full w-[85%] rounded-full"></div>\n
                </div>\n
            </div>\n
        </div>\n
    </div>\n
\n
    \n
    <div class="grid grid-cols-1 lg:grid-cols-12 gap-8">\n
        \n
        \n
        <div class="lg:col-span-8 space-y-6">\n
            <div class="bg-white border border-slate-200 rounded-[2.5rem] p-6 md:p-8 shadow-sm">\n
                <div class="flex flex-col sm:flex-row items-start sm:items-center justify-between gap-4 mb-8">\n
                    <div>\n
                        <h3 class="text-lg font-black text-slate-800 tracking-tight">Grafik Antropometri WHO</h3>\n
                        <p class="text-[10px] font-bold text-slate-400 uppercase tracking-widest mt-1">Pantau tumbuh kembang setiap bulan</p>\n
                    </div>\n
                    \n
                    <div class="flex bg-slate-100 p-1.5 rounded-2xl w-full sm:w-auto shadow-inner" x-data="{ active: 'wfa' }">\n
                        <button \n
                            type="button"\n
                            x-on:click="active = 'wfa'; $wire.switchChart('wfa')" \n
                            :class="active === 'wfa' ? 'bg-white shadow-md text-teal-600' : 'text-slate-500 hover:bg-white/50'"\n
                            class="flex-1 px-5 py-2 text-[10px] font-black uppercase tracking-[0.15em] rounded-xl transition-all duration-300"\n
                        >\n
                            BB / U\n
                        </button>\n
                        <button \n
                            type="button"\n
                            x-on:click="active = 'hfa'; $wire.switchChart('hfa')" \n
                            :class="active === 'hfa' ? 'bg-white shadow-md text-teal-600' : 'text-slate-500 hover:bg-white/50'"\n
                            class="flex-1 px-5 py-2 text-[10px] font-black uppercase tracking-[0.15em] rounded-xl transition-all duration-300"\n
                        >\n
                            TB / U\n
                        </button>\n
                    </div>\n
                </div>\n
\n
                <div class="relative" style="height: 400px;">\n
                    <canvas id="growthChart" wire:ignore></canvas>\n
                    <div wire:loading class="absolute inset-0 bg-white/80 backdrop-blur-sm flex items-center justify-center z-10 rounded-3xl transition-all">\n
                        <div class="animate-spin rounded-full h-12 w-12 border-4 border-teal-500 border-t-transparent"></div>\n
                    </div>\n
                </div>\n
            </div>\n
\n
            \n
            <div class="bg-white border border-slate-200 rounded-[2.5rem] p-6 md:p-8 shadow-sm">\n
                <div class="flex items-center justify-between mb-6">\n
                    <h3 class="text-lg font-black text-slate-800 tracking-tight">Riwayat Pemeriksaan Terakhir</h3>\n
                    <a href="#" class="text-[10px] font-black text-teal-600 uppercase tracking-widest hover:underline">Lihat Semua →</a>\n
                </div>\n
                \n
                <div class="overflow-x-auto">\n
                    <table class="w-full text-left">\n
                        <thead>\n
                            <tr class="border-b border-slate-50">\n
                                <th class="pb-4 text-[10px] font-black text-slate-400 uppercase tracking-widest">Tgl Kunjungan</th>\n
                                <th class="pb-4 text-[10px] font-black text-slate-400 uppercase tracking-widest">Berat</th>\n
                                <th class="pb-4 text-[10px] font-black text-slate-400 uppercase tracking-widest">Tinggi</th>\n
                                <th class="pb-4 text-[10px] font-black text-slate-400 uppercase tracking-widest">LILA</th>\n
                                <th class="pb-4 text-right text-[10px] font-black text-slate-400 uppercase tracking-widest">Status</th>\n
                            </tr>\n
                        </thead>\n
                        <tbody class="divide-y divide-slate-50">\n
                            <!--[if BLOCK]><![endif]--><!--[if ENDBLOCK]><![endif]-->\n
                        </tbody>\n
                    </table>\n
                </div>\n
            </div>\n
        </div>\n
\n
        \n
        <div class="lg:col-span-4 space-y-6">\n
            \n
            <div class="grid grid-cols-2 gap-4">\n
                <div class="p-6 bg-teal-50 rounded-[2rem] border border-teal-100 flex flex-col items-center text-center shadow-sm hover:shadow-md transition-shadow">\n
                    <span class="material-symbols-outlined text-teal-600 mb-2">cake</span>\n
                    <p class="text-[9px] font-black text-teal-600/60 uppercase tracking-widest">Usia</p>\n
                    <p class="text-xl font-black text-teal-900">0 Bln</p>\n
                </div>\n
                <div class="p-6 bg-blue-50 rounded-[2rem] border border-blue-100 flex flex-col items-center text-center shadow-sm hover:shadow-md transition-shadow">\n
                    <span class="material-symbols-outlined text-blue-600 mb-2">vaccines</span>\n
                    <p class="text-[9px] font-black text-blue-600/60 uppercase tracking-widest">Imunisasi</p>\n
                    <p class="text-xl font-black text-blue-900">8/12</p>\n
                </div>\n
            </div>\n
\n
            \n
            <div class="bg-slate-900 rounded-[2.5rem] p-8 text-white relative overflow-hidden shadow-2xl shadow-slate-200">\n
                <div class="absolute right-0 top-0 w-32 h-32 bg-white/5 rounded-full -mr-16 -mt-16"></div>\n
                <div class="relative z-10">\n
                    <div class="flex items-center justify-between mb-8">\n
                        <span class="text-[10px] font-black uppercase tracking-[0.2em] text-slate-400">Digital Health Pass</span>\n
                        <span class="material-symbols-outlined text-teal-400">qr_code_2</span>\n
                    </div>\n
                    <div class="space-y-4">\n
                        <div class="flex justify-between items-end">\n
                            <div>\n
                                <p class="text-[9px] font-black text-slate-500 uppercase tracking-widest mb-1">Terakhir Diperiksa</p>\n
                                <p class="text-sm font-bold">N/A</p>\n
                            </div>\n
                            <div class="text-right">\n
                                <p class="text-[9px] font-black text-slate-500 uppercase tracking-widest mb-1">Oleh Kader</p>\n
                                <p class="text-sm font-bold">Sistem</p>\n
                            </div>\n
                        </div>\n
                    </div>\n
                </div>\n
            </div>\n
\n
            \n
            <div class="bg-amber-50 border border-amber-100 rounded-[2.5rem] p-8">\n
                <div class="flex items-center gap-3 mb-4">\n
                    <div class="w-10 h-10 rounded-2xl bg-amber-100 text-amber-600 flex items-center justify-center">\n
                        <span class="material-symbols-outlined text-[20px]">lightbulb</span>\n
                    </div>\n
                    <h4 class="font-black text-slate-800 text-sm uppercase tracking-widest">Tips Kesehatan</h4>\n
                </div>\n
                <p class="text-sm text-slate-600 leading-relaxed font-medium">\n
                    "Pastikan  mendapatkan asupan protein hewani dan ASI eksklusif hingga usia 2 tahun untuk mencegah stunting."\n
                </p>\n
            </div>\n
        </div>\n
    </div>\n
\n
        </div>\n
            </div>\n
</div>\n
            </main>\n
            \n
            <!-- Footer -->\n
            <footer class="border-t border-outline-variant py-5 mt-auto"\n
        style="background:var(--color-surface-container-low, #f0f5f2); font-family:'Public Sans',sans-serif;">\n
    <div class="px-6 md:px-8 flex flex-col sm:flex-row justify-between items-center gap-3">\n
\n
        <p class="text-[12px] font-medium text-on-surface-variant">\n
            &copy; 2026\n
            <span class="font-bold text-primary">Posyandu Admin</span>.\n
            Sistem Pengelolaan Data Posyandu Bekasi Timur.\n
        </p>\n
\n
        <div class="flex items-center gap-3 text-[11px] font-semibold uppercase tracking-wider text-outline">\n
            <span>v1.0.0</span>\n
            <span class="w-1 h-1 rounded-full bg-outline-variant"></span>\n
            <span>Admin Dashboard</span>\n
        </div>\n
\n
    </div>\n
</footer>\n
        </div>\n
    </div>\n
\n
    <!-- WAJIB: Livewire Scripts -->\n
    <!-- Livewire Scripts -->\n
<script src="/livewire/livewire.js?id=df3a17f2"   data-csrf="" data-update-uri="/livewire/update" data-navigate-once="true"></script>\n
    \n
    <!-- Flash Messages (Success & Error) -->\n
    \n
    \n
        \n
        \n
</body>\n
</html>

  To contain: Belum ada data pengukuran untuk ditampilkan di grafik

  at vendor\livewire\livewire\src\Features\SupportTesting\MakesAssertions.php:14
     10▕ {
     11▕     function assertSee($values, $escape = true, $stripInitialData = true)
     12▕     {
     13▕         foreach (Arr::wrap($values) as $value) {
  ➜  14▕             PHPUnit::assertStringContainsString(
     15▕                 $escape ? e($value): $value,
     16▕                 $this->html($stripInitialData)
     17▕             );
     18▕         }

  1   vendor\livewire\livewire\src\Features\SupportTesting\MakesAssertions.php:14
  2   tests\Feature\GrowthChartTest.php:87

  ────────────────────────────────────────────────────────────────────────────────────────────────────────────────────  
   FAILED  Tests\Feature\GrowthChartTest > it displays growth chart on patient detail page for balita                   
  Expected: <!DOCTYPE html>\n
<html lang="id">\n
<head>\n
    <meta charset="utf-8">\n
    <meta name="viewport" content="width=device-width, initial-scale=1">\n
    <meta name="csrf-token" content="JNohFJYcuHe00OmXN1wTaJJUG3lhx94XpptCicvw">\n
\n
    <title>Posyandu Admin - Dashboard</title>\n
\n
    <!-- Fonts (Public Sans) -->\n
    <link rel="preconnect" href="https://fonts.googleapis.com">\n
    <link rel="preconnect" href="https://fonts.gstatic.com" crossorigin>\n
    <link href="https://fonts.googleapis.com/css2?family=Public+Sans:wght@300;400;500;600;700;800&display=swap" rel="stylesheet"/>\n
    \n
    <!-- Font Awesome -->\n
    <link rel="stylesheet" href="https://cdnjs.cloudflare.com/ajax/libs/font-awesome/6.4.0/css/all.min.css">\n
\n
    <!-- Material Symbols -->\n
    <link href="https://fonts.googleapis.com/css2?family=Material+Symbols+Outlined:opsz,wght,FILL,GRAD@20..48,100..700,0..1,-50..200" rel="stylesheet" />\n
\n
    <!-- Chart.js for Growth Charts -->\n
    <script src="https://cdn.jsdelivr.net/npm/chart.js@4.4.0/dist/chart.umd.min.js"></script>\n
\n
    <!-- Scripts & Styles (Vite) -->\n
    <script type="module" src="http://[::1]:5173/@vite/client" data-navigate-track="reload"></script><link rel="stylesheet" href="http://[::1]:5173/resources/css/app.css" data-navigate-track="reload" /><script type="module" src="http://[::1]:5173/resources/js/app.js" data-navigate-track="reload"></script>\n
    <!-- WAJIB: Livewire Styles -->\n
    <!-- Livewire Styles --><style >[wire\:loading][wire\:loading], [wire\:loading\.delay][wire\:loading\.delay], [wire\:loading\.inline-block][wire\:loading\.inline-block], [wire\:loading\.inline][wire\:loading\.inline], [wire\:loading\.block][wire\:loading\.block], [wire\:loading\.flex][wire\:loading\.flex], [wire\:loading\.table][wire\:loading\.table], [wire\:loading\.grid][wire\:loading\.grid], [wire\:loading\.inline-flex][wire\:loading\.inline-flex] {display: none;}[wire\:loading\.delay\.none][wire\:loading\.delay\.none], [wire\:loading\.delay\.shortest][wire\:loading\.delay\.shortest], [wire\:loading\.delay\.shorter][wire\:loading\.delay\.shorter], [wire\:loading\.delay\.short][wire\:loading\.delay\.short], [wire\:loading\.delay\.default][wire\:loading\.delay\.default], [wire\:loading\.delay\.long][wire\:loading\.delay\.long], [wire\:loading\.delay\.longer][wire\:loading\.delay\.longer], [wire\:loading\.delay\.longest][wire\:loading\.delay\.longest] {display: none;}[wire\:offline][wire\:offline] {display: none;}[wire\:dirty]:not(textarea):not(input):not(select) {display: none;}:root {--livewire-progress-bar-color: #2299dd;}[x-cloak] {display: none !important;}[wire\:cloak] {display: none !important;}</style>\n
    \n
    <style>\n
        :root { --sidebar-width: 260px; }\n
        @media (min-width: 1024px) {\n
            #mainContent { \n
                margin-left: var(--sidebar-width) !important; \n
                width: calc(100% - var(--sidebar-width)) !important; \n
            }\n
            #sidebar { width: var(--sidebar-width) !important; }\n
        }\n
    </style>\n
\n
    <style>\n
    /* Custom styles that extend Tailwind */\n
    .admin-table {\n
        @apply min-w-full divide-y divide-gray-200;\n
    }\n
    .admin-table thead {\n
        @apply bg-gray-50;\n
    }\n
    .admin-table th {\n
        @apply px-6 py-3 text-left text-xs font-medium text-gray-500 uppercase tracking-wider;\n
    }\n
    .admin-table tbody {\n
        @apply bg-white divide-y divide-gray-200;\n
    }\n
    .admin-table td {\n
        @apply px-6 py-4 whitespace-nowrap text-sm text-gray-500;\n
    }\n
    \n
    /* Status badges */\n
    .status-badge {\n
        @apply inline-flex items-center px-2.5 py-0.5 rounded-full text-xs font-medium;\n
    }\n
    .status-active {\n
        @apply bg-green-100 text-green-800;\n
    }\n
    .status-inactive {\n
        @apply bg-red-100 text-red-800;\n
    }\n
    .status-pending {\n
        @apply bg-yellow-100 text-yellow-800;\n
    }\n
    \n
    /* Card variations */\n
    .card-primary {\n
        @apply bg-white rounded-lg shadow border border-gray-200;\n
    }\n
    .card-secondary {\n
        @apply bg-gray-50 rounded-lg shadow-inner border border-gray-100;\n
    }\n
</style>\n
<style>\n
    /* Custom styles that extend Tailwind */\n
    .admin-table {\n
        @apply min-w-full divide-y divide-gray-200;\n
    }\n
    .admin-table thead {\n
        @apply bg-gray-50;\n
    }\n
    .admin-table th {\n
        @apply px-6 py-3 text-left text-xs font-medium text-gray-500 uppercase tracking-wider;\n
    }\n
    .admin-table tbody {\n
        @apply bg-white divide-y divide-gray-200;\n
    }\n
    .admin-table td {\n
        @apply px-6 py-4 whitespace-nowrap text-sm text-gray-500;\n
    }\n
    \n
    /* Status badges */\n
    .status-badge {\n
        @apply inline-flex items-center px-2.5 py-0.5 rounded-full text-xs font-medium;\n
    }\n
    .status-active {\n
        @apply bg-green-100 text-green-800;\n
    }\n
    .status-inactive {\n
        @apply bg-red-100 text-red-800;\n
    }\n
    .status-pending {\n
        @apply bg-yellow-100 text-yellow-800;\n
    }\n
    \n
    /* Card variations */\n
    .card-primary {\n
        @apply bg-white rounded-lg shadow border border-gray-200;\n
    }\n
    .card-secondary {\n
        @apply bg-gray-50 rounded-lg shadow-inner border border-gray-100;\n
    }\n
</style>\n
</head>\n
<body class="font-sans antialiased bg-slate-50 text-slate-900">\n
\n
    <div class="min-h-screen flex overflow-hidden bg-dashboard">\n
        <!-- Sidebar -->\n
        <aside id="sidebar"\n
    class="flex-shrink-0 flex flex-col h-screen fixed top-0 left-0 z-30 overflow-hidden transition-all duration-300 ease-in-out"\n
    style="width:260px; background:#FFFFFF; border-right:1px solid #F1F5F9;">\n
\n
    \n
    <div class="h-16 flex items-center justify-between px-5 flex-shrink-0" style="border-bottom:1px solid #F1F5F9;">\n
        <a href="http://localhost:8000/dashboard" class="flex items-center gap-3 group sidebar-logo min-w-0">\n
            <div class="w-10 h-10 rounded-2xl flex items-center justify-center flex-shrink-0 shadow-sm"\n
                 style="background:linear-gradient(135deg,#0d9488 0%,#0f766e 100%);">\n
                <i class="fas fa-heartbeat text-white" style="font-size:16px;"></i>\n
            </div>\n
            <div class="sidebar-text overflow-hidden">\n
                <span class="block font-black text-slate-900 tracking-tight leading-none" style="font-size:17px;">Posyandu</span>\n
                <span class="block text-slate-500 font-bold" style="font-size:11px; letter-spacing:.06em; margin-top:2px;">DASHBOARD ADMIN</span>\n
            </div>\n
        </a>\n
\n
        <button id="sidebarToggleBtn"\n
            class="hidden lg:flex w-7 h-7 items-center justify-center rounded-lg transition-all flex-shrink-0"\n
            style="color:#94a3b8; hover-bg:#f8fafc;"\n
            onmouseenter="this.style.background='#f8fafc'; this.style.color='#0f172a';"\n
            onmouseleave="this.style.background='transparent'; this.style.color='#94a3b8';">\n
            <i id="toggleIcon" class="fas fa-chevron-left transition-transform duration-300" style="font-size:9px;"></i>\n
        </button>\n
    </div>\n
\n
    \n
    <nav class="flex-1 overflow-y-auto overflow-x-hidden py-5 custom-scrollbar" style="padding-left:12px; padding-right:12px;">\n
\n
        \n
        <div class="sidebar-section-label mt-2 mb-2 px-3">\n
            <span class="text-slate-500 font-black" style="font-size:11px; letter-spacing:.12em; text-transform:uppercase;">Ringkasan Data</span>\n
        </div>\n
\n
        \n
        <a href="http://localhost:8000/dashboard"\n
           class="flex items-center gap-3 px-3 py-2.5 rounded-xl transition-all duration-200 group text-slate-500 hover:bg-slate-50 hover:text-slate-800 mb-1">\n
            <i class="fas fa-house w-5 text-center flex-shrink-0 text-[15px]"></i>\n
            <span class="sidebar-text text-[14.5px] font-bold whitespace-nowrap">Halaman Utama</span>\n
        </a>\n
\n
        <a href="http://localhost:8000/admin/analytics"\n
           class="flex items-center gap-3 px-3 py-2.5 rounded-xl transition-all duration-200 group text-slate-500 hover:bg-slate-50 hover:text-slate-800 mb-1">\n
            <i class="fas fa-chart-line w-5 text-center flex-shrink-0 text-[15px]"></i>\n
            <span class="sidebar-text text-[14.5px] font-bold whitespace-nowrap">Analitik & Grafik</span>\n
        </a>\n
\n
        \n
        <div class="sidebar-section-label mt-6 mb-2 px-3">\n
            <span class="text-slate-500 font-black" style="font-size:11px; letter-spacing:.12em; text-transform:uppercase;">Manajemen Layanan</span>\n
        </div>\n
\n
        \n
                <a href="http://localhost:8000/admin/patients"\n
           class="flex items-center gap-3 px-3 py-2.5 rounded-xl transition-all duration-200 group bg-slate-900 text-white shadow-sm mb-1">\n
            <i class="fas fa-users w-5 text-center flex-shrink-0 text-[15px]"></i>\n
            <span class="sidebar-text text-[14.5px] font-bold whitespace-nowrap">Data Warga</span>\n
        </a>\n
                <a href="http://localhost:8000/admin/posyandu"\n
           class="flex items-center gap-3 px-3 py-2.5 rounded-xl transition-all duration-200 group text-slate-500 hover:bg-slate-50 hover:text-slate-800 mb-1">\n
            <i class="fas fa-house-medical w-5 text-center flex-shrink-0 text-[15px]"></i>\n
            <span class="sidebar-text text-[14.5px] font-bold whitespace-nowrap">Data Posyandu</span>\n
        </a>\n
                <a href="http://localhost:8000/admin/schedules"\n
           class="flex items-center gap-3 px-3 py-2.5 rounded-xl transition-all duration-200 group text-slate-500 hover:bg-slate-50 hover:text-slate-800 mb-1">\n
            <i class="fas fa-calendar-days w-5 text-center flex-shrink-0 text-[15px]"></i>\n
            <span class="sidebar-text text-[14.5px] font-bold whitespace-nowrap">Jadwal Kegiatan</span>\n
        </a>\n
                <a href="http://localhost:8000/admin/medical-records"\n
           class="flex items-center gap-3 px-3 py-2.5 rounded-xl transition-all duration-200 group text-slate-500 hover:bg-slate-50 hover:text-slate-800 mb-1">\n
            <i class="fas fa-notes-medical w-5 text-center flex-shrink-0 text-[15px]"></i>\n
            <span class="sidebar-text text-[14.5px] font-bold whitespace-nowrap">Rekam Medis</span>\n
        </a>\n
        \n
        \n
                <div class="sidebar-section-label mt-6 mb-2 px-3">\n
            <span class="text-slate-500 font-black" style="font-size:11px; letter-spacing:.12em; text-transform:uppercase;">Laporan & Riwayat</span>\n
        </div>\n
\n
        <a href="http://localhost:8000/admin/reports"\n
           class="flex items-center gap-3 px-3 py-2.5 rounded-xl transition-all duration-200 group text-slate-500 hover:bg-slate-50 hover:text-slate-800 mb-1">\n
            <i class="fas fa-chart-bar w-5 text-center flex-shrink-0 text-[15px]"></i>\n
            <span class="sidebar-text text-[14.5px] font-bold whitespace-nowrap">Laporan Bulanan</span>\n
        </a>\n
\n
                \n
        \n
                <div class="sidebar-section-label mt-5 mb-1 px-2">\n
            <span class="text-slate-400 font-bold" style="font-size:9.5px; letter-spacing:.12em; text-transform:uppercase;">Konten</span>\n
        </div>\n
\n
        <a href="http://localhost:8000/admin/articles"\n
           class="flex items-center gap-3 px-3 py-2.5 rounded-xl transition-all duration-200 group text-slate-500 hover:bg-slate-50 hover:text-slate-800 mb-0.5">\n
            <i class="fas fa-newspaper w-4 text-center flex-shrink-0 text-[13px]"></i>\n
            <span class="sidebar-text text-[13px] font-semibold whitespace-nowrap">Artikel & Berita</span>\n
        </a>\n
\n
        <a href="http://localhost:8000/admin/gallery"\n
           class="flex items-center gap-3 px-3 py-2.5 rounded-xl transition-all duration-200 group text-slate-500 hover:bg-slate-50 hover:text-slate-800 mb-0.5">\n
            <i class="fas fa-images w-4 text-center flex-shrink-0 text-[13px]"></i>\n
            <span class="sidebar-text text-[13px] font-semibold whitespace-nowrap">Galeri</span>\n
        </a>\n
        \n
        \n
        \n
    </nav>\n
\n
    \n
    <div class="flex-shrink-0 p-3" style="border-top:1px solid #F1F5F9;">\n
        <div class="flex items-center gap-3 p-2 rounded-xl transition-all duration-200 cursor-pointer hover:bg-slate-50">\n
            \n
            <div class="w-8 h-8 rounded-lg flex-shrink-0 flex items-center justify-center text-white font-bold text-xs shadow-sm"\n
                 style="background:linear-gradient(135deg,#1e293b 0%,#475569 100%); font-size:11px;">\n
                ZA\n
            </div>\n
\n
            \n
            <div class="sidebar-text flex-1 min-w-0">\n
                <p class="text-slate-800 font-bold truncate leading-tight" style="font-size:11px;">Zalindra Wulandari S.Pt</p>\n
                <p class="text-slate-400 truncate" style="font-size:10px;">\n
                                        Admi n\n
                </p>\n
            </div>\n
\n
            \n
            <form method="POST" action="http://localhost:8000/logout" class="flex-shrink-0 sidebar-text">\n
                <input type="hidden" name="_token" value="JNohFJYcuHe00OmXN1wTaJJUG3lhx94XpptCicvw" autocomplete="off">                <button type="submit"\n
                    class="w-7 h-7 flex items-center justify-center rounded-lg text-slate-400 transition-all"\n
                    onmouseenter="this.style.background='#fee2e2'; this.style.color='#ef4444';"\n
                    onmouseleave="this.style.background='transparent'; this.style.color='#94a3b8';"\n
                    title="Keluar">\n
                    <i class="fas fa-arrow-right-from-bracket" style="font-size:11px;"></i>\n
                </button>\n
            </form>\n
        </div>\n
    </div>\n
\n
</aside>\n
\n
\n
<div id="sidebarOverlay" class="fixed inset-0 bg-black/40 z-20 hidden lg:hidden backdrop-blur-sm"></div>\n
\n
<script>\n
(function () {\n
    const KEY        = 'sidebar_v2_collapsed';\n
    const sidebar    = document.getElementById('sidebar');\n
    const btn        = document.getElementById('sidebarToggleBtn');\n
    const mobileBtn  = document.getElementById('mobileSidebarToggle');\n
    const icon       = document.getElementById('toggleIcon');\n
    const main       = document.getElementById('mainContent');\n
    const overlay    = document.getElementById('sidebarOverlay');\n
    const EXP = '260px', COL = '68px';\n
\n
    let collapsed = localStorage.getItem(KEY) === 'true';\n
\n
    function apply(animate) {\n
        const isDesktop = window.innerWidth >= 1024;\n
        const width = isDesktop ? (collapsed ? COL : EXP) : (collapsed ? '0px' : EXP);\n
        \n
        // Update CSS Variable\n
        document.documentElement.style.setProperty('--sidebar-width', width);\n
\n
        if (!animate) {\n
            sidebar.style.transition = 'none';\n
            if (main) main.style.transition = 'none';\n
        }\n
\n
        if (icon) icon.style.transform = collapsed ? 'rotate(180deg)' : 'rotate(0deg)';\n
\n
        const els = document.querySelectorAll('.sidebar-text, .sidebar-section-label');\n
        els.forEach(el => {\n
            el.style.opacity  = collapsed ? '0' : '1';\n
            el.style.maxWidth = collapsed ? '0' : '200px';\n
        });\n
\n
        if (overlay) {\n
            overlay.classList.toggle('hidden', isDesktop || collapsed);\n
        }\n
\n
        if (!animate) {\n
            requestAnimationFrame(() => {\n
                sidebar.style.transition = '';\n
                if (main) main.style.transition = '';\n
            });\n
        }\n
    }\n
\n
    function toggle() {\n
        collapsed = !collapsed;\n
        localStorage.setItem(KEY, collapsed);\n
        apply(true);\n
    }\n
\n
    apply(false);\n
\n
    btn?.addEventListener('click', toggle);\n
    mobileBtn?.addEventListener('click', toggle);\n
    overlay?.addEventListener('click', toggle);\n
    window.addEventListener('resize', () => apply(false));\n
})();\n
</script>        \n
        <!-- Main Content Wrapper -->\n
        <div id="mainContent" class="flex-1 flex flex-col min-h-screen transition-all duration-300 ease-in-out relative overflow-y-auto">\n
            \n
            <!-- Navbar (Now part of the right-side flow) -->\n
                        <header id="topNavbar"\n
    class="sticky top-0 z-40 flex items-center justify-between h-16 px-4 md:px-6\n
           bg-white/95 backdrop-blur-md border-b border-slate-100 shadow-[0_1px_3px_0_rgb(0,0,0,.04)]\n
           transition-shadow duration-200"\n
    style="font-family:'Public Sans','Inter',sans-serif;">\n
\n
    \n
    <div class="flex items-center gap-3 min-w-0">\n
\n
        \n
        <button id="mobileSidebarToggle"\n
            class="lg:hidden w-9 h-9 flex items-center justify-center rounded-xl\n
                   text-slate-500 border border-slate-200 hover:bg-slate-50\n
                   active:scale-95 transition-all duration-150 flex-shrink-0">\n
            <i class="fas fa-bars" style="font-size:14px;"></i>\n
        </button>\n
\n
        \n
        <div class="hidden sm:flex flex-col justify-center min-w-0">\n
            <h1 class="text-slate-900 font-extrabold leading-tight truncate" style="font-size:18px; letter-spacing:-0.02em;">\n
                Data Warga\n
            </h1>\n
            <p class="text-slate-500 font-bold leading-none mt-1 truncate" style="font-size:12.5px;">\n
                Kelola data pasien posyandu\n
            </p>\n
        </div>\n
    </div>\n
\n
    \n
    <div class="flex items-center gap-2 md:gap-3 flex-shrink-0" x-data="{ notifOpen: false, profileOpen: false }">\n
\n
        \n
        <div wire:snapshot="{&quot;data&quot;:{&quot;search&quot;:&quot;&quot;},&quot;memo&quot;:{&quot;id&quot;:&quot;PYlGn1HyZ1Kpg1PowtLm&quot;,&quot;name&quot;:&quot;global-search&quot;,&quot;path&quot;:&quot;admin\/patients\/1&quot;,&quot;method&quot;:&quot;GET&quot;,&quot;children&quot;:[],&quot;scripts&quot;:[],&quot;assets&quot;:[],&quot;errors&quot;:[],&quot;locale&quot;:&quot;id&quot;},&quot;checksum&quot;:&quot;7657cf9898e28498552e052c981785c87be6563e6f585053cf109719464025a0&quot;}" wire:effects="[]" wire:id="PYlGn1HyZ1Kpg1PowtLm" class="relative w-full lg:max-w-md" x-data="{ open: false }" @click.away="open = false">\n
    \n
    <div class="relative group">\n
        <i class="fas fa-search absolute left-3.5 top-1/2 -translate-y-1/2 text-slate-400 group-focus-within:text-teal-500 transition-colors pointer-events-none" style="font-size:12px;"></i>\n
        <input \n
            wire:model.live.debounce.300ms="search"\n
            @focus="open = true"\n
            @keydown.slash.window.prevent="$el.focus()"\n
            type="text" \n
            placeholder="Cari pasien, jadwal, atau artikel... [/]"\n
            class="w-full h-10 pl-9 pr-4 rounded-xl border border-slate-200 bg-slate-50 text-slate-700 placeholder-slate-400 text-[14px] font-bold focus:outline-none focus:ring-4 focus:ring-teal-500/10 focus:border-teal-400 focus:bg-white transition-all duration-300"\n
        >\n
        \n
        \n
        <div wire:loading class="absolute right-3 top-1/2 -translate-y-1/2">\n
            <svg class="animate-spin h-4 w-4 text-teal-500" xmlns="http://www.w3.org/2000/svg" fill="none" viewBox="0 0 24 24">\n
                <circle class="opacity-25" cx="12" cy="12" r="10" stroke="currentColor" stroke-width="4"></circle>\n
                <path class="opacity-75" fill="currentColor" d="M4 12a8 8 0 018-8V0C5.373 0 0 5.373 0 12h4zm2 5.291A7.962 7.962 0 014 12H0c0 3.042 1.135 5.824 3 7.938l3-2.647z"></path>\n
            </svg>\n
        </div>\n
    </div>\n
\n
    \n
    <div \n
        x-show="open && $wire.search.length >= 2"\n
        x-transition:enter="transition ease-out duration-200"\n
        x-transition:enter-start="opacity-0 translate-y-1"\n
        x-transition:enter-end="opacity-100 translate-y-0"\n
        x-cloak\n
        class="absolute mt-2 w-full bg-white rounded-2xl shadow-2xl border border-slate-100 overflow-hidden z-50"\n
    >\n
        <!--[if BLOCK]><![endif]-->            <div class="p-8 text-center">\n
                <div class="w-12 h-12 bg-slate-50 rounded-full flex items-center justify-center mx-auto mb-3">\n
                    <i class="fas fa-search text-slate-300"></i>\n
                </div>\n
                <p class="text-[13px] font-bold text-slate-600">Tidak ada hasil ditemukan</p>\n
                <p class="text-[11px] text-slate-400 mt-1">Coba kata kunci lain atau periksa ejaan Anda</p>\n
            </div>\n
        <!--[if ENDBLOCK]><![endif]-->\n
    </div>\n
</div>\n
\n
        \n
        <button id="mobileSearchBtn"\n
            class="lg:hidden w-9 h-9 flex items-center justify-center rounded-xl\n
                   text-slate-500 border border-slate-200 hover:bg-slate-50\n
                   active:scale-95 transition-all duration-150">\n
            <i class="fas fa-search" style="font-size:13px;"></i>\n
        </button>\n
\n
        \n
        <div class="relative">\n
            <button @click="notifOpen = !notifOpen; profileOpen = false" \n
                class="w-10 h-10 flex items-center justify-center rounded-xl\n
                       text-slate-500 border border-slate-200 hover:bg-slate-100 hover:text-teal-600\n
                       active:scale-95 transition-all duration-150 relative shadow-sm bg-white">\n
                <i class="fas fa-bell" style="font-size:14px;"></i>\n
                \n
                <span class="absolute top-2 right-2 w-2.5 h-2.5 rounded-full bg-red-500 border-2 border-white"></span>\n
            </button>\n
\n
            \n
            <div x-show="notifOpen" \n
                @click.away="notifOpen = false"\n
                x-transition:enter="transition ease-out duration-200"\n
                x-transition:enter-start="opacity-0 translate-y-1"\n
                x-transition:enter-end="opacity-100 translate-y-0"\n
                class="absolute right-0 mt-3 w-80 md:w-96 bg-white rounded-3xl shadow-2xl\n
                       border border-slate-100 overflow-hidden z-50 py-2">\n
\n
                \n
                <div class="flex items-center justify-between px-5 py-4 border-b border-slate-50">\n
                    <span class="text-slate-900 font-black text-sm">Notifikasi</span>\n
                    <span class="text-[10px] font-black text-white px-2.5 py-1 rounded-full bg-red-500 uppercase tracking-widest">3 Baru</span>\n
                </div>\n
\n
                \n
                <div class="divide-y divide-slate-50 max-h-96 overflow-y-auto custom-scrollbar">\n
                    \n
                                                            <a href="http://localhost:8000/admin/schedules" class="flex items-start gap-4 px-5 py-4 hover:bg-slate-100 transition-colors cursor-pointer bg-blue-50/20">\n
                        <div class="w-10 h-10 rounded-2xl flex items-center justify-center flex-shrink-0 bg-blue-100 text-blue-600 shadow-sm">\n
                            <i class="fas fa-calendar-check" style="font-size:14px;"></i>\n
                        </div>\n
                        <div class="flex-1 min-w-0">\n
                            <p class="text-slate-800 font-black text-[13px] leading-tight">Jadwal Posyandu Besok</p>\n
                            <p class="text-slate-500 text-[12px] mt-1 line-clamp-1 font-medium">Posyandu Melati — 08.00 WIB</p>\n
                            <p class="text-slate-400 text-[10px] mt-1.5 font-bold uppercase tracking-wider">5 menit lalu</p>\n
                        </div>\n
                                                <div class="w-2.5 h-2.5 rounded-full bg-blue-500 flex-shrink-0 mt-2 shadow-sm shadow-blue-500/30"></div>\n
                                            </a>\n
                                                            <a href="http://localhost:8000/admin/patients" class="flex items-start gap-4 px-5 py-4 hover:bg-slate-100 transition-colors cursor-pointer bg-blue-50/20">\n
                        <div class="w-10 h-10 rounded-2xl flex items-center justify-center flex-shrink-0 bg-emerald-100 text-emerald-600 shadow-sm">\n
                            <i class="fas fa-user-plus" style="font-size:14px;"></i>\n
                        </div>\n
                        <div class="flex-1 min-w-0">\n
                            <p class="text-slate-800 font-black text-[13px] leading-tight">Pasien Baru Terdaftar</p>\n
                            <p class="text-slate-500 text-[12px] mt-1 line-clamp-1 font-medium">Budi Santoso telah didaftarkan</p>\n
                            <p class="text-slate-400 text-[10px] mt-1.5 font-bold uppercase tracking-wider">1 jam lalu</p>\n
                        </div>\n
                                                <div class="w-2.5 h-2.5 rounded-full bg-blue-500 flex-shrink-0 mt-2 shadow-sm shadow-blue-500/30"></div>\n
                                            </a>\n
                                                            <a href="http://localhost:8000/admin/medical-records" class="flex items-start gap-4 px-5 py-4 hover:bg-slate-100 transition-colors cursor-pointer bg-blue-50/20">\n
                        <div class="w-10 h-10 rounded-2xl flex items-center justify-center flex-shrink-0 bg-violet-100 text-violet-600 shadow-sm">\n
                            <i class="fas fa-notes-medical" style="font-size:14px;"></i>\n
                        </div>\n
                        <div class="flex-1 min-w-0">\n
                            <p class="text-slate-800 font-black text-[13px] leading-tight">Rekam Medis Diperbarui</p>\n
                            <p class="text-slate-500 text-[12px] mt-1 line-clamp-1 font-medium">Data Siti Aminah diperbarui</p>\n
                            <p class="text-slate-400 text-[10px] mt-1.5 font-bold uppercase tracking-wider">3 jam lalu</p>\n
                        </div>\n
                                                <div class="w-2.5 h-2.5 rounded-full bg-blue-500 flex-shrink-0 mt-2 shadow-sm shadow-blue-500/30"></div>\n
                                            </a>\n
                                                            <a href="http://localhost:8000/admin/reports" class="flex items-start gap-4 px-5 py-4 hover:bg-slate-100 transition-colors cursor-pointer ">\n
                        <div class="w-10 h-10 rounded-2xl flex items-center justify-center flex-shrink-0 bg-amber-100 text-amber-600 shadow-sm">\n
                            <i class="fas fa-chart-bar" style="font-size:14px;"></i>\n
                        </div>\n
                        <div class="flex-1 min-w-0">\n
                            <p class="text-slate-800 font-black text-[13px] leading-tight">Laporan Bulan Ini Siap</p>\n
                            <p class="text-slate-500 text-[12px] mt-1 line-clamp-1 font-medium">Laporan April 2026 tersedia</p>\n
                            <p class="text-slate-400 text-[10px] mt-1.5 font-bold uppercase tracking-wider">1 hari lalu</p>\n
                        </div>\n
                                            </a>\n
                                    </div>\n
\n
                \n
                <div class="px-5 py-4 border-t border-slate-50 text-center">\n
                    <a href="#" class="text-[12px] font-black text-teal-600 hover:text-teal-800 transition-colors uppercase tracking-widest">\n
                        Lihat semua notifikasi\n
                    </a>\n
                </div>\n
            </div>\n
        </div>\n
\n
        \n
        <div class="hidden sm:block w-px h-6 bg-slate-100 mx-1"></div>\n
\n
        \n
        <div class="relative">\n
            <button @click="profileOpen = !profileOpen; notifOpen = false"\n
                class="flex items-center gap-3 pl-1.5 pr-3 py-1.5 rounded-2xl\n
                       hover:bg-slate-100 active:scale-95 transition-all duration-150 group bg-white border border-transparent hover:border-slate-200">\n
\n
                \n
                <div class="w-9 h-9 rounded-xl flex items-center justify-center text-white font-black flex-shrink-0 shadow-lg"\n
                     style="background:linear-gradient(135deg,#1e40af 0%,#3b82f6 100%); font-size:12px; letter-spacing:.05em;">\n
                    ZW\n
                </div>\n
\n
                \n
                <div class="hidden md:flex flex-col items-start leading-tight">\n
                    <span class="text-slate-900 font-black text-[13px] tracking-tight flex items-center gap-1.5">\n
                        Zalindra\n
                        <span class="px-1.5 py-0.5 rounded-md bg-slate-100 text-slate-500 text-[9px] uppercase font-black">Admi n</span>\n
                    </span>\n
                    <span class="text-slate-400 font-bold text-[10px] tracking-tight">shakila.suartini@example.com</span>\n
                </div>\n
\n
                <i class="fas fa-chevron-down text-slate-300 group-hover:text-teal-600 transition-all duration-300 hidden md:block"\n
                   :class="profileOpen ? 'rotate-180' : ''"\n
                   style="font-size:10px;"></i>\n
            </button>\n
\n
            \n
            <div x-show="profileOpen"\n
                @click.away="profileOpen = false"\n
                x-transition:enter="transition ease-out duration-200"\n
                x-transition:enter-start="opacity-0 translate-y-1"\n
                x-transition:enter-end="opacity-100 translate-y-0"\n
                class="absolute right-0 mt-3 w-72 bg-white rounded-3xl shadow-2xl\n
                       border border-slate-100 overflow-hidden z-50 p-2">\n
\n
                \n
                <div class="px-4 py-5 rounded-2xl mb-2"\n
                     style="background: linear-gradient(135deg, #f8fafc 0%, #f1f5f9 100%);">\n
                    <div class="flex items-center gap-4">\n
                        <div class="w-12 h-12 rounded-2xl flex items-center justify-center text-white font-black shadow-xl"\n
                             style="background:linear-gradient(135deg,#1e40af 0%,#3b82f6 100%); font-size:14px;">\n
                            ZW\n
                        </div>\n
                        <div class="min-w-0">\n
                            <p class="text-slate-900 font-black text-sm truncate">Zalindra Wulandari S.Pt</p>\n
                            <p class="text-slate-500 font-medium text-[11px] truncate mb-1">shakila.suartini@example.com</p>\n
                            <span class="inline-flex items-center px-2.5 py-0.5 rounded-full text-[9px] font-black uppercase tracking-widest bg-blue-100 text-blue-700">\n
                                Admi n\n
                            </span>\n
                        </div>\n
                    </div>\n
                </div>\n
\n
                \n
                <div class="space-y-1">\n
                    \n
                                        <a href="http://localhost:8000/dashboard"\n
                       class="flex items-center gap-3 px-4 py-3 text-slate-600 hover:bg-slate-50\n
                              hover:text-teal-600 rounded-xl transition-all group font-bold">\n
                        <div class="w-8 h-8 rounded-xl flex items-center justify-center bg-slate-100\n
                                    group-hover:bg-teal-50 group-hover:text-teal-600 transition-all flex-shrink-0">\n
                            <i class="fas fa-house" style="font-size:12px;"></i>\n
                        </div>\n
                        <span class="text-[13px]">Dashboard</span>\n
                    </a>\n
                                        <a href="http://localhost:8000/admin/schedules"\n
                       class="flex items-center gap-3 px-4 py-3 text-slate-600 hover:bg-slate-50\n
                              hover:text-teal-600 rounded-xl transition-all group font-bold">\n
                        <div class="w-8 h-8 rounded-xl flex items-center justify-center bg-slate-100\n
                                    group-hover:bg-teal-50 group-hover:text-teal-600 transition-all flex-shrink-0">\n
                            <i class="fas fa-calendar-days" style="font-size:12px;"></i>\n
                        </div>\n
                        <span class="text-[13px]">Jadwal Kegiatan</span>\n
                    </a>\n
                                        <a href="http://localhost:8000/admin/reports"\n
                       class="flex items-center gap-3 px-4 py-3 text-slate-600 hover:bg-slate-50\n
                              hover:text-teal-600 rounded-xl transition-all group font-bold">\n
                        <div class="w-8 h-8 rounded-xl flex items-center justify-center bg-slate-100\n
                                    group-hover:bg-teal-50 group-hover:text-teal-600 transition-all flex-shrink-0">\n
                            <i class="fas fa-chart-bar" style="font-size:12px;"></i>\n
                        </div>\n
                        <span class="text-[13px]">Laporan Bulanan</span>\n
                    </a>\n
                                    </div>\n
\n
                \n
                <div class="mt-2 pt-2 border-t border-slate-50">\n
                    <form method="POST" action="http://localhost:8000/logout">\n
                        <input type="hidden" name="_token" value="JNohFJYcuHe00OmXN1wTaJJUG3lhx94XpptCicvw" autocomplete="off">                        <button type="submit"\n
                            class="w-full flex items-center gap-3 px-4 py-3 text-red-500\n
                                   hover:bg-red-50 rounded-xl transition-all group font-bold">\n
                            <div class="w-8 h-8 rounded-xl flex items-center justify-center bg-red-50\n
                                        group-hover:bg-red-100 transition-all flex-shrink-0">\n
                                <i class="fas fa-arrow-right-from-bracket" style="font-size:12px;"></i>\n
                            </div>\n
                            <span class="text-[13px]">Keluar Aplikasi</span>\n
                        </button>\n
                    </form>\n
                </div>\n
            </div>\n
        </div>\n
\n
    </div>\n
</header>\n
\n
\n
<div id="mobileSearchBar"\n
    class="hidden lg:hidden px-4 py-2.5 bg-white border-b border-slate-100 shadow-sm">\n
    <div class="relative">\n
        <i class="fas fa-search absolute left-3.5 top-1/2 -translate-y-1/2 text-slate-400 pointer-events-none"\n
           style="font-size:12px;"></i>\n
        <input type="text"\n
            placeholder="Cari pasien, jadwal, artikel…"\n
            class="w-full h-9 pl-9 pr-4 rounded-xl border border-slate-200 bg-slate-50\n
                   text-slate-700 placeholder-slate-400 text-[13px] font-medium\n
                   focus:outline-none focus:ring-2 focus:ring-slate-900/10 focus:border-slate-300\n
                   focus:bg-white transition-all">\n
    </div>\n
</div>\n
\n
\n
<script>\n
(function () {\n
    // Mobile search toggle\n
    const mobileSearchBtn = document.getElementById('mobileSearchBtn');\n
    const mobileSearchBar = document.getElementById('mobileSearchBar');\n
    if (mobileSearchBtn && mobileSearchBar) {\n
        mobileSearchBtn.addEventListener('click', function () {\n
            mobileSearchBar.classList.toggle('hidden');\n
            if (!mobileSearchBar.classList.contains('hidden')) {\n
                mobileSearchBar.querySelector('input')?.focus();\n
            }\n
        });\n
    }\n
})();\n
</script>\n
            \n
            <!-- Main Content Area -->\n
            <main class="flex-1 p-4 md:p-8">\n
                <div class="w-full max-w-full px-4 sm:px-6 lg:px-8 py-8">\n
    <!-- Admin Header -->\n
    <div class="flex flex-col sm:flex-row justify-between items-start sm:items-center gap-4 mb-8 w-full">\n
        <div class="flex-1 min-w-0 w-full">\n
            <h1 class="text-2xl font-bold text-gray-900 truncate">    Detail Warga — Titi Nasyiah\n
</h1>\n
        </div>\n
        \n
                    <div class="flex flex-wrap gap-3 items-center justify-start sm:justify-end shrink-0 w-full sm:w-auto">\n
                    <!--[if BLOCK]><![endif]-->    \n
    <a\n
        href="http://localhost:8000/admin/patients"\n
        class="inline-flex items-center justify-center font-semibold\n
             whitespace-nowrap select-none\n
             transition-all duration-150\n
             focus:outline-none focus-visible:outline-none\n
             min-h-[touch-target] h-11 px-6   text-[15.5px] gap-2.5 rounded-xl bg-surface-container-lowest text-on-surface border border-outline-variant\n
                        hover:bg-surface-container hover:border-outline\n
                        focus-visible:ring-2 focus-visible:ring-primary/30\n
                        active:scale-[.97]"\n
                style="font-family:'Public Sans',sans-serif;"\n
    >\n
        <!--[if BLOCK]><![endif]-->            <span class="material-symbols-outlined text-[18px] leading-none">arrow_back</span>\n
        <!--[if ENDBLOCK]><![endif]-->\n
\n
        Kembali\n
\n
        <!--[if BLOCK]><![endif]--><!--[if ENDBLOCK]><![endif]-->\n
    </a>\n
<!--[if ENDBLOCK]><![endif]-->\n
            </div>\n
            </div>\n
    \n
    <!-- Admin Content -->\n
    <div class="bg-white rounded-lg shadow-md overflow-hidden">\n
                    <div wire:key="growth-chart-root" class="space-y-6">\n
    \n
    \n
    <div class="bg-white border border-slate-200 rounded-[2.5rem] p-8 shadow-sm relative overflow-hidden group">\n
        <div class="absolute right-0 top-0 w-64 h-64 bg-teal-50 rounded-full -mr-20 -mt-20 transition-transform group-hover:scale-110 duration-700 opacity-50"></div>\n
        \n
        <div class="relative z-10 flex flex-col md:flex-row items-center gap-8">\n
            <div class="w-32 h-32 rounded-[2rem] bg-teal-100 flex items-center justify-center text-teal-600 shadow-inner border-4 border-white">\n
                <span class="material-symbols-outlined text-[64px]">child_care</span>\n
            </div>\n
            \n
            <div class="flex-1 text-center md:text-left">\n
                <div class="flex flex-wrap items-center justify-center md:justify-start gap-3 mb-2">\n
                    <h2 class="text-3xl font-black text-slate-900 tracking-tight"></h2>\n
                    <span class="px-4 py-1 rounded-full bg-teal-500 text-white text-[10px] font-black uppercase tracking-widest shadow-lg shadow-teal-500/20">\n
                        \n
                    </span>\n
                </div>\n
                <div class="flex flex-wrap justify-center md:justify-start gap-6 text-slate-500 text-sm font-bold">\n
                    <div class="flex items-center gap-2">\n
                        <span class="material-symbols-outlined text-[18px] text-teal-500">fingerprint</span>\n
                        NIK: \n
                    </div>\n
                    <div class="flex items-center gap-2">\n
                        <span class="material-symbols-outlined text-[18px] text-teal-500">cake</span>\n
                        03 Mei 2026\n
                    </div>\n
                    <div class="flex items-center gap-2">\n
                        <span class="material-symbols-outlined text-[18px] text-teal-500">location_on</span>\n
                        Unit Belum Terdaftar\n
                    </div>\n
                </div>\n
            </div>\n
            \n
            <div class="bg-slate-50 rounded-3xl p-6 border border-slate-100 text-center min-w-[160px]">\n
                <p class="text-[10px] font-black text-slate-400 uppercase tracking-widest mb-1">Status Gizi</p>\n
                <p class="text-xl font-black text-emerald-600 leading-none">Normal</p>\n
                <div class="w-full bg-emerald-100 h-1.5 rounded-full mt-3 overflow-hidden">\n
                    <div class="bg-emerald-500 h-full w-[85%] rounded-full"></div>\n
                </div>\n
            </div>\n
        </div>\n
    </div>\n
\n
    \n
    <div class="grid grid-cols-1 lg:grid-cols-12 gap-8">\n
        \n
        \n
        <div class="lg:col-span-8 space-y-6">\n
            <div class="bg-white border border-slate-200 rounded-[2.5rem] p-6 md:p-8 shadow-sm">\n
                <div class="flex flex-col sm:flex-row items-start sm:items-center justify-between gap-4 mb-8">\n
                    <div>\n
                        <h3 class="text-lg font-black text-slate-800 tracking-tight">Grafik Antropometri WHO</h3>\n
                        <p class="text-[10px] font-bold text-slate-400 uppercase tracking-widest mt-1">Pantau tumbuh kembang setiap bulan</p>\n
                    </div>\n
                    \n
                    <div class="flex bg-slate-100 p-1.5 rounded-2xl w-full sm:w-auto shadow-inner" x-data="{ active: 'wfa' }">\n
                        <button \n
                            type="button"\n
                            x-on:click="active = 'wfa'; $wire.switchChart('wfa')" \n
                            :class="active === 'wfa' ? 'bg-white shadow-md text-teal-600' : 'text-slate-500 hover:bg-white/50'"\n
                            class="flex-1 px-5 py-2 text-[10px] font-black uppercase tracking-[0.15em] rounded-xl transition-all duration-300"\n
                        >\n
                            BB / U\n
                        </button>\n
                        <button \n
                            type="button"\n
                            x-on:click="active = 'hfa'; $wire.switchChart('hfa')" \n
                            :class="active === 'hfa' ? 'bg-white shadow-md text-teal-600' : 'text-slate-500 hover:bg-white/50'"\n
                            class="flex-1 px-5 py-2 text-[10px] font-black uppercase tracking-[0.15em] rounded-xl transition-all duration-300"\n
                        >\n
                            TB / U\n
                        </button>\n
                    </div>\n
                </div>\n
\n
                <div class="relative" style="height: 400px;">\n
                    <canvas id="growthChart" wire:ignore></canvas>\n
                    <div wire:loading class="absolute inset-0 bg-white/80 backdrop-blur-sm flex items-center justify-center z-10 rounded-3xl transition-all">\n
                        <div class="animate-spin rounded-full h-12 w-12 border-4 border-teal-500 border-t-transparent"></div>\n
                    </div>\n
                </div>\n
            </div>\n
\n
            \n
            <div class="bg-white border border-slate-200 rounded-[2.5rem] p-6 md:p-8 shadow-sm">\n
                <div class="flex items-center justify-between mb-6">\n
                    <h3 class="text-lg font-black text-slate-800 tracking-tight">Riwayat Pemeriksaan Terakhir</h3>\n
                    <a href="#" class="text-[10px] font-black text-teal-600 uppercase tracking-widest hover:underline">Lihat Semua →</a>\n
                </div>\n
                \n
                <div class="overflow-x-auto">\n
                    <table class="w-full text-left">\n
                        <thead>\n
                            <tr class="border-b border-slate-50">\n
                                <th class="pb-4 text-[10px] font-black text-slate-400 uppercase tracking-widest">Tgl Kunjungan</th>\n
                                <th class="pb-4 text-[10px] font-black text-slate-400 uppercase tracking-widest">Berat</th>\n
                                <th class="pb-4 text-[10px] font-black text-slate-400 uppercase tracking-widest">Tinggi</th>\n
                                <th class="pb-4 text-[10px] font-black text-slate-400 uppercase tracking-widest">LILA</th>\n
                                <th class="pb-4 text-right text-[10px] font-black text-slate-400 uppercase tracking-widest">Status</th>\n
                            </tr>\n
                        </thead>\n
                        <tbody class="divide-y divide-slate-50">\n
                            <!--[if BLOCK]><![endif]--><!--[if ENDBLOCK]><![endif]-->\n
                        </tbody>\n
                    </table>\n
                </div>\n
            </div>\n
        </div>\n
\n
        \n
        <div class="lg:col-span-4 space-y-6">\n
            \n
            <div class="grid grid-cols-2 gap-4">\n
                <div class="p-6 bg-teal-50 rounded-[2rem] border border-teal-100 flex flex-col items-center text-center shadow-sm hover:shadow-md transition-shadow">\n
                    <span class="material-symbols-outlined text-teal-600 mb-2">cake</span>\n
                    <p class="text-[9px] font-black text-teal-600/60 uppercase tracking-widest">Usia</p>\n
                    <p class="text-xl font-black text-teal-900">0 Bln</p>\n
                </div>\n
                <div class="p-6 bg-blue-50 rounded-[2rem] border border-blue-100 flex flex-col items-center text-center shadow-sm hover:shadow-md transition-shadow">\n
                    <span class="material-symbols-outlined text-blue-600 mb-2">vaccines</span>\n
                    <p class="text-[9px] font-black text-blue-600/60 uppercase tracking-widest">Imunisasi</p>\n
                    <p class="text-xl font-black text-blue-900">8/12</p>\n
                </div>\n
            </div>\n
\n
            \n
            <div class="bg-slate-900 rounded-[2.5rem] p-8 text-white relative overflow-hidden shadow-2xl shadow-slate-200">\n
                <div class="absolute right-0 top-0 w-32 h-32 bg-white/5 rounded-full -mr-16 -mt-16"></div>\n
                <div class="relative z-10">\n
                    <div class="flex items-center justify-between mb-8">\n
                        <span class="text-[10px] font-black uppercase tracking-[0.2em] text-slate-400">Digital Health Pass</span>\n
                        <span class="material-symbols-outlined text-teal-400">qr_code_2</span>\n
                    </div>\n
                    <div class="space-y-4">\n
                        <div class="flex justify-between items-end">\n
                            <div>\n
                                <p class="text-[9px] font-black text-slate-500 uppercase tracking-widest mb-1">Terakhir Diperiksa</p>\n
                                <p class="text-sm font-bold">N/A</p>\n
                            </div>\n
                            <div class="text-right">\n
                                <p class="text-[9px] font-black text-slate-500 uppercase tracking-widest mb-1">Oleh Kader</p>\n
                                <p class="text-sm font-bold">Sistem</p>\n
                            </div>\n
                        </div>\n
                    </div>\n
                </div>\n
            </div>\n
\n
            \n
            <div class="bg-amber-50 border border-amber-100 rounded-[2.5rem] p-8">\n
                <div class="flex items-center gap-3 mb-4">\n
                    <div class="w-10 h-10 rounded-2xl bg-amber-100 text-amber-600 flex items-center justify-center">\n
                        <span class="material-symbols-outlined text-[20px]">lightbulb</span>\n
                    </div>\n
                    <h4 class="font-black text-slate-800 text-sm uppercase tracking-widest">Tips Kesehatan</h4>\n
                </div>\n
                <p class="text-sm text-slate-600 leading-relaxed font-medium">\n
                    "Pastikan  mendapatkan asupan protein hewani dan ASI eksklusif hingga usia 2 tahun untuk mencegah stunting."\n
                </p>\n
            </div>\n
        </div>\n
    </div>\n
\n
        </div>\n
            </div>\n
</div>\n
            </main>\n
            \n
            <!-- Footer -->\n
            <footer class="border-t border-outline-variant py-5 mt-auto"\n
        style="background:var(--color-surface-container-low, #f0f5f2); font-family:'Public Sans',sans-serif;">\n
    <div class="px-6 md:px-8 flex flex-col sm:flex-row justify-between items-center gap-3">\n
\n
        <p class="text-[12px] font-medium text-on-surface-variant">\n
            &copy; 2026\n
            <span class="font-bold text-primary">Posyandu Admin</span>.\n
            Sistem Pengelolaan Data Posyandu Bekasi Timur.\n
        </p>\n
\n
        <div class="flex items-center gap-3 text-[11px] font-semibold uppercase tracking-wider text-outline">\n
            <span>v1.0.0</span>\n
            <span class="w-1 h-1 rounded-full bg-outline-variant"></span>\n
            <span>Admin Dashboard</span>\n
        </div>\n
\n
    </div>\n
</footer>\n
        </div>\n
    </div>\n
\n
    <!-- WAJIB: Livewire Scripts -->\n
    <!-- Livewire Scripts -->\n
<script src="/livewire/livewire.js?id=df3a17f2"   data-csrf="JNohFJYcuHe00OmXN1wTaJJUG3lhx94XpptCicvw" data-update-uri="/livewire/update" data-navigate-once="true"></script>\n
    \n
    <!-- Flash Messages (Success & Error) -->\n
    \n
    \n
        \n
        \n
</body>\n
</html>

  To contain: &quot;name&quot;:&quot;admin.patient-management.growth-chart&quot;

  at vendor\livewire\livewire\src\Features\SupportTesting\SupportTesting.php:54
     50▕                 $component = app(ComponentRegistry::class)->getName($component);
     51▕             }
     52▕             $escapedComponentName = trim(htmlspecialchars(json_encode(['name' => $component])), '{}');
     53▕ 
  ➜  54▕             \PHPUnit\Framework\Assert::assertStringContainsString(
     55▕                 $escapedComponentName,
     56▕                 $this->getContent(),
     57▕                 'Cannot find Livewire component ['.$component.'] rendered on page.'
     58▕             );

  1   vendor\livewire\livewire\src\Features\SupportTesting\SupportTesting.php:54
  2   vendor\laravel\framework\src\Illuminate\Macroable\Traits\Macroable.php:126

  ────────────────────────────────────────────────────────────────────────────────────────────────────────────────────  
   FAILED  Tests\Feature\GrowthChartTest > it color codes data points based on nutrition status             TypeError   
  count(): Argument #1 ($value) must be of type Countable|array, null given

  at tests\Feature\GrowthChartTest.php:172
    168▕     // Test Livewire component
    169▕     Livewire::actingAs($this->admin)
    170▕         ->test(GrowthChart::class, ['patientId' => $patient->id])
    171▕         ->assertSet('chartData.nutrition_status', function ($statuses) {
  ➜ 172▕             return count($statuses) === 3 
    173▕                 && $statuses[0] === 'Gizi Buruk/Stunting'
    174▕                 && $statuses[1] === 'Gizi Kurang'
    175▕                 && $statuses[2] === 'Normal';
    176▕         });

  1   tests\Feature\GrowthChartTest.php:172
  2   vendor\livewire\livewire\src\Features\SupportTesting\MakesAssertions.php:108

  ────────────────────────────────────────────────────────────────────────────────────────────────────────────────────  
   FAILED  Tests\Feature\MedicalRecordNutritionCalculationTest > medical record automatically calculates nutrition s…   
  Failed asserting that two strings are equal.

The following errors occurred during the last request:

Cara ukur wajib dipilih.

--- Expected
+++ Actual
@@ @@
-'http://localhost:8000/admin/medical-records'
+'http://localhost:8000'

  at tests\Feature\MedicalRecordNutritionCalculationTest.php:65
     61▕     ];
     62▕     
     63▕     $response = $this->post(route('admin.medical-records.store'), $medicalRecordData);
     64▕     
  ➜  65▕     $response->assertRedirect(route('admin.medical-records.index'));
     66▕     
     67▕     // Verify medical record was created with nutrition status
     68▕     $medicalRecord = MedicalRecord::where('patient_id', $this->patient->id)->first();
     69▕

  ────────────────────────────────────────────────────────────────────────────────────────────────────────────────────  
   FAILED  Tests\Feature\MedicalRecordNutritionCalculationTest > medical record recalculates nutriti…  QueryException   
  SQLSTATE[23000]: Integrity constraint violation: 19 NOT NULL constraint failed: medical_records.nutrition_status (Connection: sqlite, SQL: insert into "medical_records" ("patient_id", "user_id", "visit_date", "weight", "height", "head_circumference", "immunization", "diagnosis", "complaint", "z_score", "nutrition_status", "updated_at", "created_at") values (1, 1, 2026-05-03 00:00:00, 9.5, 75, 46, BCG, Sehat, Tidak ada keluhan, ?, ?, 2026-05-03 16:19:49, 2026-05-03 16:19:49))

  at vendor\laravel\framework\src\Illuminate\Database\Connection.php:570
    566▕             $this->bindValues($statement, $this->prepareBindings($bindings));
    567▕ 
    568▕             $this->recordsHaveBeenModified();
    569▕ 
  ➜ 570▕             return $statement->execute();
    571▕         });
    572▕     }
    573▕ 
    574▕     /**

  1   vendor\laravel\framework\src\Illuminate\Database\Connection.php:570
  2   vendor\laravel\framework\src\Illuminate\Database\Connection.php:811

  ────────────────────────────────────────────────────────────────────────────────────────────────────────────────────  
   FAILED  Tests\Feature\MedicalRecordNutritionCalculationTest > medical record calculates nutrition trend by compar…   
  Failed asserting that two strings are equal.

The following errors occurred during the last request:

Cara ukur wajib dipilih.

--- Expected
+++ Actual
@@ @@
-'http://localhost:8000/admin/medical-records'
+'http://localhost:8000'

  at tests\Feature\MedicalRecordNutritionCalculationTest.php:156
    152▕     ];
    153▕     
    154▕     $response = $this->post(route('admin.medical-records.store'), $secondRecordData);
    155▕     
  ➜ 156▕     $response->assertRedirect(route('admin.medical-records.index'));
    157▕     
    158▕     // Verify nutrition trend was calculated
    159▕     $secondRecord = MedicalRecord::where('patient_id', $this->patient->id)
    160▕         ->where('visit_date', now()->format('Y-m-d'))

  ────────────────────────────────────────────────────────────────────────────────────────────────────────────────────  
   FAILED  Tests\Feature\MedicalRecordNutritionCalculationTest > medical record does not calculate nutrition status…    
  Failed asserting that two strings are equal.

The following errors occurred during the last request:

Cara ukur wajib dipilih.

--- Expected
+++ Actual
@@ @@
-'http://localhost:8000/admin/medical-records'
+'http://localhost:8000'

  at tests\Feature\MedicalRecordNutritionCalculationTest.php:197
    193▕     ];
    194▕     
    195▕     $response = $this->post(route('admin.medical-records.store'), $medicalRecordData);
    196▕     
  ➜ 197▕     $response->assertRedirect(route('admin.medical-records.index'));
    198▕     
    199▕     // Verify medical record was created without nutrition status
    200▕     $medicalRecord = MedicalRecord::where('patient_id', $adultPatient->id)->first();
    201▕

  ────────────────────────────────────────────────────────────────────────────────────────────────────────────────────  
   FAILED  Tests\Feature\MedicalRecordNutritionCalculationTest > calculateNutritionTrend returns…  ArgumentCountError   
  Too few arguments to function App\Http\Controllers\Web\MedicalRecordController::__construct(), 0 passed in C:\Users\HP\posyandu-admin-dashboard\tests\Feature\MedicalRecordNutritionCalculationTest.php on line 208 and exactly 1 expected

  at app\Http\Controllers\Web\MedicalRecordController.php:34
     30▕      * Constructor dengan dependency injection
     31▕      * 
     32▕      * @param MedicalRecordService $medicalRecordService
     33▕      */
  ➜  34▕     public function __construct(MedicalRecordService $medicalRecordService)
     35▕     {
     36▕         $this->medicalRecordService = $medicalRecordService;
     37▕     }
     38▕

  1   app\Http\Controllers\Web\MedicalRecordController.php:34
  2   tests\Feature\MedicalRecordNutritionCalculationTest.php:208

  ────────────────────────────────────────────────────────────────────────────────────────────────────────────────────  
   FAILED  Tests\Feature\Public\PublicPageTest > `akses halaman publik tanpa login` → it dapat menga…  QueryException   
  SQLSTATE[HY000]: General error: 1 table articles has no column named is_published (Connection: sqlite, SQL: insert into "articles" ("user_id", "category_id", "title", "content", "thumbnail", "slug", "status", "published_at", "is_published", "updated_at", "created_at") values (2, 1, Artikel Kesehatan Test, Konten artikel kesehatan untuk testing, ?, artikel-kesehatan-test, Published, 2025-07-17 20:47:12, 1, 2026-05-03 16:19:49, 2026-05-03 16:19:49))

  at vendor\laravel\framework\src\Illuminate\Database\Connection.php:564
    560▕             if ($this->pretending()) {
    561▕                 return true;
    562▕             }
    563▕ 
  ➜ 564▕             $statement = $this->getPdo()->prepare($query);
    565▕ 
    566▕             $this->bindValues($statement, $this->prepareBindings($bindings));
    567▕ 
    568▕             $this->recordsHaveBeenModified();

  1   vendor\laravel\framework\src\Illuminate\Database\Connection.php:564
  2   vendor\laravel\framework\src\Illuminate\Database\Connection.php:811

  ────────────────────────────────────────────────────────────────────────────────────────────────────────────────────  
   FAILED  Tests\Feature\Public\PublicPageTest > `akses halaman publik tanpa login` → it dapat menga…  QueryException   
  SQLSTATE[HY000]: General error: 1 table articles has no column named is_published (Connection: sqlite, SQL: insert into "articles" ("user_id", "category_id", "title", "content", "thumbnail", "slug", "status", "published_at", "is_published", "updated_at", "created_at") values (2, 1, Artikel Kesehatan Test, Konten artikel kesehatan untuk testing, ?, artikel-kesehatan-test, Published, ?, 1, 2026-05-03 16:19:49, 2026-05-03 16:19:49))

  at vendor\laravel\framework\src\Illuminate\Database\Connection.php:564
    560▕             if ($this->pretending()) {
    561▕                 return true;
    562▕             }
    563▕ 
  ➜ 564▕             $statement = $this->getPdo()->prepare($query);
    565▕ 
    566▕             $this->bindValues($statement, $this->prepareBindings($bindings));
    567▕ 
    568▕             $this->recordsHaveBeenModified();

  1   vendor\laravel\framework\src\Illuminate\Database\Connection.php:564
  2   vendor\laravel\framework\src\Illuminate\Database\Connection.php:811

  ────────────────────────────────────────────────────────────────────────────────────────────────────────────────────  
   FAILED  Tests\Feature\Public\PublicPageTest > `akses halaman publik tanpa login` → it dapat menga…  QueryException   
  SQLSTATE[HY000]: General error: 1 table articles has no column named is_published (Connection: sqlite, SQL: insert into "articles" ("user_id", "category_id", "title", "content", "thumbnail", "slug", "status", "published_at", "is_published", "updated_at", "created_at") values (2, 1, Artikel Kesehatan Test, Konten artikel kesehatan untuk testing, ?, artikel-kesehatan-test, Published, 2026-02-20 17:08:29, 1, 2026-05-03 16:19:49, 2026-05-03 16:19:49))

  at vendor\laravel\framework\src\Illuminate\Database\Connection.php:564
    560▕             if ($this->pretending()) {
    561▕                 return true;
    562▕             }
    563▕ 
  ➜ 564▕             $statement = $this->getPdo()->prepare($query);
    565▕ 
    566▕             $this->bindValues($statement, $this->prepareBindings($bindings));
    567▕ 
    568▕             $this->recordsHaveBeenModified();

  1   vendor\laravel\framework\src\Illuminate\Database\Connection.php:564
  2   vendor\laravel\framework\src\Illuminate\Database\Connection.php:811

  ────────────────────────────────────────────────────────────────────────────────────────────────────────────────────  
   FAILED  Tests\Feature\Public\PublicPageTest > `akses halaman publik tanpa login` → it dapat menga…  QueryException   
  SQLSTATE[HY000]: General error: 1 table articles has no column named is_published (Connection: sqlite, SQL: insert into "articles" ("user_id", "category_id", "title", "content", "thumbnail", "slug", "status", "published_at", "is_published", "updated_at", "created_at") values (2, 1, Artikel Kesehatan Test, Konten artikel kesehatan untuk testing, ?, artikel-kesehatan-test, Draft, ?, 1, 2026-05-03 16:19:49, 2026-05-03 16:19:49))

  at vendor\laravel\framework\src\Illuminate\Database\Connection.php:564
    560▕             if ($this->pretending()) {
    561▕                 return true;
    562▕             }
    563▕ 
  ➜ 564▕             $statement = $this->getPdo()->prepare($query);
    565▕ 
    566▕             $this->bindValues($statement, $this->prepareBindings($bindings));
    567▕ 
    568▕             $this->recordsHaveBeenModified();

  1   vendor\laravel\framework\src\Illuminate\Database\Connection.php:564
  2   vendor\laravel\framework\src\Illuminate\Database\Connection.php:811

  ────────────────────────────────────────────────────────────────────────────────────────────────────────────────────  
   FAILED  Tests\Feature\Public\PublicPageTest > `akses halaman publik tanpa login` → it dapat menga…  QueryException   
  SQLSTATE[HY000]: General error: 1 table articles has no column named is_published (Connection: sqlite, SQL: insert into "articles" ("user_id", "category_id", "title", "content", "thumbnail", "slug", "status", "published_at", "is_published", "updated_at", "created_at") values (2, 1, Artikel Kesehatan Test, Konten artikel kesehatan untuk testing, ?, artikel-kesehatan-test, Published, ?, 1, 2026-05-03 16:19:49, 2026-05-03 16:19:49))

  at vendor\laravel\framework\src\Illuminate\Database\Connection.php:564
    560▕             if ($this->pretending()) {
    561▕                 return true;
    562▕             }
    563▕ 
  ➜ 564▕             $statement = $this->getPdo()->prepare($query);
    565▕ 
    566▕             $this->bindValues($statement, $this->prepareBindings($bindings));
    567▕ 
    568▕             $this->recordsHaveBeenModified();

  1   vendor\laravel\framework\src\Illuminate\Database\Connection.php:564
  2   vendor\laravel\framework\src\Illuminate\Database\Connection.php:811

  ────────────────────────────────────────────────────────────────────────────────────────────────────────────────────  
   FAILED  Tests\Feature\Public\PublicPageTest > `konten halaman beranda` → it menampilkan profil si…  QueryException   
  SQLSTATE[HY000]: General error: 1 table articles has no column named is_published (Connection: sqlite, SQL: insert into "articles" ("user_id", "category_id", "title", "content", "thumbnail", "slug", "status", "published_at", "is_published", "updated_at", "created_at") values (2, 1, Artikel Kesehatan Test, Konten artikel kesehatan untuk testing, ?, artikel-kesehatan-test, Draft, ?, 1, 2026-05-03 16:19:49, 2026-05-03 16:19:49))

  at vendor\laravel\framework\src\Illuminate\Database\Connection.php:564
    560▕             if ($this->pretending()) {
    561▕                 return true;
    562▕             }
    563▕ 
  ➜ 564▕             $statement = $this->getPdo()->prepare($query);
    565▕ 
    566▕             $this->bindValues($statement, $this->prepareBindings($bindings));
    567▕ 
    568▕             $this->recordsHaveBeenModified();

  1   vendor\laravel\framework\src\Illuminate\Database\Connection.php:564
  2   vendor\laravel\framework\src\Illuminate\Database\Connection.php:811

  ────────────────────────────────────────────────────────────────────────────────────────────────────────────────────  
   FAILED  Tests\Feature\Public\PublicPageTest > `konten halaman beranda` → it menampilkan jadwal ke…  QueryException   
  SQLSTATE[HY000]: General error: 1 table articles has no column named is_published (Connection: sqlite, SQL: insert into "articles" ("user_id", "category_id", "title", "content", "thumbnail", "slug", "status", "published_at", "is_published", "updated_at", "created_at") values (2, 1, Artikel Kesehatan Test, Konten artikel kesehatan untuk testing, ?, artikel-kesehatan-test, Draft, 2025-12-04 23:22:48, 1, 2026-05-03 16:19:49, 2026-05-03 16:19:49))

  at vendor\laravel\framework\src\Illuminate\Database\Connection.php:564
    560▕             if ($this->pretending()) {
    561▕                 return true;
    562▕             }
    563▕ 
  ➜ 564▕             $statement = $this->getPdo()->prepare($query);
    565▕ 
    566▕             $this->bindValues($statement, $this->prepareBindings($bindings));
    567▕ 
    568▕             $this->recordsHaveBeenModified();

  1   vendor\laravel\framework\src\Illuminate\Database\Connection.php:564
  2   vendor\laravel\framework\src\Illuminate\Database\Connection.php:811

  ────────────────────────────────────────────────────────────────────────────────────────────────────────────────────  
   FAILED  Tests\Feature\Public\PublicPageTest > `konten halaman beranda` → it menampilkan artikel k…  QueryException   
  SQLSTATE[HY000]: General error: 1 table articles has no column named is_published (Connection: sqlite, SQL: insert into "articles" ("user_id", "category_id", "title", "content", "thumbnail", "slug", "status", "published_at", "is_published", "updated_at", "created_at") values (2, 1, Artikel Kesehatan Test, Konten artikel kesehatan untuk testing, ?, artikel-kesehatan-test, Draft, 2026-04-10 18:14:35, 1, 2026-05-03 16:19:50, 2026-05-03 16:19:50))

  at vendor\laravel\framework\src\Illuminate\Database\Connection.php:564
    560▕             if ($this->pretending()) {
    561▕                 return true;
    562▕             }
    563▕ 
  ➜ 564▕             $statement = $this->getPdo()->prepare($query);
    565▕ 
    566▕             $this->bindValues($statement, $this->prepareBindings($bindings));
    567▕ 
    568▕             $this->recordsHaveBeenModified();

  1   vendor\laravel\framework\src\Illuminate\Database\Connection.php:564
  2   vendor\laravel\framework\src\Illuminate\Database\Connection.php:811

  ────────────────────────────────────────────────────────────────────────────────────────────────────────────────────  
   FAILED  Tests\Feature\Public\PublicPageTest > `konten halaman beranda` → it tidak menampilkan leb…  QueryException   
  SQLSTATE[HY000]: General error: 1 table articles has no column named is_published (Connection: sqlite, SQL: insert into "articles" ("user_id", "category_id", "title", "content", "thumbnail", "slug", "status", "published_at", "is_published", "updated_at", "created_at") values (2, 1, Artikel Kesehatan Test, Konten artikel kesehatan untuk testing, ?, artikel-kesehatan-test, Published, ?, 1, 2026-05-03 16:19:50, 2026-05-03 16:19:50))

  at vendor\laravel\framework\src\Illuminate\Database\Connection.php:564
    560▕             if ($this->pretending()) {
    561▕                 return true;
    562▕             }
    563▕ 
  ➜ 564▕             $statement = $this->getPdo()->prepare($query);
    565▕ 
    566▕             $this->bindValues($statement, $this->prepareBindings($bindings));
    567▕ 
    568▕             $this->recordsHaveBeenModified();

  1   vendor\laravel\framework\src\Illuminate\Database\Connection.php:564
  2   vendor\laravel\framework\src\Illuminate\Database\Connection.php:811

  ────────────────────────────────────────────────────────────────────────────────────────────────────────────────────  
   FAILED  Tests\Feature\Public\PublicPageTest > `konten halaman beranda` → it tidak menampilkan leb…  QueryException   
  SQLSTATE[HY000]: General error: 1 table articles has no column named is_published (Connection: sqlite, SQL: insert into "articles" ("user_id", "category_id", "title", "content", "thumbnail", "slug", "status", "published_at", "is_published", "updated_at", "created_at") values (2, 1, Artikel Kesehatan Test, Konten artikel kesehatan untuk testing, ?, artikel-kesehatan-test, Draft, ?, 1, 2026-05-03 16:19:50, 2026-05-03 16:19:50))

  at vendor\laravel\framework\src\Illuminate\Database\Connection.php:564
    560▕             if ($this->pretending()) {
    561▕                 return true;
    562▕             }
    563▕ 
  ➜ 564▕             $statement = $this->getPdo()->prepare($query);
    565▕ 
    566▕             $this->bindValues($statement, $this->prepareBindings($bindings));
    567▕ 
    568▕             $this->recordsHaveBeenModified();

  1   vendor\laravel\framework\src\Illuminate\Database\Connection.php:564
  2   vendor\laravel\framework\src\Illuminate\Database\Connection.php:811

  ────────────────────────────────────────────────────────────────────────────────────────────────────────────────────  
   FAILED  Tests\Feature\Public\PublicPageTest > `konten halaman tentang kami` → it menampilkan info…  QueryException   
  SQLSTATE[HY000]: General error: 1 table articles has no column named is_published (Connection: sqlite, SQL: insert into "articles" ("user_id", "category_id", "title", "content", "thumbnail", "slug", "status", "published_at", "is_published", "updated_at", "created_at") values (2, 1, Artikel Kesehatan Test, Konten artikel kesehatan untuk testing, ?, artikel-kesehatan-test, Published, 2026-01-11 16:33:09, 1, 2026-05-03 16:19:50, 2026-05-03 16:19:50))

  at vendor\laravel\framework\src\Illuminate\Database\Connection.php:564
    560▕             if ($this->pretending()) {
    561▕                 return true;
    562▕             }
    563▕ 
  ➜ 564▕             $statement = $this->getPdo()->prepare($query);
    565▕ 
    566▕             $this->bindValues($statement, $this->prepareBindings($bindings));
    567▕ 
    568▕             $this->recordsHaveBeenModified();

  1   vendor\laravel\framework\src\Illuminate\Database\Connection.php:564
  2   vendor\laravel\framework\src\Illuminate\Database\Connection.php:811

  ────────────────────────────────────────────────────────────────────────────────────────────────────────────────────  
   FAILED  Tests\Feature\Public\PublicPageTest > `konten halaman tentang kami` → it menampilkan visi…  QueryException   
  SQLSTATE[HY000]: General error: 1 table articles has no column named is_published (Connection: sqlite, SQL: insert into "articles" ("user_id", "category_id", "title", "content", "thumbnail", "slug", "status", "published_at", "is_published", "updated_at", "created_at") values (2, 1, Artikel Kesehatan Test, Konten artikel kesehatan untuk testing, ?, artikel-kesehatan-test, Draft, ?, 1, 2026-05-03 16:19:50, 2026-05-03 16:19:50))

  at vendor\laravel\framework\src\Illuminate\Database\Connection.php:564
    560▕             if ($this->pretending()) {
    561▕                 return true;
    562▕             }
    563▕ 
  ➜ 564▕             $statement = $this->getPdo()->prepare($query);
    565▕ 
    566▕             $this->bindValues($statement, $this->prepareBindings($bindings));
    567▕ 
    568▕             $this->recordsHaveBeenModified();

  1   vendor\laravel\framework\src\Illuminate\Database\Connection.php:564
  2   vendor\laravel\framework\src\Illuminate\Database\Connection.php:811

  ────────────────────────────────────────────────────────────────────────────────────────────────────────────────────  
   FAILED  Tests\Feature\Public\PublicPageTest > `konten halaman kontak` → it menampilkan informasi…   QueryException   
  SQLSTATE[HY000]: General error: 1 table articles has no column named is_published (Connection: sqlite, SQL: insert into "articles" ("user_id", "category_id", "title", "content", "thumbnail", "slug", "status", "published_at", "is_published", "updated_at", "created_at") values (2, 1, Artikel Kesehatan Test, Konten artikel kesehatan untuk testing, ?, artikel-kesehatan-test, Published, ?, 1, 2026-05-03 16:19:50, 2026-05-03 16:19:50))

  at vendor\laravel\framework\src\Illuminate\Database\Connection.php:564
    560▕             if ($this->pretending()) {
    561▕                 return true;
    562▕             }
    563▕ 
  ➜ 564▕             $statement = $this->getPdo()->prepare($query);
    565▕ 
    566▕             $this->bindValues($statement, $this->prepareBindings($bindings));
    567▕ 
    568▕             $this->recordsHaveBeenModified();

  1   vendor\laravel\framework\src\Illuminate\Database\Connection.php:564
  2   vendor\laravel\framework\src\Illuminate\Database\Connection.php:811

  ────────────────────────────────────────────────────────────────────────────────────────────────────────────────────  
   FAILED  Tests\Feature\Public\PublicPageTest > `halaman artikel` → it menampilkan daftar artikel y…  QueryException   
  SQLSTATE[HY000]: General error: 1 table articles has no column named is_published (Connection: sqlite, SQL: insert into "articles" ("user_id", "category_id", "title", "content", "thumbnail", "slug", "status", "published_at", "is_published", "updated_at", "created_at") values (2, 1, Artikel Kesehatan Test, Konten artikel kesehatan untuk testing, ?, artikel-kesehatan-test, Published, ?, 1, 2026-05-03 16:19:50, 2026-05-03 16:19:50))

  at vendor\laravel\framework\src\Illuminate\Database\Connection.php:564
    560▕             if ($this->pretending()) {
    561▕                 return true;
    562▕             }
    563▕ 
  ➜ 564▕             $statement = $this->getPdo()->prepare($query);
    565▕ 
    566▕             $this->bindValues($statement, $this->prepareBindings($bindings));
    567▕ 
    568▕             $this->recordsHaveBeenModified();

  1   vendor\laravel\framework\src\Illuminate\Database\Connection.php:564
  2   vendor\laravel\framework\src\Illuminate\Database\Connection.php:811

  ────────────────────────────────────────────────────────────────────────────────────────────────────────────────────  
   FAILED  Tests\Feature\Public\PublicPageTest > `halaman artikel` → it tidak menampilkan artikel ya…  QueryException   
  SQLSTATE[HY000]: General error: 1 table articles has no column named is_published (Connection: sqlite, SQL: insert into "articles" ("user_id", "category_id", "title", "content", "thumbnail", "slug", "status", "published_at", "is_published", "updated_at", "created_at") values (2, 1, Artikel Kesehatan Test, Konten artikel kesehatan untuk testing, ?, artikel-kesehatan-test, Draft, 2025-06-09 16:58:24, 1, 2026-05-03 16:19:50, 2026-05-03 16:19:50))

  at vendor\laravel\framework\src\Illuminate\Database\Connection.php:564
    560▕             if ($this->pretending()) {
    561▕                 return true;
    562▕             }
    563▕ 
  ➜ 564▕             $statement = $this->getPdo()->prepare($query);
    565▕ 
    566▕             $this->bindValues($statement, $this->prepareBindings($bindings));
    567▕ 
    568▕             $this->recordsHaveBeenModified();

  1   vendor\laravel\framework\src\Illuminate\Database\Connection.php:564
  2   vendor\laravel\framework\src\Illuminate\Database\Connection.php:811

  ────────────────────────────────────────────────────────────────────────────────────────────────────────────────────  
   FAILED  Tests\Feature\Public\PublicPageTest > `halaman artikel` → it dapat membuka detail artikel   QueryException   
  SQLSTATE[HY000]: General error: 1 table articles has no column named is_published (Connection: sqlite, SQL: insert into "articles" ("user_id", "category_id", "title", "content", "thumbnail", "slug", "status", "published_at", "is_published", "updated_at", "created_at") values (2, 1, Artikel Kesehatan Test, Konten artikel kesehatan untuk testing, ?, artikel-kesehatan-test, Draft, ?, 1, 2026-05-03 16:19:50, 2026-05-03 16:19:50))

  at vendor\laravel\framework\src\Illuminate\Database\Connection.php:564
    560▕             if ($this->pretending()) {
    561▕                 return true;
    562▕             }
    563▕ 
  ➜ 564▕             $statement = $this->getPdo()->prepare($query);
    565▕ 
    566▕             $this->bindValues($statement, $this->prepareBindings($bindings));
    567▕ 
    568▕             $this->recordsHaveBeenModified();

  1   vendor\laravel\framework\src\Illuminate\Database\Connection.php:564
  2   vendor\laravel\framework\src\Illuminate\Database\Connection.php:811

  ────────────────────────────────────────────────────────────────────────────────────────────────────────────────────  
   FAILED  Tests\Feature\Public\PublicPageTest > `halaman artikel` → it menampilkan 404 untuk artike…  QueryException   
  SQLSTATE[HY000]: General error: 1 table articles has no column named is_published (Connection: sqlite, SQL: insert into "articles" ("user_id", "category_id", "title", "content", "thumbnail", "slug", "status", "published_at", "is_published", "updated_at", "created_at") values (2, 1, Artikel Kesehatan Test, Konten artikel kesehatan untuk testing, ?, artikel-kesehatan-test, Published, ?, 1, 2026-05-03 16:19:51, 2026-05-03 16:19:51))

  at vendor\laravel\framework\src\Illuminate\Database\Connection.php:564
    560▕             if ($this->pretending()) {
    561▕                 return true;
    562▕             }
    563▕ 
  ➜ 564▕             $statement = $this->getPdo()->prepare($query);
    565▕ 
    566▕             $this->bindValues($statement, $this->prepareBindings($bindings));
    567▕ 
    568▕             $this->recordsHaveBeenModified();

  1   vendor\laravel\framework\src\Illuminate\Database\Connection.php:564
  2   vendor\laravel\framework\src\Illuminate\Database\Connection.php:811

  ────────────────────────────────────────────────────────────────────────────────────────────────────────────────────  
   FAILED  Tests\Feature\Public\PublicPageTest > `privasi data - tidak menampilkan data pribadi sasa…  QueryException   
  SQLSTATE[HY000]: General error: 1 table articles has no column named is_published (Connection: sqlite, SQL: insert into "articles" ("user_id", "category_id", "title", "content", "thumbnail", "slug", "status", "published_at", "is_published", "updated_at", "created_at") values (2, 1, Artikel Kesehatan Test, Konten artikel kesehatan untuk testing, ?, artikel-kesehatan-test, Draft, ?, 1, 2026-05-03 16:19:51, 2026-05-03 16:19:51))

  at vendor\laravel\framework\src\Illuminate\Database\Connection.php:564
    560▕             if ($this->pretending()) {
    561▕                 return true;
    562▕             }
    563▕ 
  ➜ 564▕             $statement = $this->getPdo()->prepare($query);
    565▕ 
    566▕             $this->bindValues($statement, $this->prepareBindings($bindings));
    567▕ 
    568▕             $this->recordsHaveBeenModified();

  1   vendor\laravel\framework\src\Illuminate\Database\Connection.php:564
  2   vendor\laravel\framework\src\Illuminate\Database\Connection.php:811

  ────────────────────────────────────────────────────────────────────────────────────────────────────────────────────  
   FAILED  Tests\Feature\Public\PublicPageTest > `privasi data - tidak menampilkan data pribadi sasa…  QueryException   
  SQLSTATE[HY000]: General error: 1 table articles has no column named is_published (Connection: sqlite, SQL: insert into "articles" ("user_id", "category_id", "title", "content", "thumbnail", "slug", "status", "published_at", "is_published", "updated_at", "created_at") values (2, 1, Artikel Kesehatan Test, Konten artikel kesehatan untuk testing, ?, artikel-kesehatan-test, Draft, ?, 1, 2026-05-03 16:19:51, 2026-05-03 16:19:51))

  at vendor\laravel\framework\src\Illuminate\Database\Connection.php:564
    560▕             if ($this->pretending()) {
    561▕                 return true;
    562▕             }
    563▕ 
  ➜ 564▕             $statement = $this->getPdo()->prepare($query);
    565▕ 
    566▕             $this->bindValues($statement, $this->prepareBindings($bindings));
    567▕ 
    568▕             $this->recordsHaveBeenModified();

  1   vendor\laravel\framework\src\Illuminate\Database\Connection.php:564
  2   vendor\laravel\framework\src\Illuminate\Database\Connection.php:811

  ────────────────────────────────────────────────────────────────────────────────────────────────────────────────────  
   FAILED  Tests\Feature\Public\PublicPageTest > `privasi data - tidak menampilkan data pribadi sasa…  QueryException   
  SQLSTATE[HY000]: General error: 1 table articles has no column named is_published (Connection: sqlite, SQL: insert into "articles" ("user_id", "category_id", "title", "content", "thumbnail", "slug", "status", "published_at", "is_published", "updated_at", "created_at") values (2, 1, Artikel Kesehatan Test, Konten artikel kesehatan untuk testing, ?, artikel-kesehatan-test, Published, 2025-12-23 21:26:44, 1, 2026-05-03 16:19:51, 2026-05-03 16:19:51))

  at vendor\laravel\framework\src\Illuminate\Database\Connection.php:564
    560▕             if ($this->pretending()) {
    561▕                 return true;
    562▕             }
    563▕ 
  ➜ 564▕             $statement = $this->getPdo()->prepare($query);
    565▕ 
    566▕             $this->bindValues($statement, $this->prepareBindings($bindings));
    567▕ 
    568▕             $this->recordsHaveBeenModified();

  1   vendor\laravel\framework\src\Illuminate\Database\Connection.php:564
  2   vendor\laravel\framework\src\Illuminate\Database\Connection.php:811

  ────────────────────────────────────────────────────────────────────────────────────────────────────────────────────  
   FAILED  Tests\Feature\Public\PublicPageTest > `privasi data - tidak menampilkan data pribadi sasa…  QueryException   
  SQLSTATE[HY000]: General error: 1 table articles has no column named is_published (Connection: sqlite, SQL: insert into "articles" ("user_id", "category_id", "title", "content", "thumbnail", "slug", "status", "published_at", "is_published", "updated_at", "created_at") values (2, 1, Artikel Kesehatan Test, Konten artikel kesehatan untuk testing, ?, artikel-kesehatan-test, Draft, 2025-12-13 06:24:25, 1, 2026-05-03 16:19:51, 2026-05-03 16:19:51))

  at vendor\laravel\framework\src\Illuminate\Database\Connection.php:564
    560▕             if ($this->pretending()) {
    561▕                 return true;
    562▕             }
    563▕ 
  ➜ 564▕             $statement = $this->getPdo()->prepare($query);
    565▕ 
    566▕             $this->bindValues($statement, $this->prepareBindings($bindings));
    567▕ 
    568▕             $this->recordsHaveBeenModified();

  1   vendor\laravel\framework\src\Illuminate\Database\Connection.php:564
  2   vendor\laravel\framework\src\Illuminate\Database\Connection.php:811

  ────────────────────────────────────────────────────────────────────────────────────────────────────────────────────  
   FAILED  Tests\Feature\Public\PublicPageTest > `privasi data - tidak menampilkan data pribadi sasa…  QueryException   
  SQLSTATE[HY000]: General error: 1 table articles has no column named is_published (Connection: sqlite, SQL: insert into "articles" ("user_id", "category_id", "title", "content", "thumbnail", "slug", "status", "published_at", "is_published", "updated_at", "created_at") values (2, 1, Artikel Kesehatan Test, Konten artikel kesehatan untuk testing, ?, artikel-kesehatan-test, Published, 2025-08-01 08:37:58, 1, 2026-05-03 16:19:51, 2026-05-03 16:19:51))

  at vendor\laravel\framework\src\Illuminate\Database\Connection.php:564
    560▕             if ($this->pretending()) {
    561▕                 return true;
    562▕             }
    563▕ 
  ➜ 564▕             $statement = $this->getPdo()->prepare($query);
    565▕ 
    566▕             $this->bindValues($statement, $this->prepareBindings($bindings));
    567▕ 
    568▕             $this->recordsHaveBeenModified();

  1   vendor\laravel\framework\src\Illuminate\Database\Connection.php:564
  2   vendor\laravel\framework\src\Illuminate\Database\Connection.php:811

  ────────────────────────────────────────────────────────────────────────────────────────────────────────────────────  
   FAILED  Tests\Feature\Public\PublicPageTest > `privasi data - tidak menampilkan data pribadi sasa…  QueryException   
  SQLSTATE[HY000]: General error: 1 table articles has no column named is_published (Connection: sqlite, SQL: insert into "articles" ("user_id", "category_id", "title", "content", "thumbnail", "slug", "status", "published_at", "is_published", "updated_at", "created_at") values (2, 1, Artikel Kesehatan Test, Konten artikel kesehatan untuk testing, ?, artikel-kesehatan-test, Draft, ?, 1, 2026-05-03 16:19:51, 2026-05-03 16:19:51))

  at vendor\laravel\framework\src\Illuminate\Database\Connection.php:564
    560▕             if ($this->pretending()) {
    561▕                 return true;
    562▕             }
    563▕ 
  ➜ 564▕             $statement = $this->getPdo()->prepare($query);
    565▕ 
    566▕             $this->bindValues($statement, $this->prepareBindings($bindings));
    567▕ 
    568▕             $this->recordsHaveBeenModified();

  1   vendor\laravel\framework\src\Illuminate\Database\Connection.php:564
  2   vendor\laravel\framework\src\Illuminate\Database\Connection.php:811

  ────────────────────────────────────────────────────────────────────────────────────────────────────────────────────  
   FAILED  Tests\Feature\Public\PublicPageTest > `privasi data - tidak menampilkan data pribadi sasa…  QueryException   
  SQLSTATE[HY000]: General error: 1 table articles has no column named is_published (Connection: sqlite, SQL: insert into "articles" ("user_id", "category_id", "title", "content", "thumbnail", "slug", "status", "published_at", "is_published", "updated_at", "created_at") values (2, 1, Artikel Kesehatan Test, Konten artikel kesehatan untuk testing, ?, artikel-kesehatan-test, Published, ?, 1, 2026-05-03 16:19:51, 2026-05-03 16:19:51))

  at vendor\laravel\framework\src\Illuminate\Database\Connection.php:564
    560▕             if ($this->pretending()) {
    561▕                 return true;
    562▕             }
    563▕ 
  ➜ 564▕             $statement = $this->getPdo()->prepare($query);
    565▕ 
    566▕             $this->bindValues($statement, $this->prepareBindings($bindings));
    567▕ 
    568▕             $this->recordsHaveBeenModified();

  1   vendor\laravel\framework\src\Illuminate\Database\Connection.php:564
  2   vendor\laravel\framework\src\Illuminate\Database\Connection.php:811

  ────────────────────────────────────────────────────────────────────────────────────────────────────────────────────  
   FAILED  Tests\Feature\Public\PublicPageTest > `privasi data - tidak menampilkan data pribadi sasa…  QueryException   
  SQLSTATE[HY000]: General error: 1 table articles has no column named is_published (Connection: sqlite, SQL: insert into "articles" ("user_id", "category_id", "title", "content", "thumbnail", "slug", "status", "published_at", "is_published", "updated_at", "created_at") values (2, 1, Artikel Kesehatan Test, Konten artikel kesehatan untuk testing, ?, artikel-kesehatan-test, Draft, ?, 1, 2026-05-03 16:19:51, 2026-05-03 16:19:51))

  at vendor\laravel\framework\src\Illuminate\Database\Connection.php:564
    560▕             if ($this->pretending()) {
    561▕                 return true;
    562▕             }
    563▕ 
  ➜ 564▕             $statement = $this->getPdo()->prepare($query);
    565▕ 
    566▕             $this->bindValues($statement, $this->prepareBindings($bindings));
    567▕ 
    568▕             $this->recordsHaveBeenModified();

  1   vendor\laravel\framework\src\Illuminate\Database\Connection.php:564
  2   vendor\laravel\framework\src\Illuminate\Database\Connection.php:811

  ────────────────────────────────────────────────────────────────────────────────────────────────────────────────────  
   FAILED  Tests\Feature\Public\PublicPageTest > `redirect untuk halaman admin` → it redirect ke log…  QueryException   
  SQLSTATE[HY000]: General error: 1 table articles has no column named is_published (Connection: sqlite, SQL: insert into "articles" ("user_id", "category_id", "title", "content", "thumbnail", "slug", "status", "published_at", "is_published", "updated_at", "created_at") values (2, 1, Artikel Kesehatan Test, Konten artikel kesehatan untuk testing, ?, artikel-kesehatan-test, Published, 2026-02-07 14:30:16, 1, 2026-05-03 16:19:51, 2026-05-03 16:19:51))

  at vendor\laravel\framework\src\Illuminate\Database\Connection.php:564
    560▕             if ($this->pretending()) {
    561▕                 return true;
    562▕             }
    563▕ 
  ➜ 564▕             $statement = $this->getPdo()->prepare($query);
    565▕ 
    566▕             $this->bindValues($statement, $this->prepareBindings($bindings));
    567▕ 
    568▕             $this->recordsHaveBeenModified();

  1   vendor\laravel\framework\src\Illuminate\Database\Connection.php:564
  2   vendor\laravel\framework\src\Illuminate\Database\Connection.php:811

  ────────────────────────────────────────────────────────────────────────────────────────────────────────────────────  
   FAILED  Tests\Feature\Public\PublicPageTest > `redirect untuk halaman admin` → it redirect ke log…  QueryException   
  SQLSTATE[HY000]: General error: 1 table articles has no column named is_published (Connection: sqlite, SQL: insert into "articles" ("user_id", "category_id", "title", "content", "thumbnail", "slug", "status", "published_at", "is_published", "updated_at", "created_at") values (2, 1, Artikel Kesehatan Test, Konten artikel kesehatan untuk testing, ?, artikel-kesehatan-test, Published, 2026-02-24 10:33:50, 1, 2026-05-03 16:19:52, 2026-05-03 16:19:52))

  at vendor\laravel\framework\src\Illuminate\Database\Connection.php:564
    560▕             if ($this->pretending()) {
    561▕                 return true;
    562▕             }
    563▕ 
  ➜ 564▕             $statement = $this->getPdo()->prepare($query);
    565▕ 
    566▕             $this->bindValues($statement, $this->prepareBindings($bindings));
    567▕ 
    568▕             $this->recordsHaveBeenModified();

  1   vendor\laravel\framework\src\Illuminate\Database\Connection.php:564
  2   vendor\laravel\framework\src\Illuminate\Database\Connection.php:811

  ────────────────────────────────────────────────────────────────────────────────────────────────────────────────────  
   FAILED  Tests\Feature\Public\PublicPageTest > `redirect untuk halaman admin` → it redirect ke log…  QueryException   
  SQLSTATE[HY000]: General error: 1 table articles has no column named is_published (Connection: sqlite, SQL: insert into "articles" ("user_id", "category_id", "title", "content", "thumbnail", "slug", "status", "published_at", "is_published", "updated_at", "created_at") values (2, 1, Artikel Kesehatan Test, Konten artikel kesehatan untuk testing, ?, artikel-kesehatan-test, Draft, 2025-06-04 06:06:48, 1, 2026-05-03 16:19:52, 2026-05-03 16:19:52))

  at vendor\laravel\framework\src\Illuminate\Database\Connection.php:564
    560▕             if ($this->pretending()) {
    561▕                 return true;
    562▕             }
    563▕ 
  ➜ 564▕             $statement = $this->getPdo()->prepare($query);
    565▕ 
    566▕             $this->bindValues($statement, $this->prepareBindings($bindings));
    567▕ 
    568▕             $this->recordsHaveBeenModified();

  1   vendor\laravel\framework\src\Illuminate\Database\Connection.php:564
  2   vendor\laravel\framework\src\Illuminate\Database\Connection.php:811

  ────────────────────────────────────────────────────────────────────────────────────────────────────────────────────  
   FAILED  Tests\Feature\Public\PublicPageTest > `redirect untuk halaman admin` → it redirect ke log…  QueryException   
  SQLSTATE[HY000]: General error: 1 table articles has no column named is_published (Connection: sqlite, SQL: insert into "articles" ("user_id", "category_id", "title", "content", "thumbnail", "slug", "status", "published_at", "is_published", "updated_at", "created_at") values (2, 1, Artikel Kesehatan Test, Konten artikel kesehatan untuk testing, ?, artikel-kesehatan-test, Draft, 2026-01-25 06:54:27, 1, 2026-05-03 16:19:52, 2026-05-03 16:19:52))

  at vendor\laravel\framework\src\Illuminate\Database\Connection.php:564
    560▕             if ($this->pretending()) {
    561▕                 return true;
    562▕             }
    563▕ 
  ➜ 564▕             $statement = $this->getPdo()->prepare($query);
    565▕ 
    566▕             $this->bindValues($statement, $this->prepareBindings($bindings));
    567▕ 
    568▕             $this->recordsHaveBeenModified();

  1   vendor\laravel\framework\src\Illuminate\Database\Connection.php:564
  2   vendor\laravel\framework\src\Illuminate\Database\Connection.php:811

  ────────────────────────────────────────────────────────────────────────────────────────────────────────────────────  
   FAILED  Tests\Feature\Public\PublicPageTest > `redirect untuk halaman admin` → it redirect ke log…  QueryException   
  SQLSTATE[HY000]: General error: 1 table articles has no column named is_published (Connection: sqlite, SQL: insert into "articles" ("user_id", "category_id", "title", "content", "thumbnail", "slug", "status", "published_at", "is_published", "updated_at", "created_at") values (2, 1, Artikel Kesehatan Test, Konten artikel kesehatan untuk testing, ?, artikel-kesehatan-test, Published, ?, 1, 2026-05-03 16:19:52, 2026-05-03 16:19:52))

  at vendor\laravel\framework\src\Illuminate\Database\Connection.php:564
    560▕             if ($this->pretending()) {
    561▕                 return true;
    562▕             }
    563▕ 
  ➜ 564▕             $statement = $this->getPdo()->prepare($query);
    565▕ 
    566▕             $this->bindValues($statement, $this->prepareBindings($bindings));
    567▕ 
    568▕             $this->recordsHaveBeenModified();

  1   vendor\laravel\framework\src\Illuminate\Database\Connection.php:564
  2   vendor\laravel\framework\src\Illuminate\Database\Connection.php:811

  ────────────────────────────────────────────────────────────────────────────────────────────────────────────────────  
   FAILED  Tests\Feature\Public\PublicPageTest > `navigasi publik` → it halaman beranda memiliki lin…  QueryException   
  SQLSTATE[HY000]: General error: 1 table articles has no column named is_published (Connection: sqlite, SQL: insert into "articles" ("user_id", "category_id", "title", "content", "thumbnail", "slug", "status", "published_at", "is_published", "updated_at", "created_at") values (2, 1, Artikel Kesehatan Test, Konten artikel kesehatan untuk testing, ?, artikel-kesehatan-test, Published, 2026-01-07 20:30:51, 1, 2026-05-03 16:19:52, 2026-05-03 16:19:52))

  at vendor\laravel\framework\src\Illuminate\Database\Connection.php:564
    560▕             if ($this->pretending()) {
    561▕                 return true;
    562▕             }
    563▕ 
  ➜ 564▕             $statement = $this->getPdo()->prepare($query);
    565▕ 
    566▕             $this->bindValues($statement, $this->prepareBindings($bindings));
    567▕ 
    568▕             $this->recordsHaveBeenModified();

  1   vendor\laravel\framework\src\Illuminate\Database\Connection.php:564
  2   vendor\laravel\framework\src\Illuminate\Database\Connection.php:811

  ────────────────────────────────────────────────────────────────────────────────────────────────────────────────────  
   FAILED  Tests\Feature\Public\PublicPageTest > `navigasi publik` → it dapat navigasi dari beranda…   QueryException   
  SQLSTATE[HY000]: General error: 1 table articles has no column named is_published (Connection: sqlite, SQL: insert into "articles" ("user_id", "category_id", "title", "content", "thumbnail", "slug", "status", "published_at", "is_published", "updated_at", "created_at") values (2, 1, Artikel Kesehatan Test, Konten artikel kesehatan untuk testing, ?, artikel-kesehatan-test, Draft, ?, 1, 2026-05-03 16:19:52, 2026-05-03 16:19:52))

  at vendor\laravel\framework\src\Illuminate\Database\Connection.php:564
    560▕             if ($this->pretending()) {
    561▕                 return true;
    562▕             }
    563▕ 
  ➜ 564▕             $statement = $this->getPdo()->prepare($query);
    565▕ 
    566▕             $this->bindValues($statement, $this->prepareBindings($bindings));
    567▕ 
    568▕             $this->recordsHaveBeenModified();

  1   vendor\laravel\framework\src\Illuminate\Database\Connection.php:564
  2   vendor\laravel\framework\src\Illuminate\Database\Connection.php:811

  ────────────────────────────────────────────────────────────────────────────────────────────────────────────────────  
   FAILED  Tests\Feature\Public\PublicPageTest > `navigasi publik` → it dapat navigasi dari beranda…   QueryException   
  SQLSTATE[HY000]: General error: 1 table articles has no column named is_published (Connection: sqlite, SQL: insert into "articles" ("user_id", "category_id", "title", "content", "thumbnail", "slug", "status", "published_at", "is_published", "updated_at", "created_at") values (2, 1, Artikel Kesehatan Test, Konten artikel kesehatan untuk testing, ?, artikel-kesehatan-test, Draft, ?, 1, 2026-05-03 16:19:52, 2026-05-03 16:19:52))

  at vendor\laravel\framework\src\Illuminate\Database\Connection.php:564
    560▕             if ($this->pretending()) {
    561▕                 return true;
    562▕             }
    563▕ 
  ➜ 564▕             $statement = $this->getPdo()->prepare($query);
    565▕ 
    566▕             $this->bindValues($statement, $this->prepareBindings($bindings));
    567▕ 
    568▕             $this->recordsHaveBeenModified();

  1   vendor\laravel\framework\src\Illuminate\Database\Connection.php:564
  2   vendor\laravel\framework\src\Illuminate\Database\Connection.php:811

  ────────────────────────────────────────────────────────────────────────────────────────────────────────────────────  
   FAILED  Tests\Feature\Public\PublicPageTest > `navigasi publik` → it dapat navigasi dari beranda…   QueryException   
  SQLSTATE[HY000]: General error: 1 table articles has no column named is_published (Connection: sqlite, SQL: insert into "articles" ("user_id", "category_id", "title", "content", "thumbnail", "slug", "status", "published_at", "is_published", "updated_at", "created_at") values (2, 1, Artikel Kesehatan Test, Konten artikel kesehatan untuk testing, ?, artikel-kesehatan-test, Published, 2025-10-04 18:58:12, 1, 2026-05-03 16:19:52, 2026-05-03 16:19:52))

  at vendor\laravel\framework\src\Illuminate\Database\Connection.php:564
    560▕             if ($this->pretending()) {
    561▕                 return true;
    562▕             }
    563▕ 
  ➜ 564▕             $statement = $this->getPdo()->prepare($query);
    565▕ 
    566▕             $this->bindValues($statement, $this->prepareBindings($bindings));
    567▕ 
    568▕             $this->recordsHaveBeenModified();

  1   vendor\laravel\framework\src\Illuminate\Database\Connection.php:564
  2   vendor\laravel\framework\src\Illuminate\Database\Connection.php:811

  ────────────────────────────────────────────────────────────────────────────────────────────────────────────────────  
   FAILED  Tests\Feature\Public\PublicPageTest > `responsivitas halaman publik` → it halaman beranda…  QueryException   
  SQLSTATE[HY000]: General error: 1 table articles has no column named is_published (Connection: sqlite, SQL: insert into "articles" ("user_id", "category_id", "title", "content", "thumbnail", "slug", "status", "published_at", "is_published", "updated_at", "created_at") values (2, 1, Artikel Kesehatan Test, Konten artikel kesehatan untuk testing, ?, artikel-kesehatan-test, Published, 2025-07-22 15:15:37, 1, 2026-05-03 16:19:52, 2026-05-03 16:19:52))

  at vendor\laravel\framework\src\Illuminate\Database\Connection.php:564
    560▕             if ($this->pretending()) {
    561▕                 return true;
    562▕             }
    563▕ 
  ➜ 564▕             $statement = $this->getPdo()->prepare($query);
    565▕ 
    566▕             $this->bindValues($statement, $this->prepareBindings($bindings));
    567▕ 
    568▕             $this->recordsHaveBeenModified();

  1   vendor\laravel\framework\src\Illuminate\Database\Connection.php:564
  2   vendor\laravel\framework\src\Illuminate\Database\Connection.php:811

  ────────────────────────────────────────────────────────────────────────────────────────────────────────────────────  
   FAILED  Tests\Feature\Public\PublicPageTest > `responsivitas halaman publik` → it halaman artikel…  QueryException   
  SQLSTATE[HY000]: General error: 1 table articles has no column named is_published (Connection: sqlite, SQL: insert into "articles" ("user_id", "category_id", "title", "content", "thumbnail", "slug", "status", "published_at", "is_published", "updated_at", "created_at") values (2, 1, Artikel Kesehatan Test, Konten artikel kesehatan untuk testing, ?, artikel-kesehatan-test, Draft, ?, 1, 2026-05-03 16:19:52, 2026-05-03 16:19:52))

  at vendor\laravel\framework\src\Illuminate\Database\Connection.php:564
    560▕             if ($this->pretending()) {
    561▕                 return true;
    562▕             }
    563▕ 
  ➜ 564▕             $statement = $this->getPdo()->prepare($query);
    565▕ 
    566▕             $this->bindValues($statement, $this->prepareBindings($bindings));
    567▕ 
    568▕             $this->recordsHaveBeenModified();

  1   vendor\laravel\framework\src\Illuminate\Database\Connection.php:564
  2   vendor\laravel\framework\src\Illuminate\Database\Connection.php:811

  ────────────────────────────────────────────────────────────────────────────────────────────────────────────────────  
   FAILED  Tests\Feature\Public\PublicPageTest > `SEO dan metadata` → it halaman beranda memiliki ti…  QueryException   
  SQLSTATE[HY000]: General error: 1 table articles has no column named is_published (Connection: sqlite, SQL: insert into "articles" ("user_id", "category_id", "title", "content", "thumbnail", "slug", "status", "published_at", "is_published", "updated_at", "created_at") values (2, 1, Artikel Kesehatan Test, Konten artikel kesehatan untuk testing, ?, artikel-kesehatan-test, Published, ?, 1, 2026-05-03 16:19:52, 2026-05-03 16:19:52))

  at vendor\laravel\framework\src\Illuminate\Database\Connection.php:564
    560▕             if ($this->pretending()) {
    561▕                 return true;
    562▕             }
    563▕ 
  ➜ 564▕             $statement = $this->getPdo()->prepare($query);
    565▕ 
    566▕             $this->bindValues($statement, $this->prepareBindings($bindings));
    567▕ 
    568▕             $this->recordsHaveBeenModified();

  1   vendor\laravel\framework\src\Illuminate\Database\Connection.php:564
  2   vendor\laravel\framework\src\Illuminate\Database\Connection.php:811

  ────────────────────────────────────────────────────────────────────────────────────────────────────────────────────  
   FAILED  Tests\Feature\Public\PublicPageTest > `SEO dan metadata` → it halaman artikel memiliki ti…  QueryException   
  SQLSTATE[HY000]: General error: 1 table articles has no column named is_published (Connection: sqlite, SQL: insert into "articles" ("user_id", "category_id", "title", "content", "thumbnail", "slug", "status", "published_at", "is_published", "updated_at", "created_at") values (2, 1, Artikel Kesehatan Test, Konten artikel kesehatan untuk testing, ?, artikel-kesehatan-test, Draft, ?, 1, 2026-05-03 16:19:53, 2026-05-03 16:19:53))

  at vendor\laravel\framework\src\Illuminate\Database\Connection.php:564
    560▕             if ($this->pretending()) {
    561▕                 return true;
    562▕             }
    563▕ 
  ➜ 564▕             $statement = $this->getPdo()->prepare($query);
    565▕ 
    566▕             $this->bindValues($statement, $this->prepareBindings($bindings));
    567▕ 
    568▕             $this->recordsHaveBeenModified();

  1   vendor\laravel\framework\src\Illuminate\Database\Connection.php:564
  2   vendor\laravel\framework\src\Illuminate\Database\Connection.php:811

  ────────────────────────────────────────────────────────────────────────────────────────────────────────────────────  
   FAILED  Tests\Feature\Public\PublicPageTest > `SEO dan metadata` → it detail artikel memiliki tit…  QueryException   
  SQLSTATE[HY000]: General error: 1 table articles has no column named is_published (Connection: sqlite, SQL: insert into "articles" ("user_id", "category_id", "title", "content", "thumbnail", "slug", "status", "published_at", "is_published", "updated_at", "created_at") values (2, 1, Artikel Kesehatan Test, Konten artikel kesehatan untuk testing, ?, artikel-kesehatan-test, Published, 2025-09-17 12:27:40, 1, 2026-05-03 16:19:53, 2026-05-03 16:19:53))

  at vendor\laravel\framework\src\Illuminate\Database\Connection.php:564
    560▕             if ($this->pretending()) {
    561▕                 return true;
    562▕             }
    563▕ 
  ➜ 564▕             $statement = $this->getPdo()->prepare($query);
    565▕ 
    566▕             $this->bindValues($statement, $this->prepareBindings($bindings));
    567▕ 
    568▕             $this->recordsHaveBeenModified();

  1   vendor\laravel\framework\src\Illuminate\Database\Connection.php:564
  2   vendor\laravel\framework\src\Illuminate\Database\Connection.php:811

  ────────────────────────────────────────────────────────────────────────────────────────────────────────────────────  
   FAILED  Tests\Feature\Public\PublicPageTest > `keamanan halaman publik` → it halaman publik tidak…  QueryException   
  SQLSTATE[HY000]: General error: 1 table articles has no column named is_published (Connection: sqlite, SQL: insert into "articles" ("user_id", "category_id", "title", "content", "thumbnail", "slug", "status", "published_at", "is_published", "updated_at", "created_at") values (2, 1, Artikel Kesehatan Test, Konten artikel kesehatan untuk testing, ?, artikel-kesehatan-test, Draft, ?, 1, 2026-05-03 16:19:53, 2026-05-03 16:19:53))

  at vendor\laravel\framework\src\Illuminate\Database\Connection.php:564
    560▕             if ($this->pretending()) {
    561▕                 return true;
    562▕             }
    563▕ 
  ➜ 564▕             $statement = $this->getPdo()->prepare($query);
    565▕ 
    566▕             $this->bindValues($statement, $this->prepareBindings($bindings));
    567▕ 
    568▕             $this->recordsHaveBeenModified();

  1   vendor\laravel\framework\src\Illuminate\Database\Connection.php:564
  2   vendor\laravel\framework\src\Illuminate\Database\Connection.php:811

  ────────────────────────────────────────────────────────────────────────────────────────────────────────────────────  
   FAILED  Tests\Feature\Public\PublicPageTest > `keamanan halaman publik` → it halaman publik tidak…  QueryException   
  SQLSTATE[HY000]: General error: 1 table articles has no column named is_published (Connection: sqlite, SQL: insert into "articles" ("user_id", "category_id", "title", "content", "thumbnail", "slug", "status", "published_at", "is_published", "updated_at", "created_at") values (2, 1, Artikel Kesehatan Test, Konten artikel kesehatan untuk testing, ?, artikel-kesehatan-test, Published, ?, 1, 2026-05-03 16:19:53, 2026-05-03 16:19:53))

  at vendor\laravel\framework\src\Illuminate\Database\Connection.php:564
    560▕             if ($this->pretending()) {
    561▕                 return true;
    562▕             }
    563▕ 
  ➜ 564▕             $statement = $this->getPdo()->prepare($query);
    565▕ 
    566▕             $this->bindValues($statement, $this->prepareBindings($bindings));
    567▕ 
    568▕             $this->recordsHaveBeenModified();

  1   vendor\laravel\framework\src\Illuminate\Database\Connection.php:564
  2   vendor\laravel\framework\src\Illuminate\Database\Connection.php:811

  ────────────────────────────────────────────────────────────────────────────────────────────────────────────────────  
   FAILED  Tests\Feature\Public\PublicPageTest > `error handling` → it menampilkan 404 untuk halaman…  QueryException   
  SQLSTATE[HY000]: General error: 1 table articles has no column named is_published (Connection: sqlite, SQL: insert into "articles" ("user_id", "category_id", "title", "content", "thumbnail", "slug", "status", "published_at", "is_published", "updated_at", "created_at") values (2, 1, Artikel Kesehatan Test, Konten artikel kesehatan untuk testing, ?, artikel-kesehatan-test, Draft, 2025-06-06 09:26:55, 1, 2026-05-03 16:19:53, 2026-05-03 16:19:53))

  at vendor\laravel\framework\src\Illuminate\Database\Connection.php:564
    560▕             if ($this->pretending()) {
    561▕                 return true;
    562▕             }
    563▕ 
  ➜ 564▕             $statement = $this->getPdo()->prepare($query);
    565▕ 
    566▕             $this->bindValues($statement, $this->prepareBindings($bindings));
    567▕ 
    568▕             $this->recordsHaveBeenModified();

  1   vendor\laravel\framework\src\Illuminate\Database\Connection.php:564
  2   vendor\laravel\framework\src\Illuminate\Database\Connection.php:811

  ────────────────────────────────────────────────────────────────────────────────────────────────────────────────────  
   FAILED  Tests\Feature\Public\PublicPageTest > `error handling` → it menampilkan 404 untuk artikel…  QueryException   
  SQLSTATE[HY000]: General error: 1 table articles has no column named is_published (Connection: sqlite, SQL: insert into "articles" ("user_id", "category_id", "title", "content", "thumbnail", "slug", "status", "published_at", "is_published", "updated_at", "created_at") values (2, 1, Artikel Kesehatan Test, Konten artikel kesehatan untuk testing, ?, artikel-kesehatan-test, Published, 2026-01-04 09:41:59, 1, 2026-05-03 16:19:53, 2026-05-03 16:19:53))

  at vendor\laravel\framework\src\Illuminate\Database\Connection.php:564
    560▕             if ($this->pretending()) {
    561▕                 return true;
    562▕             }
    563▕ 
  ➜ 564▕             $statement = $this->getPdo()->prepare($query);
    565▕ 
    566▕             $this->bindValues($statement, $this->prepareBindings($bindings));
    567▕ 
    568▕             $this->recordsHaveBeenModified();

  1   vendor\laravel\framework\src\Illuminate\Database\Connection.php:564
  2   vendor\laravel\framework\src\Illuminate\Database\Connection.php:811


  Tests:    140 failed, 71 passed (145 assertions)
  Duration: 21.34s

